Component: ARM Compiler 5.05 update 1 (build 106) Tool: armlink [4d0efa]

==============================================================================

Section Cross References

    startup_stm32f427xx.o(RESET) refers to startup_stm32f427xx.o(STACK) for __initial_sp
    startup_stm32f427xx.o(RESET) refers to startup_stm32f427xx.o(.text) for Reset_Handler
    startup_stm32f427xx.o(RESET) refers to stm32f4xx_it.o(i.NMI_Handler) for NMI_Handler
    startup_stm32f427xx.o(RESET) refers to stm32f4xx_it.o(i.HardFault_Handler) for HardFault_Handler
    startup_stm32f427xx.o(RESET) refers to stm32f4xx_it.o(i.MemManage_Handler) for MemManage_Handler
    startup_stm32f427xx.o(RESET) refers to stm32f4xx_it.o(i.BusFault_Handler) for BusFault_Handler
    startup_stm32f427xx.o(RESET) refers to stm32f4xx_it.o(i.UsageFault_Handler) for UsageFault_Handler
    startup_stm32f427xx.o(RESET) refers to port.o(.emb_text) for SVC_Handler
    startup_stm32f427xx.o(RESET) refers to stm32f4xx_it.o(i.DebugMon_Handler) for DebugMon_Handler
    startup_stm32f427xx.o(RESET) refers to port.o(i.SysTick_Handler) for SysTick_Handler
    startup_stm32f427xx.o(RESET) refers to can1_motor.o(i.CAN1_RX0_IRQHandler) for CAN1_RX0_IRQHandler
    startup_stm32f427xx.o(RESET) refers to stm32f4xx_it.o(i.TIM1_UP_TIM10_IRQHandler) for TIM1_UP_TIM10_IRQHandler
    startup_stm32f427xx.o(RESET) refers to encoder.o(i.TIM2_IRQHandler) for TIM2_IRQHandler
    startup_stm32f427xx.o(RESET) refers to encoder.o(i.TIM4_IRQHandler) for TIM4_IRQHandler
    startup_stm32f427xx.o(RESET) refers to stm32f4xx_it.o(i.USART1_IRQHandler) for USART1_IRQHandler
    startup_stm32f427xx.o(RESET) refers to stm32f4xx_it.o(i.USART3_IRQHandler) for USART3_IRQHandler
    startup_stm32f427xx.o(RESET) refers to encoder.o(i.TIM5_IRQHandler) for TIM5_IRQHandler
    startup_stm32f427xx.o(RESET) refers to tim_hll.o(i.TIM7_IRQHandler) for TIM7_IRQHandler
    startup_stm32f427xx.o(RESET) refers to stm32f4xx_it.o(i.DMA2_Stream1_IRQHandler) for DMA2_Stream1_IRQHandler
    startup_stm32f427xx.o(RESET) refers to stm32f4xx_it.o(i.USART6_IRQHandler) for USART6_IRQHandler
    startup_stm32f427xx.o(.text) refers to system_stm32f4xx.o(i.SystemInit) for SystemInit
    startup_stm32f427xx.o(.text) refers to entry.o(.ARM.Collect$$$$00000000) for __main
    main.o(i.HAL_TIM_PeriodElapsedCallback) refers to stm32f4xx_hal.o(i.HAL_IncTick) for HAL_IncTick
    main.o(i.SystemClock_Config) refers to stm32f4xx_ll_utils.o(i.LL_SetSystemCoreClock) for LL_SetSystemCoreClock
    main.o(i.SystemClock_Config) refers to stm32f4xx_hal_timebase_tim.o(i.HAL_InitTick) for HAL_InitTick
    main.o(i.main) refers to stm32f4xx_hal.o(i.HAL_Init) for HAL_Init
    main.o(i.main) refers to main.o(i.SystemClock_Config) for SystemClock_Config
    main.o(i.main) refers to gpio.o(i.MX_GPIO_Init) for MX_GPIO_Init
    main.o(i.main) refers to dma.o(i.MX_DMA_Init) for MX_DMA_Init
    main.o(i.main) refers to usart.o(i.MX_USART1_UART_Init) for MX_USART1_UART_Init
    main.o(i.main) refers to tim.o(i.MX_TIM2_Init) for MX_TIM2_Init
    main.o(i.main) refers to tim.o(i.MX_TIM4_Init) for MX_TIM4_Init
    main.o(i.main) refers to tim.o(i.MX_TIM5_Init) for MX_TIM5_Init
    main.o(i.main) refers to usart.o(i.MX_USART3_UART_Init) for MX_USART3_UART_Init
    main.o(i.main) refers to tim.o(i.MX_TIM3_Init) for MX_TIM3_Init
    main.o(i.main) refers to tim.o(i.MX_TIM8_Init) for MX_TIM8_Init
    main.o(i.main) refers to tim.o(i.MX_TIM7_Init) for MX_TIM7_Init
    main.o(i.main) refers to usart.o(i.MX_USART6_UART_Init) for MX_USART6_UART_Init
    main.o(i.main) refers to tim.o(i.MX_TIM12_Init) for MX_TIM12_Init
    main.o(i.main) refers to init_task.o(i.All_Init) for All_Init
    main.o(i.main) refers to tasks.o(i.xTaskCreate) for xTaskCreate
    main.o(i.main) refers to tasks.o(i.vTaskStartScheduler) for vTaskStartScheduler
    main.o(i.main) refers to start_task.o(.data) for StartTask_Handler
    main.o(i.main) refers to start_task.o(i.Start_Task) for Start_Task
    gpio.o(i.MX_GPIO_Init) refers to memseta.o(.text) for __aeabi_memclr4
    gpio.o(i.MX_GPIO_Init) refers to gpio.o(i.LL_AHB1_GRP1_EnableClock) for LL_AHB1_GRP1_EnableClock
    gpio.o(i.MX_GPIO_Init) refers to stm32f4xx_ll_gpio.o(i.LL_GPIO_Init) for LL_GPIO_Init
    dma.o(i.MX_DMA_Init) refers to dma.o(i.NVIC_EncodePriority) for NVIC_EncodePriority
    dma.o(i.MX_DMA_Init) refers to dma.o(i.NVIC_SetPriority) for NVIC_SetPriority
    dma.o(i.MX_DMA_Init) refers to dma.o(i.NVIC_EnableIRQ) for NVIC_EnableIRQ
    tim.o(i.LL_TIM_IC_SetActiveInput) refers to tim.o(.constdata) for .constdata
    tim.o(i.LL_TIM_IC_SetFilter) refers to tim.o(.constdata) for .constdata
    tim.o(i.LL_TIM_IC_SetPolarity) refers to tim.o(.constdata) for .constdata
    tim.o(i.LL_TIM_IC_SetPrescaler) refers to tim.o(.constdata) for .constdata
    tim.o(i.LL_TIM_OC_DisableFast) refers to tim.o(.constdata) for .constdata
    tim.o(i.LL_TIM_OC_EnablePreload) refers to tim.o(.constdata) for .constdata
[...]
    i.usart6_base_init                       0x08004a10   Section        0  usart_hll.o(i.usart6_base_init)
    i.uxListRemove                           0x08004a64   Section        0  list.o(i.uxListRemove)
    i.vListInitialise                        0x08004a8a   Section        0  list.o(i.vListInitialise)
    i.vListInitialiseItem                    0x08004aa0   Section        0  list.o(i.vListInitialiseItem)
    i.vListInsert                            0x08004aa6   Section        0  list.o(i.vListInsert)
    i.vListInsertEnd                         0x08004ad6   Section        0  list.o(i.vListInsertEnd)
    i.vPortEnterCritical                     0x08004af0   Section        0  port.o(i.vPortEnterCritical)
    i.vPortExitCritical                      0x08004b68   Section        0  port.o(i.vPortExitCritical)
    i.vPortFree                              0x08004bcc   Section        0  heap_4.o(i.vPortFree)
    i.vPortSetupTimerInterrupt               0x08004c6c   Section        0  port.o(i.vPortSetupTimerInterrupt)
    i.vPortValidateInterruptPriority         0x08004c90   Section        0  port.o(i.vPortValidateInterruptPriority)
    i.vTaskDelay                             0x08004d1c   Section        0  tasks.o(i.vTaskDelay)
    i.vTaskDelete                            0x08004d88   Section        0  tasks.o(i.vTaskDelete)
    i.vTaskInternalSetTimeOutState           0x08004e5c   Section        0  tasks.o(i.vTaskInternalSetTimeOutState)
    i.vTaskMissedYield                       0x08004e6c   Section        0  tasks.o(i.vTaskMissedYield)
    i.vTaskPlaceOnEventList                  0x08004e78   Section        0  tasks.o(i.vTaskPlaceOnEventList)
    i.vTaskPriorityDisinheritAfterTimeout    0x08004ecc   Section        0  tasks.o(i.vTaskPriorityDisinheritAfterTimeout)
    i.vTaskStartScheduler                    0x08004fb0   Section        0  tasks.o(i.vTaskStartScheduler)
    i.vTaskSuspendAll                        0x08005038   Section        0  tasks.o(i.vTaskSuspendAll)
    i.vTaskSwitchContext                     0x08005048   Section        0  tasks.o(i.vTaskSwitchContext)
    i.xPortStartScheduler                    0x080050c4   Section        0  port.o(i.xPortStartScheduler)
    i.xQueueGenericCreate                    0x080051e8   Section        0  queue.o(i.xQueueGenericCreate)
    i.xQueueGenericReset                     0x08005264   Section        0  queue.o(i.xQueueGenericReset)
    i.xQueueGenericSend                      0x08005334   Section        0  queue.o(i.xQueueGenericSend)
    i.xQueueGiveFromISR                      0x080054c0   Section        0  queue.o(i.xQueueGiveFromISR)
    i.xQueueReceive                          0x08005590   Section        0  queue.o(i.xQueueReceive)
    i.xQueueSemaphoreTake                    0x080056e0   Section        0  queue.o(i.xQueueSemaphoreTake)
    i.xTaskCheckForTimeOut                   0x0800586c   Section        0  tasks.o(i.xTaskCheckForTimeOut)
    i.xTaskCreate                            0x08005904   Section        0  tasks.o(i.xTaskCreate)
    i.xTaskGenericNotifyFromISR              0x0800595c   Section        0  tasks.o(i.xTaskGenericNotifyFromISR)
    i.xTaskGetSchedulerState                 0x08005af0   Section        0  tasks.o(i.xTaskGetSchedulerState)
    i.xTaskIncrementTick                     0x08005b0c   Section        0  tasks.o(i.xTaskIncrementTick)
    i.xTaskPriorityDisinherit                0x08005c64   Section        0  tasks.o(i.xTaskPriorityDisinherit)
    i.xTaskPriorityInherit                   0x08005d38   Section        0  tasks.o(i.xTaskPriorityInherit)
    i.xTaskRemoveFromEventList               0x08005de8   Section        0  tasks.o(i.xTaskRemoveFromEventList)
    i.xTaskResumeAll                         0x08005ee4   Section        0  tasks.o(i.xTaskResumeAll)
    .constdata                               0x08006034   Section       28  tim.o(.constdata)
    OFFSET_TAB_CCMRx                         0x08006034   Data           7  tim.o(.constdata)
    SHIFT_TAB_OCxx                           0x0800603b   Data           7  tim.o(.constdata)
    SHIFT_TAB_ICxx                           0x08006042   Data           7  tim.o(.constdata)
    SHIFT_TAB_CCxP                           0x08006049   Data           7  tim.o(.constdata)
    .constdata                               0x08006050   Section        8  usart.o(.constdata)
    STREAM_OFFSET_TAB                        0x08006050   Data           8  usart.o(.constdata)
    .constdata                               0x08006058   Section       16  system_stm32f4xx.o(.constdata)
    .constdata                               0x08006068   Section        8  system_stm32f4xx.o(.constdata)
    .constdata                               0x08006070   Section        8  usart_hll.o(.constdata)
    STREAM_OFFSET_TAB                        0x08006070   Data           8  usart_hll.o(.constdata)
    .constdata                               0x08006078   Section      768  crc_check.o(.constdata)
    .data                                    0x20000000   Section       12  stm32f4xx_hal.o(.data)
    .data                                    0x2000000c   Section        4  system_stm32f4xx.o(.data)
    .data                                    0x20000010   Section       24  tim_hll.o(.data)
    .data                                    0x20000028   Section        4  usart_hll.o(.data)
    uart6_rx_length                          0x20000028   Data           1  usart_hll.o(.data)
    usart1_dma_rxd_data_len                  0x2000002a   Data           2  usart_hll.o(.data)
    .data                                    0x2000002c   Section       12  judge_task.o(.data)
    judge_buf_len                            0x2000002c   Data           4  judge_task.o(.data)
    judge_buf                                0x20000034   Data           4  judge_task.o(.data)
    .data                                    0x20000038   Section       24  remoter_task.o(.data)
    rx_available_bufx                        0x20000038   Data           1  remoter_task.o(.data)
    rc_data_update_semaphore                 0x2000003c   Data           4  remoter_task.o(.data)
    rc_rx_buf                                0x20000048   Data           8  remoter_task.o(.data)
    .data                                    0x20000050   Section        4  remoter_task.o(.data)
    .data                                    0x20000054   Section        1  remoter_task.o(.data)
    .data                                    0x20000058   Section        4  start_task.o(.data)
    .data                                    0x2000005c   Section        4  buzzer_task.o(.data)
    .data                                    0x20000060   Section        4  buzzer_task.o(.data)
    buzzer_queue                             0x20000060   Data           4  buzzer_task.o(.data)
    .data                                    0x20000064   Section       12  chassis_task.o(.data)
    chassis_motor_dynamic_rate               0x20000064   Data           4  chassis_task.o(.data)
    remoter_control                          0x20000068   Data           4  chassis_task.o(.data)
    chassis_robot_mode                       0x2000006c   Data           4  chassis_task.o(.data)
    .data                                    0x20000070   Section        4  chassis_task.o(.data)
    .data                                    0x20000074   Section       16  function_task.o(.data)
    remoter_control                          0x20000078   Data           4  function_task.o(.data)
    function_robot_mode                      0x2000007c   Data           4  function_task.o(.data)
    .data                                    0x20000084   Section        4  function_task.o(.data)
    .data                                    0x20000088   Section        4  over_chip_task.o(.data)
    .data                                    0x2000008c   Section       64  tasks.o(.data)
    uxDeletedTasksWaitingCleanUp             0x20000090   Data           4  tasks.o(.data)
    uxCurrentNumberOfTasks                   0x20000094   Data           4  tasks.o(.data)
    xTickCount                               0x20000098   Data           4  tasks.o(.data)
    uxTopReadyPriority                       0x2000009c   Data           4  tasks.o(.data)
    xSchedulerRunning                        0x200000a0   Data           4  tasks.o(.data)
    xPendedTicks                             0x200000a4   Data           4  tasks.o(.data)
    xYieldPending                            0x200000a8   Data           4  tasks.o(.data)
    xNumOfOverflows                          0x200000ac   Data           4  tasks.o(.data)
    uxTaskNumber                             0x200000b0   Data           4  tasks.o(.data)
    xNextTaskUnblockTime                     0x200000b4   Data           4  tasks.o(.data)
    xIdleTaskHandle                          0x200000b8   Data           4  tasks.o(.data)
    uxSchedulerSuspended                     0x200000c0   Data           4  tasks.o(.data)
    pxDelayedTaskList                        0x200000c4   Data           4  tasks.o(.data)
    pxOverflowDelayedTaskList                0x200000c8   Data           4  tasks.o(.data)
    .data                                    0x200000cc   Section       32  heap_4.o(.data)
    pxEnd                                    0x200000cc   Data           4  heap_4.o(.data)
    xFreeBytesRemaining                      0x200000d0   Data           4  heap_4.o(.data)
    xMinimumEverFreeBytesRemaining           0x200000d4   Data           4  heap_4.o(.data)
    xNumberOfSuccessfulAllocations           0x200000d8   Data           4  heap_4.o(.data)
    xNumberOfSuccessfulFrees                 0x200000dc   Data           4  heap_4.o(.data)
    xBlockAllocatedBit                       0x200000e0   Data           4  heap_4.o(.data)
    xStart                                   0x200000e4   Data           8  heap_4.o(.data)
    .data                                    0x200000ec   Section       12  port.o(.data)
    ucMaxSysCallPriority                     0x200000ec   Data           1  port.o(.data)
    uxCriticalNesting                        0x200000f0   Data           4  port.o(.data)
    ulMaxPRIGROUPValue                       0x200000f4   Data           4  port.o(.data)
    .data                                    0x200000f8   Section      280  can1_motor.o(.data)
    motor_ampere                             0x200000f8   Data           8  can1_motor.o(.data)
    motor_fl_speed_pid                       0x20000100   Data          68  can1_motor.o(.data)
    motor_fr_speed_pid                       0x20000144   Data          68  can1_motor.o(.data)
    motor_bl_speed_pid                       0x20000188   Data          68  can1_motor.o(.data)
    motor_br_speed_pid                       0x200001cc   Data          68  can1_motor.o(.data)
    .data                                    0x20000210   Section      144  can2_motor.o(.data)
    motor_ampere                             0x20000210   Data           8  can2_motor.o(.data)
    motor_overturn_speed_pid                 0x20000218   Data          68  can2_motor.o(.data)
    motor_overturn_angle_pid                 0x2000025c   Data          68  can2_motor.o(.data)
    .data                                    0x200002a0   Section       12  function.o(.data)
    .data                                    0x200002ac   Section      340  motor_550.o(.data)
    motor550_l_speed_pid                     0x200002ac   Data          68  motor_550.o(.data)
    motor550_l_angle_pid                     0x200002f0   Data          68  motor_550.o(.data)
    motor550_r_speed_pid                     0x20000334   Data          68  motor_550.o(.data)
    motor550_r_angle_pid                     0x20000378   Data          68  motor_550.o(.data)
    motor550_s_speed_pid                     0x200003bc   Data          68  motor_550.o(.data)
    .data                                    0x20000400   Section        2  crc_check.o(.data)
    .data                                    0x20000404   Section        4  stdout.o(.data)
    .bss                                     0x20000408   Section       64  stm32f4xx_hal_timebase_tim.o(.bss)
    .bss                                     0x20000448   Section      200  usart_hll.o(.bss)
    rc_rx_buf0                               0x20000448   Data          36  usart_hll.o(.bss)
    rc_rx_buf1                               0x2000046c   Data          36  usart_hll.o(.bss)
    uart6_rx_buf                             0x20000490   Data         128  usart_hll.o(.bss)
    .bss                                     0x20000510   Section      128  detect_task.o(.bss)
    module_status                            0x20000510   Data         128  detect_task.o(.bss)
    .bss                                     0x20000590   Section      128  judge_task.o(.bss)
    judge_buf_copy                           0x20000590   Data         128  judge_task.o(.bss)
    .bss                                     0x20000610   Section       60  remoter_task.o(.bss)
    last_time_rc                             0x2000062e   Data          30  remoter_task.o(.bss)
    .bss                                     0x2000064c   Section       16  chassis_task.o(.bss)
    .bss                                     0x2000065c   Section      740  tasks.o(.bss)
    pxReadyTasksLists                        0x2000065c   Data         640  tasks.o(.bss)
    xDelayedTaskList1                        0x200008dc   Data          20  tasks.o(.bss)
    xDelayedTaskList2                        0x200008f0   Data          20  tasks.o(.bss)
    xPendingReadyList                        0x20000904   Data          20  tasks.o(.bss)
    xTasksWaitingTermination                 0x20000918   Data          20  tasks.o(.bss)
    xSuspendedTaskList                       0x2000092c   Data          20  tasks.o(.bss)
    .bss                                     0x20000940   Section    47104  heap_4.o(.bss)
    ucHeap                                   0x20000940   Data       47104  heap_4.o(.bss)
    .bss                                     0x2000c140   Section       32  can1_motor.o(.bss)
    chassis_motor                            0x2000c140   Data          32  can1_motor.o(.bss)
    .bss                                     0x2000c160   Section       28  can2_motor.o(.bss)
    .bss                                     0x2000c17c   Section       50  judge_system.o(.bss)
    judge_data                               0x2000c17c   Data          50  judge_system.o(.bss)
    STACK                                    0x2000c1b0   Section     1024  startup_stm32f427xx.o(STACK)

    Global Symbols

    Symbol Name                              Value     Ov Type        Size  Object(Section)

    BuildAttributes$$THM_ISAv4$E$P$D$K$B$S$7EM$VFPi3$EXTD16$VFPS$VFMA$PE$A:L22UL41UL21$X:L11$S22US41US21$IEEE1$IW$USESV6$~STKCKD$USESV7$~SHL$OTIME$ROPI$EBA8$MICROLIB$REQ8$PRES8$EABIv2 0x00000000   Number         0  anon$$obj.o ABSOLUTE
    __ARM_use_no_argv                        0x00000000   Number         0  main.o ABSOLUTE
    _printf_a                                0x00000000   Number         0  stubs.o ABSOLUTE
    _printf_c                                0x00000000   Number         0  stubs.o ABSOLUTE
    _printf_charcount                        0x00000000   Number         0  stubs.o ABSOLUTE
    _printf_d                                0x00000000   Number         0  stubs.o ABSOLUTE
    _printf_e                                0x00000000   Number         0  stubs.o ABSOLUTE
    _printf_f                                0x00000000   Number         0  stubs.o ABSOLUTE
    _printf_flags                            0x00000000   Number         0  stubs.o ABSOLUTE
    _printf_fp_dec                           0x00000000   Number         0  stubs.o ABSOLUTE
    _printf_fp_hex                           0x00000000   Number         0  stubs.o ABSOLUTE
    _printf_g                                0x00000000   Number         0  stubs.o ABSOLUTE
    _printf_i                                0x00000000   Number         0  stubs.o ABSOLUTE
    _printf_int_dec                          0x00000000   Number         0  stubs.o ABSOLUTE
    _printf_l                                0x00000000   Number         0  stubs.o ABSOLUTE
    _printf_lc                               0x00000000   Number         0  stubs.o ABSOLUTE
    _printf_ll                               0x00000000   Number         0  stubs.o ABSOLUTE
    _printf_lld                              0x00000000   Number         0  stubs.o ABSOLUTE
    _printf_lli                              0x00000000   Number         0  stubs.o ABSOLUTE
    _printf_llo                              0x00000000   Number         0  stubs.o ABSOLUTE
    _printf_llu                              0x00000000   Number         0  stubs.o ABSOLUTE
    _printf_llx                              0x00000000   Number         0  stubs.o ABSOLUTE
    _printf_longlong_dec                     0x00000000   Number         0  stubs.o ABSOLUTE
    _printf_longlong_hex                     0x00000000   Number         0  stubs.o ABSOLUTE
    _printf_longlong_oct                     0x00000000   Number         0  stubs.o ABSOLUTE
    _printf_ls                               0x00000000   Number         0  stubs.o ABSOLUTE
    _printf_mbtowc                           0x00000000   Number         0  stubs.o ABSOLUTE
    _printf_n                                0x00000000   Number         0  stubs.o ABSOLUTE
    _printf_o                                0x00000000   Number         0  stubs.o ABSOLUTE
    _printf_p                                0x00000000   Number         0  stubs.o ABSOLUTE
    _printf_percent                          0x00000000   Number         0  stubs.o ABSOLUTE
    _printf_pre_padding                      0x00000000   Number         0  stubs.o ABSOLUTE
    _printf_return_value                     0x00000000   Number         0  stubs.o ABSOLUTE
    _printf_s                                0x00000000   Number         0  stubs.o ABSOLUTE
    _printf_sizespec                         0x00000000   Number         0  stubs.o ABSOLUTE
    _printf_str                              0x00000000   Number         0  stubs.o ABSOLUTE
    _printf_truncate_signed                  0x00000000   Number         0  stubs.o ABSOLUTE
    _printf_truncate_unsigned                0x00000000   Number         0  stubs.o ABSOLUTE
    _printf_u                                0x00000000   Number         0  stubs.o ABSOLUTE
    _printf_wc                               0x00000000   Number         0  stubs.o ABSOLUTE
    _printf_wctomb                           0x00000000   Number         0  stubs.o ABSOLUTE
    _printf_widthprec                        0x00000000   Number         0  stubs.o ABSOLUTE
    _printf_x                                0x00000000   Number         0  stubs.o ABSOLUTE
    __cpp_initialize__aeabi_                  - Undefined Weak Reference
    __cxa_finalize                            - Undefined Weak Reference
    _clock_init                               - Undefined Weak Reference
    _microlib_exit                            - Undefined Weak Reference
    __Vectors_Size                           0x000001ac   Number         0  startup_stm32f427xx.o ABSOLUTE
    __Vectors                                0x08000000   Data           4  startup_stm32f427xx.o(RESET)
    __Vectors_End                            0x080001ac   Data           0  startup_stm32f427xx.o(RESET)
    __main                                   0x080001ad   Thumb Code     0  entry.o(.ARM.Collect$$$$00000000)
    _main_stk                                0x080001ad   Thumb Code     0  entry2.o(.ARM.Collect$$$$00000001)
    _main_scatterload                        0x080001b1   Thumb Code     0  entry5.o(.ARM.Collect$$$$00000004)
    __main_after_scatterload                 0x080001b5   Thumb Code     0  entry5.o(.ARM.Collect$$$$00000004)
    _main_clock                              0x080001b5   Thumb Code     0  entry7b.o(.ARM.Collect$$$$00000008)
    _main_cpp_init                           0x080001b5   Thumb Code     0  entry8b.o(.ARM.Collect$$$$0000000A)
    _main_init                               0x080001b5   Thumb Code     0  entry9a.o(.ARM.Collect$$$$0000000B)
    __rt_final_cpp                           0x080001bd   Thumb Code     0  entry10a.o(.ARM.Collect$$$$0000000D)
    __rt_final_exit                          0x080001bd   Thumb Code     0  entry11a.o(.ARM.Collect$$$$0000000F)
    SVC_Handler                              0x080001c1   Thumb Code    28  port.o(.emb_text)
    __asm___6_port_c_39a90d8d__prvStartFirstTask 0x080001e1   Thumb Code    36  port.o(.emb_text)
    __asm___6_port_c_39a90d8d__prvEnableVFP  0x08000209   Thumb Code    16  port.o(.emb_text)
    PendSV_Handler                           0x0800021d   Thumb Code    88  port.o(.emb_text)
    vPortGetIPSR                             0x08000279   Thumb Code     6  port.o(.emb_text)
    Reset_Handler                            0x08000281   Thumb Code     8  startup_stm32f427xx.o(.text)
    ADC_IRQHandler                           0x0800029b   Thumb Code     0  startup_stm32f427xx.o(.text)
    CAN1_RX1_IRQHandler                      0x0800029b   Thumb Code     0  startup_stm32f427xx.o(.text)
    CAN1_SCE_IRQHandler                      0x0800029b   Thumb Code     0  startup_stm32f427xx.o(.text)
    CAN1_TX_IRQHandler                       0x0800029b   Thumb Code     0  startup_stm32f427xx.o(.text)
    CAN2_RX0_IRQHandler                      0x0800029b   Thumb Code     0  startup_stm32f427xx.o(.text)
    CAN2_RX1_IRQHandler                      0x0800029b   Thumb Code     0  startup_stm32f427xx.o(.text)
    CAN2_SCE_IRQHandler                      0x0800029b   Thumb Code     0  startup_stm32f427xx.o(.text)
    CAN2_TX_IRQHandler                       0x0800029b   Thumb Code     0  startup_stm32f427xx.o(.text)
    DCMI_IRQHandler                          0x0800029b   Thumb Code     0  startup_stm32f427xx.o(.text)
    DMA1_Stream0_IRQHandler                  0x0800029b   Thumb Code     0  startup_stm32f427xx.o(.text)
    DMA1_Stream1_IRQHandler                  0x0800029b   Thumb Code     0  startup_stm32f427xx.o(.text)
    DMA1_Stream2_IRQHandler                  0x0800029b   Thumb Code     0  startup_stm32f427xx.o(.text)
    DMA1_Stream3_IRQHandler                  0x0800029b   Thumb Code     0  startup_stm32f427xx.o(.text)
    DMA1_Stream4_IRQHandler                  0x0800029b   Thumb Code     0  startup_stm32f427xx.o(.text)
    DMA1_Stream5_IRQHandler                  0x0800029b   Thumb Code     0  startup_stm32f427xx.o(.text)
    DMA1_Stream6_IRQHandler                  0x0800029b   Thumb Code     0  startup_stm32f427xx.o(.text)
    DMA1_Stream7_IRQHandler                  0x0800029b   Thumb Code     0  startup_stm32f427xx.o(.text)
    DMA2D_IRQHandler                         0x0800029b   Thumb Code     0  startup_stm32f427xx.o(.text)
    DMA2_Stream0_IRQHandler                  0x0800029b   Thumb Code     0  startup_stm32f427xx.o(.text)
    DMA2_Stream2_IRQHandler                  0x0800029b   Thumb Code     0  startup_stm32f427xx.o(.text)
    DMA2_Stream3_IRQHandler                  0x0800029b   Thumb Code     0  startup_stm32f427xx.o(.text)
    DMA2_Stream4_IRQHandler                  0x0800029b   Thumb Code     0  startup_stm32f427xx.o(.text)
    DMA2_Stream5_IRQHandler                  0x0800029b   Thumb Code     0  startup_stm32f427xx.o(.text)
    DMA2_Stream6_IRQHandler                  0x0800029b   Thumb Code     0  startup_stm32f427xx.o(.text)
    DMA2_Stream7_IRQHandler                  0x0800029b   Thumb Code     0  startup_stm32f427xx.o(.text)
    ETH_IRQHandler                           0x0800029b   Thumb Code     0  startup_stm32f427xx.o(.text)
    ETH_WKUP_IRQHandler                      0x0800029b   Thumb Code     0  startup_stm32f427xx.o(.text)
    EXTI0_IRQHandler                         0x0800029b   Thumb Code     0  startup_stm32f427xx.o(.text)
    EXTI15_10_IRQHandler                     0x0800029b   Thumb Code     0  startup_stm32f427xx.o(.text)
    EXTI1_IRQHandler                         0x0800029b   Thumb Code     0  startup_stm32f427xx.o(.text)
    EXTI2_IRQHandler                         0x0800029b   Thumb Code     0  startup_stm32f427xx.o(.text)
    EXTI3_IRQHandler                         0x0800029b   Thumb Code     0  startup_stm32f427xx.o(.text)
    EXTI4_IRQHandler                         0x0800029b   Thumb Code     0  startup_stm32f427xx.o(.text)
    EXTI9_5_IRQHandler                       0x0800029b   Thumb Code     0  startup_stm32f427xx.o(.text)
    FLASH_IRQHandler                         0x0800029b   Thumb Code     0  startup_stm32f427xx.o(.text)
    FMC_IRQHandler                           0x0800029b   Thumb Code     0  startup_stm32f427xx.o(.text)
    FPU_IRQHandler                           0x0800029b   Thumb Code     0  startup_stm32f427xx.o(.text)
    HASH_RNG_IRQHandler                      0x0800029b   Thumb Code     0  startup_stm32f427xx.o(.text)
    I2C1_ER_IRQHandler                       0x0800029b   Thumb Code     0  startup_stm32f427xx.o(.text)
    I2C1_EV_IRQHandler                       0x0800029b   Thumb Code     0  startup_stm32f427xx.o(.text)
    I2C2_ER_IRQHandler                       0x0800029b   Thumb Code     0  startup_stm32f427xx.o(.text)
    I2C2_EV_IRQHandler                       0x0800029b   Thumb Code     0  startup_stm32f427xx.o(.text)
    I2C3_ER_IRQHandler                       0x0800029b   Thumb Code     0  startup_stm32f427xx.o(.text)
    I2C3_EV_IRQHandler                       0x0800029b   Thumb Code     0  startup_stm32f427xx.o(.text)
    OTG_FS_IRQHandler                        0x0800029b   Thumb Code     0  startup_stm32f427xx.o(.text)
    OTG_FS_WKUP_IRQHandler                   0x0800029b   Thumb Code     0  startup_stm32f427xx.o(.text)
    OTG_HS_EP1_IN_IRQHandler                 0x0800029b   Thumb Code     0  startup_stm32f427xx.o(.text)
    OTG_HS_EP1_OUT_IRQHandler                0x0800029b   Thumb Code     0  startup_stm32f427xx.o(.text)
    OTG_HS_IRQHandler                        0x0800029b   Thumb Code     0  startup_stm32f427xx.o(.text)
    OTG_HS_WKUP_IRQHandler                   0x0800029b   Thumb Code     0  startup_stm32f427xx.o(.text)
    PVD_IRQHandler                           0x0800029b   Thumb Code     0  startup_stm32f427xx.o(.text)
    RCC_IRQHandler                           0x0800029b   Thumb Code     0  startup_stm32f427xx.o(.text)
    RTC_Alarm_IRQHandler                     0x0800029b   Thumb Code     0  startup_stm32f427xx.o(.text)
    RTC_WKUP_IRQHandler                      0x0800029b   Thumb Code     0  startup_stm32f427xx.o(.text)
    SAI1_IRQHandler                          0x0800029b   Thumb Code     0  startup_stm32f427xx.o(.text)
    SDIO_IRQHandler                          0x0800029b   Thumb Code     0  startup_stm32f427xx.o(.text)
    SPI1_IRQHandler                          0x0800029b   Thumb Code     0  startup_stm32f427xx.o(.text)
    SPI2_IRQHandler                          0x0800029b   Thumb Code     0  startup_stm32f427xx.o(.text)
    SPI3_IRQHandler                          0x0800029b   Thumb Code     0  startup_stm32f427xx.o(.text)
    SPI4_IRQHandler                          0x0800029b   Thumb Code     0  startup_stm32f427xx.o(.text)
    SPI5_IRQHandler                          0x0800029b   Thumb Code     0  startup_stm32f427xx.o(.text)
    SPI6_IRQHandler                          0x0800029b   Thumb Code     0  startup_stm32f427xx.o(.text)
    TAMP_STAMP_IRQHandler                    0x0800029b   Thumb Code     0  startup_stm32f427xx.o(.text)
    TIM1_BRK_TIM9_IRQHandler                 0x0800029b   Thumb Code     0  startup_stm32f427xx.o(.text)
    TIM1_CC_IRQHandler                       0x0800029b   Thumb Code     0  startup_stm32f427xx.o(.text)
    TIM1_TRG_COM_TIM11_IRQHandler            0x0800029b   Thumb Code     0  startup_stm32f427xx.o(.text)
    TIM3_IRQHandler                          0x0800029b   Thumb Code     0  startup_stm32f427xx.o(.text)
    TIM6_DAC_IRQHandler                      0x0800029b   Thumb Code     0  startup_stm32f427xx.o(.text)
    TIM8_BRK_TIM12_IRQHandler                0x0800029b   Thumb Code     0  startup_stm32f427xx.o(.text)
    TIM8_CC_IRQHandler                       0x0800029b   Thumb Code     0  startup_stm32f427xx.o(.text)
    TIM8_TRG_COM_TIM14_IRQHandler            0x0800029b   Thumb Code     0  startup_stm32f427xx.o(.text)
    TIM8_UP_TIM13_IRQHandler                 0x0800029b   Thumb Code     0  startup_stm32f427xx.o(.text)
    UART4_IRQHandler                         0x0800029b   Thumb Code     0  startup_stm32f427xx.o(.text)
    UART5_IRQHandler                         0x0800029b   Thumb Code     0  startup_stm32f427xx.o(.text)
    UART7_IRQHandler                         0x0800029b   Thumb Code     0  startup_stm32f427xx.o(.text)
    UART8_IRQHandler                         0x0800029b   Thumb Code     0  startup_stm32f427xx.o(.text)
    USART2_IRQHandler                        0x0800029b   Thumb Code     0  startup_stm32f427xx.o(.text)
    WWDG_IRQHandler                          0x0800029b   Thumb Code     0  startup_stm32f427xx.o(.text)
    __aeabi_uldivmod                         0x080002a5   Thumb Code    98  uldiv.o(.text)
    __aeabi_memcpy                           0x08000307   Thumb Code    36  memcpya.o(.text)
    __aeabi_memcpy4                          0x08000307   Thumb Code     0  memcpya.o(.text)
    __aeabi_memcpy8                          0x08000307   Thumb Code     0  memcpya.o(.text)
    __aeabi_memset                           0x0800032b   Thumb Code    14  memseta.o(.text)
    __aeabi_memset4                          0x0800032b   Thumb Code     0  memseta.o(.text)
    __aeabi_memset8                          0x0800032b   Thumb Code     0  memseta.o(.text)
    __aeabi_memclr                           0x08000339   Thumb Code     4  memseta.o(.text)
    __aeabi_memclr4                          0x08000339   Thumb Code     0  memseta.o(.text)
    __aeabi_memclr8                          0x08000339   Thumb Code     0  memseta.o(.text)
    memset                                   0x0800033d   Thumb Code    18  memseta.o(.text)
    __aeabi_dadd                             0x0800034f   Thumb Code   322  dadd.o(.text)
    __aeabi_dsub                             0x08000491   Thumb Code     6  dadd.o(.text)
    __aeabi_drsub                            0x08000497   Thumb Code     6  dadd.o(.text)
    __aeabi_ddiv                             0x0800049d   Thumb Code   222  ddiv.o(.text)
    __aeabi_f2d                              0x0800057b   Thumb Code    38  f2d.o(.text)
    __aeabi_d2f                              0x080005a1   Thumb Code    56  d2f.o(.text)
    __aeabi_uidiv                            0x080005d9   Thumb Code     0  uidiv.o(.text)
    __aeabi_uidivmod                         0x080005d9   Thumb Code    44  uidiv.o(.text)
    __aeabi_llsl                             0x08000605   Thumb Code    30  llshl.o(.text)
    _ll_shift_l                              0x08000605   Thumb Code     0  llshl.o(.text)
    __aeabi_llsr                             0x08000623   Thumb Code    32  llushr.o(.text)
    _ll_ushift_r                             0x08000623   Thumb Code     0  llushr.o(.text)
    __aeabi_lasr                             0x08000643   Thumb Code    36  llsshr.o(.text)
    _ll_sshift_r                             0x08000643   Thumb Code     0  llsshr.o(.text)
    __I$use$fp                               0x08000667   Thumb Code     0  iusefp.o(.text)
    _float_round                             0x08000667   Thumb Code    18  fepilogue.o(.text)
    _float_epilogue                          0x08000679   Thumb Code    92  fepilogue.o(.text)
    _double_round                            0x080006d5   Thumb Code    30  depilogue.o(.text)
    _double_epilogue                         0x080006f3   Thumb Code   156  depilogue.o(.text)
    __scatterload                            0x08000791   Thumb Code    28  init.o(.text)
    __scatterload_rt2                        0x08000791   Thumb Code     0  init.o(.text)
    __decompress                             0x080007b5   Thumb Code     0  __dczerorl2.o(.text)
    __decompress1                            0x080007b5   Thumb Code    86  __dczerorl2.o(.text)
    All_Init                                 0x0800080d   Thumb Code    20  init_task.o(i.All_Init)
    Analysis_Data                            0x0800083d   Thumb Code   108  judge_system.o(i.Analysis_Data)
    Analysis_Frame_Header                    0x080008ad   Thumb Code    48  judge_system.o(i.Analysis_Frame_Header)
    Analysis_Judge_System                    0x08000945   Thumb Code    96  judge_system.o(i.Analysis_Judge_System)
    BusFault_Handler                         0x080009a5   Thumb Code     2  stm32f4xx_it.o(i.BusFault_Handler)
    Buzzer_Init                              0x080009a9   Thumb Code    14  buzzer.o(i.Buzzer_Init)
    Buzzer_Task                              0x080009bd   Thumb Code   108  buzzer_task.o(i.Buzzer_Task)
    CAN1_Msg_Pend                            0x08000a51   Thumb Code    26  can1_hll.o(i.CAN1_Msg_Pend)
    CAN1_RX0_IRQHandler                      0x08000a71   Thumb Code   150  can1_motor.o(i.CAN1_RX0_IRQHandler)
    CAN1_Rx_Msg                              0x08000b39   Thumb Code   134  can1_hll.o(i.CAN1_Rx_Msg)
    CAN1_Tx_Staus                            0x08000bc9   Thumb Code    94  can1_hll.o(i.CAN1_Tx_Staus)
    CAN2_Tx_Staus                            0x08000c2d   Thumb Code    94  can2_hll.o(i.CAN2_Tx_Staus)
    Calculate_Motor_Data                     0x08000da1   Thumb Code    24  motor.o(i.Calculate_Motor_Data)
    Can1_Send_4Msg                           0x08000db9   Thumb Code   106  can1_hll.o(i.Can1_Send_4Msg)
    Chassis_Task                             0x08000e25   Thumb Code   460  chassis_task.o(i.Chassis_Task)
    Check_Package_Crc16                      0x08000ffd   Thumb Code    10  judge_system.o(i.Check_Package_Crc16)
    DMA2_Stream1_IRQHandler                  0x08001007   Thumb Code     2  stm32f4xx_it.o(i.DMA2_Stream1_IRQHandler)
    DebugMon_Handler                         0x08001009   Thumb Code     2  stm32f4xx_it.o(i.DebugMon_Handler)
    Detect_Reload                            0x0800100d   Thumb Code    10  detect_task.o(i.Detect_Reload)
    Find_All_A5                              0x0800101d   Thumb Code    34  judge_system.o(i.Find_All_A5)
    Function_Task                            0x08001041   Thumb Code   334  function_task.o(i.Function_Task)
    Get_CRC16_Check_Sum                      0x080011c1   Thumb Code    38  crc_check.o(i.Get_CRC16_Check_Sum)
    Get_CRC8_Check_Sum                       0x080011ed   Thumb Code    24  crc_check.o(i.Get_CRC8_Check_Sum)
    Get_Judge_Buf                            0x08001209   Thumb Code     4  usart_hll.o(i.Get_Judge_Buf)
    Get_Rc_Available_Bufferx                 0x08001211   Thumb Code    22  usart_hll.o(i.Get_Rc_Available_Bufferx)
    Get_Rc_Bufferx                           0x08001231   Thumb Code    20  usart_hll.o(i.Get_Rc_Bufferx)
    Get_Remote_Control_Point                 0x08001249   Thumb Code     4  remoter_task.o(i.Get_Remote_Control_Point)
    Get_Robot_Mode_Point                     0x08001251   Thumb Code     4  remoter_task.o(i.Get_Robot_Mode_Point)
    HAL_IncTick                              0x08001259   Thumb Code    12  stm32f4xx_hal.o(i.HAL_IncTick)
    HAL_Init                                 0x08001269   Thumb Code    48  stm32f4xx_hal.o(i.HAL_Init)
    HAL_InitTick                             0x0800129d   Thumb Code   100  stm32f4xx_hal_timebase_tim.o(i.HAL_InitTick)
    HAL_MspInit                              0x08001311   Thumb Code    42  stm32f4xx_hal_msp.o(i.HAL_MspInit)
    HAL_NVIC_EnableIRQ                       0x08001341   Thumb Code    22  stm32f4xx_hal_cortex.o(i.HAL_NVIC_EnableIRQ)
    HAL_NVIC_SetPriority                     0x08001359   Thumb Code    60  stm32f4xx_hal_cortex.o(i.HAL_NVIC_SetPriority)
    HAL_NVIC_SetPriorityGrouping             0x08001399   Thumb Code    26  stm32f4xx_hal_cortex.o(i.HAL_NVIC_SetPriorityGrouping)
    HAL_RCC_GetClockConfig                   0x080013bd   Thumb Code    54  stm32f4xx_hal_rcc.o(i.HAL_RCC_GetClockConfig)
    HAL_RCC_GetPCLK2Freq                     0x080013fd   Thumb Code    20  stm32f4xx_hal_rcc.o(i.HAL_RCC_GetPCLK2Freq)
    HAL_TIMEx_BreakCallback                  0x0800141d   Thumb Code     2  stm32f4xx_hal_tim_ex.o(i.HAL_TIMEx_BreakCallback)
    HAL_TIMEx_CommutCallback                 0x0800141f   Thumb Code     2  stm32f4xx_hal_tim_ex.o(i.HAL_TIMEx_CommutCallback)
    HAL_TIM_Base_Init                        0x08001421   Thumb Code    54  stm32f4xx_hal_tim.o(i.HAL_TIM_Base_Init)
    HAL_TIM_Base_MspInit                     0x08001457   Thumb Code     2  stm32f4xx_hal_tim.o(i.HAL_TIM_Base_MspInit)
    HAL_TIM_Base_Start_IT                    0x08001459   Thumb Code    34  stm32f4xx_hal_tim.o(i.HAL_TIM_Base_Start_IT)
    HAL_TIM_IC_CaptureCallback               0x0800147b   Thumb Code     2  stm32f4xx_hal_tim.o(i.HAL_TIM_IC_CaptureCallback)
    HAL_TIM_IRQHandler                       0x0800147d   Thumb Code   358  stm32f4xx_hal_tim.o(i.HAL_TIM_IRQHandler)
    HAL_TIM_OC_DelayElapsedCallback          0x080015e3   Thumb Code     2  stm32f4xx_hal_tim.o(i.HAL_TIM_OC_DelayElapsedCallback)
    HAL_TIM_PWM_PulseFinishedCallback        0x080015e5   Thumb Code     2  stm32f4xx_hal_tim.o(i.HAL_TIM_PWM_PulseFinishedCallback)
    HAL_TIM_PeriodElapsedCallback            0x080015e9   Thumb Code    14  main.o(i.HAL_TIM_PeriodElapsedCallback)
    HAL_TIM_TriggerCallback                  0x080015fd   Thumb Code     2  stm32f4xx_hal_tim.o(i.HAL_TIM_TriggerCallback)
    HardFault_Handler                        0x080015ff   Thumb Code     2  stm32f4xx_it.o(i.HardFault_Handler)
    Hex4_To_Float1                           0x08001601   Thumb Code    22  math2.o(i.Hex4_To_Float1)
    Int16_Limit                              0x08001617   Thumb Code    16  math2.o(i.Int16_Limit)
    Judge_Task                               0x08001629   Thumb Code    84  judge_task.o(i.Judge_Task)
    LL_GPIO_Init                             0x08001825   Thumb Code   310  stm32f4xx_ll_gpio.o(i.LL_GPIO_Init)
    LL_RCC_GetSystemClocksFreq               0x080019a9   Thumb Code    32  stm32f4xx_ll_rcc.o(i.LL_RCC_GetSystemClocksFreq)
    LL_SetSystemCoreClock                    0x080019c9   Thumb Code     6  stm32f4xx_ll_utils.o(i.LL_SetSystemCoreClock)
    LL_TIM_BDTR_Init                         0x080019d5   Thumb Code    58  stm32f4xx_ll_tim.o(i.LL_TIM_BDTR_Init)
    LL_TIM_Init                              0x08001b75   Thumb Code   156  stm32f4xx_ll_tim.o(i.LL_TIM_Init)
    LL_TIM_OC_Init                           0x08001ce5   Thumb Code   446  stm32f4xx_ll_tim.o(i.LL_TIM_OC_Init)
    LL_USART_Init                            0x08001ead   Thumb Code   152  stm32f4xx_ll_usart.o(i.LL_USART_Init)
    LL_mDelay                                0x08002015   Thumb Code    30  stm32f4xx_ll_utils.o(i.LL_mDelay)
    Led_Flow_Off                             0x08002035   Thumb Code    64  led.o(i.Led_Flow_Off)
    Led_Init                                 0x08002081   Thumb Code    22  led.o(i.Led_Init)
    MX_DMA_Init                              0x080020a1   Thumb Code    82  dma.o(i.MX_DMA_Init)
    MX_GPIO_Init                             0x080020fd   Thumb Code   194  gpio.o(i.MX_GPIO_Init)
    MX_TIM12_Init                            0x080021d1   Thumb Code   146  tim.o(i.MX_TIM12_Init)
    MX_TIM2_Init                             0x0800226d   Thumb Code   232  tim.o(i.MX_TIM2_Init)
    MX_TIM3_Init                             0x08002359   Thumb Code   194  tim.o(i.MX_TIM3_Init)
    MX_TIM4_Init                             0x08002425   Thumb Code   234  tim.o(i.MX_TIM4_Init)
    MX_TIM5_Init                             0x08002519   Thumb Code   234  tim.o(i.MX_TIM5_Init)
    MX_TIM7_Init                             0x0800260d   Thumb Code    98  tim.o(i.MX_TIM7_Init)
    MX_TIM8_Init                             0x08002675   Thumb Code   314  tim.o(i.MX_TIM8_Init)
    MX_USART1_UART_Init                      0x080027bd   Thumb Code   244  usart.o(i.MX_USART1_UART_Init)
    MX_USART3_UART_Init                      0x080028c5   Thumb Code   164  usart.o(i.MX_USART3_UART_Init)
    MX_USART6_UART_Init                      0x08002979   Thumb Code   246  usart.o(i.MX_USART6_UART_Init)
    MemManage_Handler                        0x08002a81   Thumb Code     2  stm32f4xx_it.o(i.MemManage_Handler)
    Module_Status_Reload                     0x08002a83   Thumb Code     6  listen.o(i.Module_Status_Reload)
    MotorM3508_Send_Ampere                   0x08002a89   Thumb Code   106  can2_hll.o(i.MotorM3508_Send_Ampere)
    Motor_Can2_Send                          0x08002af5   Thumb Code   144  can2_hll.o(i.Motor_Can2_Send)
    Motor_Can_Send                           0x08002b8d   Thumb Code   144  can1_hll.o(i.Motor_Can_Send)
    NMI_Handler                              0x08002c25   Thumb Code     2  stm32f4xx_it.o(i.NMI_Handler)
    Notify_Judge_Task                        0x08002d91   Thumb Code    22  judge_task.o(i.Notify_Judge_Task)
    Overchip_Task                            0x08002dad   Thumb Code    54  over_chip_task.o(i.Overchip_Task)
    Parse_Remoter_Data                       0x08002e19   Thumb Code   218  remoter.o(i.Parse_Remoter_Data)
    Pid_Position_Calc                        0x08002f13   Thumb Code    22  pid.o(i.Pid_Position_Calc)
    Power_Ctrl_Init                          0x08002f29   Thumb Code    20  power_output.o(i.Power_Ctrl_Init)
    Pump_Init                                0x080030dd   Thumb Code    10  pump.o(i.Pump_Init)
    RCC_GetHCLKClockFreq                     0x080030ed   Thumb Code    18  stm32f4xx_ll_rcc.o(i.RCC_GetHCLKClockFreq)
    RCC_GetPCLK1ClockFreq                    0x08003109   Thumb Code    20  stm32f4xx_ll_rcc.o(i.RCC_GetPCLK1ClockFreq)
    RCC_GetPCLK2ClockFreq                    0x08003125   Thumb Code    20  stm32f4xx_ll_rcc.o(i.RCC_GetPCLK2ClockFreq)
    RCC_GetSystemClockFreq                   0x08003141   Thumb Code    30  stm32f4xx_ll_rcc.o(i.RCC_GetSystemClockFreq)
    RCC_PLL_GetFreqDomain_SYS                0x0800316d   Thumb Code    68  stm32f4xx_ll_rcc.o(i.RCC_PLL_GetFreqDomain_SYS)
    Ramp_Calc_Int                            0x080031bd   Thumb Code    30  math2.o(i.Ramp_Calc_Int)
    Rc_Data_Copy                             0x080031db   Thumb Code    54  remoter.o(i.Rc_Data_Copy)
    Rc_Data_Reset                            0x08003211   Thumb Code    32  remoter.o(i.Rc_Data_Reset)
    Rc_Data_Update                           0x08003231   Thumb Code    36  remoter_task.o(i.Rc_Data_Update)
    Remoter_Data_Check                       0x0800325d   Thumb Code   108  remoter.o(i.Remoter_Data_Check)
    Remoter_Task                             0x080032c9   Thumb Code   194  remoter_task.o(i.Remoter_Task)
    Set_550_Motors_Angle                     0x0800350d   Thumb Code    86  motor_550.o(i.Set_550_Motors_Angle)
    Set_550_Motors_Speed                     0x08003571   Thumb Code   168  motor_550.o(i.Set_550_Motors_Speed)
    Set_Beep_Time                            0x08003631   Thumb Code    30  buzzer_task.o(i.Set_Beep_Time)
    Set_Chassis_Motors_Speed                 0x08003655   Thumb Code   186  can1_motor.o(i.Set_Chassis_Motors_Speed)
    Set_Overturn_Motors_Speed                0x08003719   Thumb Code    64  can2_motor.o(i.Set_Overturn_Motors_Speed)
    Start_Task                               0x08003761   Thumb Code   158  start_task.o(i.Start_Task)
    SysTick_Handler                          0x080038c5   Thumb Code    38  port.o(i.SysTick_Handler)
    SystemClock_Config                       0x080038f1   Thumb Code   196  main.o(i.SystemClock_Config)
    SystemInit                               0x080039cd   Thumb Code    22  system_stm32f4xx.o(i.SystemInit)
    TIM1_UP_TIM10_IRQHandler                 0x080039e9   Thumb Code     6  stm32f4xx_it.o(i.TIM1_UP_TIM10_IRQHandler)
    TIM2_IRQHandler                          0x080039f5   Thumb Code    16  encoder.o(i.TIM2_IRQHandler)
    TIM4_IRQHandler                          0x08003a05   Thumb Code    14  encoder.o(i.TIM4_IRQHandler)
    TIM5_IRQHandler                          0x08003a19   Thumb Code    14  encoder.o(i.TIM5_IRQHandler)
    TIM7_IRQHandler                          0x08003a2d   Thumb Code    80  tim_hll.o(i.TIM7_IRQHandler)
    TIM_Base_SetConfig                       0x08003a85   Thumb Code   156  stm32f4xx_hal_tim.o(i.TIM_Base_SetConfig)
    U8_Array_To_U16                          0x08003b4d   Thumb Code     4  math2.o(i.U8_Array_To_U16)
    USART1_IRQHandler                        0x08003b51   Thumb Code     4  stm32f4xx_it.o(i.USART1_IRQHandler)
    USART3_IRQHandler                        0x08003b55   Thumb Code     2  stm32f4xx_it.o(i.USART3_IRQHandler)
    USART6_IRQHandler                        0x08003b57   Thumb Code     4  stm32f4xx_it.o(i.USART6_IRQHandler)
    USART6_RxIdleCallback                    0x08003b5d   Thumb Code    84  usart_hll.o(i.USART6_RxIdleCallback)
    USART_RxIdleCallback                     0x08003bc1   Thumb Code   118  usart_hll.o(i.USART_RxIdleCallback)
    UsageFault_Handler                       0x08003c4d   Thumb Code     2  stm32f4xx_it.o(i.UsageFault_Handler)
    Usart1_DMA_Reset                         0x08003c51   Thumb Code    50  usart_hll.o(i.Usart1_DMA_Reset)
    Verify_CRC16_Check_Sum                   0x08003c8d   Thumb Code    54  crc_check.o(i.Verify_CRC16_Check_Sum)
    Verify_CRC8_Check_Sum                    0x08003cc9   Thumb Code    38  crc_check.o(i.Verify_CRC8_Check_Sum)
    Wasd_Key_To_Virtual_Rocker               0x08003cef   Thumb Code   244  remoter.o(i.Wasd_Key_To_Virtual_Rocker)
    __0printf$3                              0x08003de5   Thumb Code    22  printf3.o(i.__0printf$3)
    __1printf$3                              0x08003de5   Thumb Code     0  printf3.o(i.__0printf$3)
    __2printf                                0x08003de5   Thumb Code     0  printf3.o(i.__0printf$3)
    __scatterload_copy                       0x08003e05   Thumb Code    14  handlers.o(i.__scatterload_copy)
    __scatterload_null                       0x08003e13   Thumb Code     2  handlers.o(i.__scatterload_null)
    __scatterload_zeroinit                   0x08003e15   Thumb Code    14  handlers.o(i.__scatterload_zeroinit)
    base_init                                0x08003fdd   Thumb Code    50  centre.o(i.base_init)
    fputc                                    0x08004049   Thumb Code    18  usart_hll.o(i.fputc)
    function_init                            0x08004061   Thumb Code    24  function.o(i.function_init)
    main                                     0x08004085   Thumb Code    88  main.o(i.main)
    overturn_task_first                      0x080040f1   Thumb Code    24  function.o(i.overturn_task_first)
    overturn_task_second                     0x08004111   Thumb Code    32  function.o(i.overturn_task_second)
    pvPortMalloc                             0x080046cd   Thumb Code   232  heap_4.o(i.pvPortMalloc)
    pvTaskIncrementMutexHeldCount            0x080047f1   Thumb Code    18  tasks.o(i.pvTaskIncrementMutexHeldCount)
    pxPortInitialiseStack                    0x08004809   Thumb Code    40  port.o(i.pxPortInitialiseStack)
    read_tim2_encoder                        0x08004835   Thumb Code    14  encoder.o(i.read_tim2_encoder)
    read_tim4_encoder                        0x08004845   Thumb Code    16  encoder.o(i.read_tim4_encoder)
    read_tim5_encoder                        0x08004859   Thumb Code    16  encoder.o(i.read_tim5_encoder)
    tim12_base_init                          0x0800486d   Thumb Code    20  tim_hll.o(i.tim12_base_init)
    tim3_base_init                           0x08004885   Thumb Code    52  tim_hll.o(i.tim3_base_init)
    tim7_base_init                           0x080048c1   Thumb Code    20  tim_hll.o(i.tim7_base_init)
    tim8_base_init                           0x080048d9   Thumb Code    60  tim_hll.o(i.tim8_base_init)
    timx_base_init                           0x08004919   Thumb Code   106  tim_hll.o(i.timx_base_init)
    usart1_base_init                         0x0800498d   Thumb Code   114  usart_hll.o(i.usart1_base_init)
    usart6_base_init                         0x08004a11   Thumb Code    66  usart_hll.o(i.usart6_base_init)
    uxListRemove                             0x08004a65   Thumb Code    38  list.o(i.uxListRemove)
    vListInitialise                          0x08004a8b   Thumb Code    22  list.o(i.vListInitialise)
    vListInitialiseItem                      0x08004aa1   Thumb Code     6  list.o(i.vListInitialiseItem)
    vListInsert                              0x08004aa7   Thumb Code    48  list.o(i.vListInsert)
    vListInsertEnd                           0x08004ad7   Thumb Code    24  list.o(i.vListInsertEnd)
    vPortEnterCritical                       0x08004af1   Thumb Code    50  port.o(i.vPortEnterCritical)
    vPortExitCritical                        0x08004b69   Thumb Code    34  port.o(i.vPortExitCritical)
    vPortFree                                0x08004bcd   Thumb Code   100  heap_4.o(i.vPortFree)
    vPortSetupTimerInterrupt                 0x08004c6d   Thumb Code    32  port.o(i.vPortSetupTimerInterrupt)
    vPortValidateInterruptPriority           0x08004c91   Thumb Code    70  port.o(i.vPortValidateInterruptPriority)
    vTaskDelay                               0x08004d1d   Thumb Code    62  tasks.o(i.vTaskDelay)
    vTaskDelete                              0x08004d89   Thumb Code   158  tasks.o(i.vTaskDelete)
    vTaskInternalSetTimeOutState             0x08004e5d   Thumb Code    12  tasks.o(i.vTaskInternalSetTimeOutState)
    vTaskMissedYield                         0x08004e6d   Thumb Code     8  tasks.o(i.vTaskMissedYield)
    vTaskPlaceOnEventList                    0x08004e79   Thumb Code    44  tasks.o(i.vTaskPlaceOnEventList)
    vTaskPriorityDisinheritAfterTimeout      0x08004ecd   Thumb Code   184  tasks.o(i.vTaskPriorityDisinheritAfterTimeout)
    vTaskStartScheduler                      0x08004fb1   Thumb Code    84  tasks.o(i.vTaskStartScheduler)
    vTaskSuspendAll                          0x08005039   Thumb Code    10  tasks.o(i.vTaskSuspendAll)
    vTaskSwitchContext                       0x08005049   Thumb Code    80  tasks.o(i.vTaskSwitchContext)
    xPortStartScheduler                      0x080050c5   Thumb Code   210  port.o(i.xPortStartScheduler)
    xQueueGenericCreate                      0x080051e9   Thumb Code    88  queue.o(i.xQueueGenericCreate)
    xQueueGenericReset                       0x08005265   Thumb Code   166  queue.o(i.xQueueGenericReset)
    xQueueGenericSend                        0x08005335   Thumb Code   356  queue.o(i.xQueueGenericSend)
    xQueueGiveFromISR                        0x080054c1   Thumb Code   172  queue.o(i.xQueueGiveFromISR)
    xQueueReceive                            0x08005591   Thumb Code   296  queue.o(i.xQueueReceive)
    xQueueSemaphoreTake                      0x080056e1   Thumb Code   356  queue.o(i.xQueueSemaphoreTake)
    xTaskCheckForTimeOut                     0x0800586d   Thumb Code   110  tasks.o(i.xTaskCheckForTimeOut)
    xTaskCreate                              0x08005905   Thumb Code    86  tasks.o(i.xTaskCreate)
    xTaskGenericNotifyFromISR                0x0800595d   Thumb Code   354  tasks.o(i.xTaskGenericNotifyFromISR)
    xTaskGetSchedulerState                   0x08005af1   Thumb Code    22  tasks.o(i.xTaskGetSchedulerState)
    xTaskIncrementTick                       0x08005b0d   Thumb Code   300  tasks.o(i.xTaskIncrementTick)
    xTaskPriorityDisinherit                  0x08005c65   Thumb Code   166  tasks.o(i.xTaskPriorityDisinherit)
    xTaskPriorityInherit                     0x08005d39   Thumb Code   168  tasks.o(i.xTaskPriorityInherit)
    xTaskRemoveFromEventList                 0x08005de9   Thumb Code   204  tasks.o(i.xTaskRemoveFromEventList)
    xTaskResumeAll                           0x08005ee5   Thumb Code   282  tasks.o(i.xTaskResumeAll)
    AHBPrescTable                            0x08006058   Data          16  system_stm32f4xx.o(.constdata)
    APBPrescTable                            0x08006068   Data           8  system_stm32f4xx.o(.constdata)
    CRC8_TAB                                 0x08006078   Data         256  crc_check.o(.constdata)
    wCRC_Table                               0x08006178   Data         512  crc_check.o(.constdata)
    Region$$Table$$Base                      0x08006378   Number         0  anon$$obj.o(Region$$Table)
    Region$$Table$$Limit                     0x08006398   Number         0  anon$$obj.o(Region$$Table)
    uwTickFreq                               0x20000000   Data           1  stm32f4xx_hal.o(.data)
    uwTickPrio                               0x20000004   Data           4  stm32f4xx_hal.o(.data)
    uwTick                                   0x20000008   Data           4  stm32f4xx_hal.o(.data)
    SystemCoreClock                          0x2000000c   Data           4  system_stm32f4xx.o(.data)
    motor550_l                               0x20000010   Data           8  tim_hll.o(.data)
    motor550_r                               0x20000018   Data           8  tim_hll.o(.data)
    motor550_s                               0x20000020   Data           8  tim_hll.o(.data)
    JudgeTask_Handler                        0x20000030   Data           4  judge_task.o(.data)
    stretch_flag                             0x20000039   Data           1  remoter_task.o(.data)
    chip_flag                                0x2000003a   Data           1  remoter_task.o(.data)
    robot_mode                               0x20000040   Data           5  remoter_task.o(.data)
    RemoterTask_Handler                      0x20000050   Data           4  remoter_task.o(.data)
    up_flag                                  0x20000054   Data           1  remoter_task.o(.data)
    StartTask_Handler                        0x20000058   Data           4  start_task.o(.data)
    BuzzerTask_Handler                       0x2000005c   Data           4  buzzer_task.o(.data)
    ChassisTask_Handler                      0x20000070   Data           4  chassis_task.o(.data)
    overturn_seq                             0x20000074   Data           1  function_task.o(.data)
    up_total_tar                             0x20000080   Data           4  function_task.o(.data)
    FunctionTask_Handler                     0x20000084   Data           4  function_task.o(.data)
    OverchipTask_Handler                     0x20000088   Data           4  over_chip_task.o(.data)
    pxCurrentTCB                             0x2000008c   Data           4  tasks.o(.data)
    uxTopUsedPriority                        0x200000bc   Data           4  tasks.o(.data)
    over_chip_flag                           0x200002a0   Data           1  function.o(.data)
    all_angle                                0x200002a4   Data           4  function.o(.data)
    overturn_total_tar                       0x200002a8   Data           4  function.o(.data)
    CRC_INIT                                 0x20000400   Data           2  crc_check.o(.data)
    __stdout                                 0x20000404   Data           4  stdout.o(.data)
    htim1                                    0x20000408   Data          64  stm32f4xx_hal_timebase_tim.o(.bss)
    remote_controller                        0x20000610   Data          30  remoter_task.o(.bss)
    real_motor_speed                         0x2000064c   Data          16  chassis_task.o(.bss)
    overturn_motor_li                        0x2000c160   Data          28  can2_motor.o(.bss)
    __initial_sp                             0x2000c5b0   Data           0  startup_stm32f427xx.o(STACK)



==============================================================================

Memory Map of the image

  Image Entry point : 0x080001ad

  Load Region LR_IROM1 (Base: 0x08000000, Size: 0x000067a0, Max: 0x00200000, ABSOLUTE, COMPRESSED[0x00006428])

    Execution Region ER_IROM1 (Base: 0x08000000, Size: 0x00006398, Max: 0x00200000, ABSOLUTE)

    Base Addr    Size         Type   Attr      Idx    E Section Name        Object

    0x08000000   0x000001ac   Data   RO            3    RESET               startup_stm32f427xx.o
    0x080001ac   0x00000000   Code   RO         5959  * .ARM.Collect$$$$00000000  mc_w.l(entry.o)
    0x080001ac   0x00000004   Code   RO         6243    .ARM.Collect$$$$00000001  mc_w.l(entry2.o)
    0x080001b0   0x00000004   Code   RO         6246    .ARM.Collect$$$$00000004  mc_w.l(entry5.o)
    0x080001b4   0x00000000   Code   RO         6248    .ARM.Collect$$$$00000008  mc_w.l(entry7b.o)
    0x080001b4   0x00000000   Code   RO         6250    .ARM.Collect$$$$0000000A  mc_w.l(entry8b.o)
    0x080001b4   0x00000008   Code   RO         6251    .ARM.Collect$$$$0000000B  mc_w.l(entry9a.o)
    0x080001bc   0x00000000   Code   RO         6253    .ARM.Collect$$$$0000000D  mc_w.l(entry10a.o)
    0x080001bc   0x00000000   Code   RO         6255    .ARM.Collect$$$$0000000F  mc_w.l(entry11a.o)
    0x080001bc   0x00000004   Code   RO         6244    .ARM.Collect$$$$00002712  mc_w.l(entry2.o)
    0x080001c0   0x000000be   Code   RO         5152    .emb_text           port.o
    0x0800027e   0x00000002   PAD
    0x08000280   0x00000024   Code   RO            4    .text               startup_stm32f427xx.o
    0x080002a4   0x00000062   Code   RO         5962    .text               mc_w.l(uldiv.o)
    0x08000306   0x00000024   Code   RO         5964    .text               mc_w.l(memcpya.o)
    0x0800032a   0x00000024   Code   RO         5968    .text               mc_w.l(memseta.o)
    0x0800034e   0x0000014e   Code   RO         6233    .text               mf_w.l(dadd.o)
    0x0800049c   0x000000de   Code   RO         6237    .text               mf_w.l(ddiv.o)
    0x0800057a   0x00000026   Code   RO         6239    .text               mf_w.l(f2d.o)
    0x080005a0   0x00000038   Code   RO         6241    .text               mf_w.l(d2f.o)
    0x080005d8   0x0000002c   Code   RO         6258    .text               mc_w.l(uidiv.o)
    0x08000604   0x0000001e   Code   RO         6260    .text               mc_w.l(llshl.o)
    0x08000622   0x00000020   Code   RO         6262    .text               mc_w.l(llushr.o)
    0x08000642   0x00000024   Code   RO         6264    .text               mc_w.l(llsshr.o)
    0x08000666   0x00000000   Code   RO         6266    .text               mc_w.l(iusefp.o)
    0x08000666   0x0000006e   Code   RO         6267    .text               mf_w.l(fepilogue.o)
    0x080006d4   0x000000ba   Code   RO         6269    .text               mf_w.l(depilogue.o)
    0x0800078e   0x00000002   PAD
    0x08000790   0x00000024   Code   RO         6275    .text               mc_w.l(init.o)
    0x080007b4   0x00000056   Code   RO         6285    .text               mc_w.l(__dczerorl2.o)
    0x0800080a   0x00000002   PAD
    0x0800080c   0x00000030   Code   RO         3977    i.All_Init          init_task.o
    0x0800083c   0x00000070   Code   RO         5382    i.Analysis_Data     judge_system.o
    0x080008ac   0x00000030   Code   RO         5383    i.Analysis_Frame_Header  judge_system.o
    0x080008dc   0x00000068   Code   RO         5384    i.Analysis_Game_Robot_Status  judge_system.o
    0x08000944   0x00000060   Code   RO         5385    i.Analysis_Judge_System  judge_system.o
    0x080009a4   0x00000002   Code   RO          646    i.BusFault_Handler  stm32f4xx_it.o
    0x080009a6   0x00000002   PAD
    0x080009a8   0x00000014   Code   RO         5495    i.Buzzer_Init       buzzer.o
    0x080009bc   0x00000094   Code   RO         4137    i.Buzzer_Task       buzzer_task.o
    0x08000a50   0x00000020   Code   RO         3503    i.CAN1_Msg_Pend     can1_hll.o
    0x08000a70   0x000000c8   Code   RO         5307    i.CAN1_RX0_IRQHandler  can1_motor.o
    0x08000b38   0x00000090   Code   RO         3504    i.CAN1_Rx_Msg       can1_hll.o
    0x08000bc8   0x00000064   Code   RO         3505    i.CAN1_Tx_Staus     can1_hll.o
    0x08000c2c   0x00000064   Code   RO         3565    i.CAN2_Tx_Staus     can2_hll.o
    0x08000c90   0x00000110   Code   RO         5898    i.Calc_Position_Pid  pid.o
    0x08000da0   0x00000018   Code   RO         5868    i.Calculate_Motor_Data  motor.o
    0x08000db8   0x0000006a   Code   RO         3508    i.Can1_Send_4Msg    can1_hll.o
    0x08000e22   0x00000002   PAD
    0x08000e24   0x000001d8   Code   RO         4177    i.Chassis_Task      chassis_task.o
    0x08000ffc   0x0000000a   Code   RO         5386    i.Check_Package_Crc16  judge_system.o
    0x08001006   0x00000002   Code   RO          647    i.DMA2_Stream1_IRQHandler  stm32f4xx_it.o
    0x08001008   0x00000002   Code   RO          648    i.DebugMon_Handler  stm32f4xx_it.o
    0x0800100a   0x00000002   PAD
    0x0800100c   0x00000010   Code   RO         3913    i.Detect_Reload     detect_task.o
    0x0800101c   0x00000022   Code   RO         5387    i.Find_All_A5       judge_system.o
    0x0800103e   0x00000002   PAD
    0x08001040   0x00000180   Code   RO         4216    i.Function_Task     function_task.o
    0x080011c0   0x0000002c   Code   RO         5626    i.Get_CRC16_Check_Sum  crc_check.o
    0x080011ec   0x0000001c   Code   RO         5627    i.Get_CRC8_Check_Sum  crc_check.o
    0x08001208   0x00000008   Code   RO         3696    i.Get_Judge_Buf     usart_hll.o
    0x08001210   0x00000020   Code   RO         3698    i.Get_Rc_Available_Bufferx  usart_hll.o
    0x08001230   0x00000018   Code   RO         3699    i.Get_Rc_Bufferx    usart_hll.o
    0x08001248   0x00000008   Code   RO         4042    i.Get_Remote_Control_Point  remoter_task.o
    0x08001250   0x00000008   Code   RO         4043    i.Get_Robot_Mode_Point  remoter_task.o
    0x08001258   0x00000010   Code   RO         3150    i.HAL_IncTick       stm32f4xx_hal.o
    0x08001268   0x00000034   Code   RO         3151    i.HAL_Init          stm32f4xx_hal.o
    0x0800129c   0x00000074   Code   RO          758    i.HAL_InitTick      stm32f4xx_hal_timebase_tim.o
    0x08001310   0x00000030   Code   RO          734    i.HAL_MspInit       stm32f4xx_hal_msp.o
    0x08001340   0x00000016   Code   RO         2999    i.HAL_NVIC_EnableIRQ  stm32f4xx_hal_cortex.o
    0x08001356   0x00000002   PAD
    0x08001358   0x00000040   Code   RO         3005    i.HAL_NVIC_SetPriority  stm32f4xx_hal_cortex.o
    0x08001398   0x00000024   Code   RO         3006    i.HAL_NVIC_SetPriorityGrouping  stm32f4xx_hal_cortex.o
    0x080013bc   0x00000040   Code   RO         2190    i.HAL_RCC_GetClockConfig  stm32f4xx_hal_rcc.o
    0x080013fc   0x00000020   Code   RO         2194    i.HAL_RCC_GetPCLK2Freq  stm32f4xx_hal_rcc.o
    0x0800141c   0x00000002   Code   RO         1572    i.HAL_TIMEx_BreakCallback  stm32f4xx_hal_tim_ex.o
    0x0800141e   0x00000002   Code   RO         1573    i.HAL_TIMEx_CommutCallback  stm32f4xx_hal_tim_ex.o
    0x08001420   0x00000036   Code   RO          897    i.HAL_TIM_Base_Init  stm32f4xx_hal_tim.o
    0x08001456   0x00000002   Code   RO          899    i.HAL_TIM_Base_MspInit  stm32f4xx_hal_tim.o
    0x08001458   0x00000022   Code   RO          902    i.HAL_TIM_Base_Start_IT  stm32f4xx_hal_tim.o
    0x0800147a   0x00000002   Code   RO          926    i.HAL_TIM_IC_CaptureCallback  stm32f4xx_hal_tim.o
    0x0800147c   0x00000166   Code   RO          940    i.HAL_TIM_IRQHandler  stm32f4xx_hal_tim.o
    0x080015e2   0x00000002   Code   RO          943    i.HAL_TIM_OC_DelayElapsedCallback  stm32f4xx_hal_tim.o
    0x080015e4   0x00000002   Code   RO          970    i.HAL_TIM_PWM_PulseFinishedCallback  stm32f4xx_hal_tim.o
    0x080015e6   0x00000002   PAD
    0x080015e8   0x00000014   Code   RO           14    i.HAL_TIM_PeriodElapsedCallback  main.o
    0x080015fc   0x00000002   Code   RO          983    i.HAL_TIM_TriggerCallback  stm32f4xx_hal_tim.o
    0x080015fe   0x00000002   Code   RO          649    i.HardFault_Handler  stm32f4xx_it.o
    0x08001600   0x00000016   Code   RO         5769    i.Hex4_To_Float1    math2.o
    0x08001616   0x00000010   Code   RO         5771    i.Int16_Limit       math2.o
    0x08001626   0x00000002   PAD
    0x08001628   0x0000006c   Code   RO         4001    i.Judge_Task        judge_task.o
    0x08001694   0x00000018   Code   RO          317    i.LL_AHB1_GRP1_EnableClock  gpio.o
    0x080016ac   0x00000018   Code   RO          404    i.LL_AHB1_GRP1_EnableClock  tim.o
    0x080016c4   0x00000018   Code   RO          532    i.LL_AHB1_GRP1_EnableClock  usart.o
    0x080016dc   0x00000018   Code   RO          405    i.LL_APB1_GRP1_EnableClock  tim.o
    0x080016f4   0x00000018   Code   RO          533    i.LL_APB2_GRP1_EnableClock  usart.o
    0x0800170c   0x00000014   Code   RO          534    i.LL_DMA_DisableFifoMode  usart.o
    0x08001720   0x00000014   Code   RO         3700    i.LL_DMA_DisableStream  usart_hll.o
    0x08001734   0x00000014   Code   RO         3701    i.LL_DMA_EnableStream  usart_hll.o
    0x08001748   0x00000010   Code   RO         3702    i.LL_DMA_GetDataLength  usart_hll.o
    0x08001758   0x00000014   Code   RO          535    i.LL_DMA_SetChannelSelection  usart.o
    0x0800176c   0x00000014   Code   RO         3703    i.LL_DMA_SetCurrentTargetMem  usart_hll.o
    0x08001780   0x00000018   Code   RO         3704    i.LL_DMA_SetDataLength  usart_hll.o
    0x08001798   0x00000014   Code   RO          536    i.LL_DMA_SetDataTransferDirection  usart.o
    0x080017ac   0x00000014   Code   RO          537    i.LL_DMA_SetMemoryIncMode  usart.o
    0x080017c0   0x00000014   Code   RO          538    i.LL_DMA_SetMemorySize  usart.o
    0x080017d4   0x00000014   Code   RO          539    i.LL_DMA_SetMode    usart.o
    0x080017e8   0x00000014   Code   RO          540    i.LL_DMA_SetPeriphIncMode  usart.o
    0x080017fc   0x00000014   Code   RO          541    i.LL_DMA_SetPeriphSize  usart.o
    0x08001810   0x00000014   Code   RO          542    i.LL_DMA_SetStreamPriorityLevel  usart.o
    0x08001824   0x00000136   Code   RO          800    i.LL_GPIO_Init      stm32f4xx_ll_gpio.o
    0x0800195a   0x00000026   Code   RO         3623    i.LL_GPIO_SetAFPin_0_7  tim_hll.o
    0x08001980   0x00000028   Code   RO         3624    i.LL_GPIO_SetAFPin_8_15  tim_hll.o
    0x080019a8   0x00000020   Code   RO         1950    i.LL_RCC_GetSystemClocksFreq  stm32f4xx_ll_rcc.o
    0x080019c8   0x0000000c   Code   RO         2068    i.LL_SetSystemCoreClock  stm32f4xx_ll_utils.o
    0x080019d4   0x0000003a   Code   RO         1827    i.LL_TIM_BDTR_Init  stm32f4xx_ll_tim.o
    0x08001a0e   0x00000002   PAD
    0x08001a10   0x0000005c   Code   RO          406    i.LL_TIM_IC_SetActiveInput  tim.o
    0x08001a6c   0x0000005c   Code   RO          407    i.LL_TIM_IC_SetFilter  tim.o
    0x08001ac8   0x00000050   Code   RO          408    i.LL_TIM_IC_SetPolarity  tim.o
    0x08001b18   0x0000005c   Code   RO          409    i.LL_TIM_IC_SetPrescaler  tim.o
    0x08001b74   0x000000c8   Code   RO         1836    i.LL_TIM_Init       stm32f4xx_ll_tim.o
    0x08001c3c   0x00000054   Code   RO          410    i.LL_TIM_OC_DisableFast  tim.o
    0x08001c90   0x00000054   Code   RO          411    i.LL_TIM_OC_EnablePreload  tim.o
    0x08001ce4   0x000001c8   Code   RO         1837    i.LL_TIM_OC_Init    stm32f4xx_ll_tim.o
    0x08001eac   0x000000b8   Code   RO         3404    i.LL_USART_Init     stm32f4xx_ll_usart.o
    0x08001f64   0x000000b0   Code   RO         3405    i.LL_USART_SetBaudRate  stm32f4xx_ll_usart.o
    0x08002014   0x0000001e   Code   RO         2069    i.LL_mDelay         stm32f4xx_ll_utils.o
    0x08002032   0x00000002   PAD
    0x08002034   0x0000004c   Code   RO         5454    i.Led_Flow_Off      led.o
    0x08002080   0x00000020   Code   RO         5456    i.Led_Init          led.o
    0x080020a0   0x0000005c   Code   RO          361    i.MX_DMA_Init       dma.o
    0x080020fc   0x000000d4   Code   RO          318    i.MX_GPIO_Init      gpio.o
    0x080021d0   0x0000009c   Code   RO          412    i.MX_TIM12_Init     tim.o
    0x0800226c   0x000000ec   Code   RO          413    i.MX_TIM2_Init      tim.o
    0x08002358   0x000000cc   Code   RO          414    i.MX_TIM3_Init      tim.o
    0x08002424   0x000000f4   Code   RO          415    i.MX_TIM4_Init      tim.o
    0x08002518   0x000000f4   Code   RO          416    i.MX_TIM5_Init      tim.o
    0x0800260c   0x00000068   Code   RO          417    i.MX_TIM7_Init      tim.o
    0x08002674   0x00000148   Code   RO          418    i.MX_TIM8_Init      tim.o
    0x080027bc   0x00000108   Code   RO          543    i.MX_USART1_UART_Init  usart.o
    0x080028c4   0x000000b4   Code   RO          544    i.MX_USART3_UART_Init  usart.o
    0x08002978   0x00000108   Code   RO          545    i.MX_USART6_UART_Init  usart.o
    0x08002a80   0x00000002   Code   RO          650    i.MemManage_Handler  stm32f4xx_it.o
    0x08002a82   0x00000006   Code   RO         5731    i.Module_Status_Reload  listen.o
    0x08002a88   0x0000006a   Code   RO         3568    i.MotorM3508_Send_Ampere  can2_hll.o
    0x08002af2   0x00000002   PAD
    0x08002af4   0x00000098   Code   RO         3569    i.Motor_Can2_Send   can2_hll.o
    0x08002b8c   0x00000098   Code   RO         3509    i.Motor_Can_Send    can1_hll.o
    0x08002c24   0x00000002   Code   RO          651    i.NMI_Handler       stm32f4xx_it.o
    0x08002c26   0x00000016   Code   RO          362    i.NVIC_EnableIRQ    dma.o
    0x08002c3c   0x00000016   Code   RO          419    i.NVIC_EnableIRQ    tim.o
    0x08002c52   0x00000016   Code   RO          546    i.NVIC_EnableIRQ    usart.o
    0x08002c68   0x00000032   Code   RO          363    i.NVIC_EncodePriority  dma.o
    0x08002c9a   0x00000032   Code   RO          420    i.NVIC_EncodePriority  tim.o
    0x08002ccc   0x00000032   Code   RO          547    i.NVIC_EncodePriority  usart.o
    0x08002cfe   0x00000002   PAD
    0x08002d00   0x00000010   Code   RO          421    i.NVIC_GetPriorityGrouping  tim.o
    0x08002d10   0x00000020   Code   RO          364    i.NVIC_SetPriority  dma.o
    0x08002d30   0x00000020   Code   RO          422    i.NVIC_SetPriority  tim.o
    0x08002d50   0x00000020   Code   RO          548    i.NVIC_SetPriority  usart.o
    0x08002d70   0x00000020   Code   RO         3012    i.NVIC_SetPriority  stm32f4xx_hal_cortex.o
    0x08002d90   0x0000001c   Code   RO         4002    i.Notify_Judge_Task  judge_task.o
    0x08002dac   0x0000006c   Code   RO         4255    i.Overchip_Task     over_chip_task.o
    0x08002e18   0x000000da   Code   RO         5232    i.Parse_Remoter_Data  remoter.o
    0x08002ef2   0x00000020   Code   RO         5900    i.Pid_Limit         pid.o
    0x08002f12   0x00000016   Code   RO         5902    i.Pid_Position_Calc  pid.o
    0x08002f28   0x00000018   Code   RO         5280    i.Power_Ctrl_Init   power_output.o
    0x08002f40   0x0000019c   Code   RO         3884    i.Print_Logo_2_Com  centre.o
    0x080030dc   0x00000010   Code   RO         5519    i.Pump_Init         pump.o
    0x080030ec   0x0000001c   Code   RO         1953    i.RCC_GetHCLKClockFreq  stm32f4xx_ll_rcc.o
    0x08003108   0x0000001c   Code   RO         1954    i.RCC_GetPCLK1ClockFreq  stm32f4xx_ll_rcc.o
    0x08003124   0x0000001c   Code   RO         1955    i.RCC_GetPCLK2ClockFreq  stm32f4xx_ll_rcc.o
    0x08003140   0x0000002c   Code   RO         1956    i.RCC_GetSystemClockFreq  stm32f4xx_ll_rcc.o
    0x0800316c   0x00000050   Code   RO         1961    i.RCC_PLL_GetFreqDomain_SYS  stm32f4xx_ll_rcc.o
    0x080031bc   0x0000001e   Code   RO         5776    i.Ramp_Calc_Int     math2.o
    0x080031da   0x00000036   Code   RO         5233    i.Rc_Data_Copy      remoter.o
    0x08003210   0x00000020   Code   RO         5234    i.Rc_Data_Reset     remoter.o
    0x08003230   0x0000002c   Code   RO         4044    i.Rc_Data_Update    remoter_task.o
    0x0800325c   0x0000006c   Code   RO         5235    i.Remoter_Data_Check  remoter.o
    0x080032c8   0x000000e8   Code   RO         4045    i.Remoter_Task      remoter_task.o
    0x080033b0   0x0000015c   Code   RO         4046    i.Robot_Rc_Mode_Change_Control  remoter_task.o
    0x0800350c   0x00000064   Code   RO         5591    i.Set_550_Motors_Angle  motor_550.o
    0x08003570   0x000000c0   Code   RO         5592    i.Set_550_Motors_Speed  motor_550.o
    0x08003630   0x00000024   Code   RO         4138    i.Set_Beep_Time     buzzer_task.o
    0x08003654   0x000000c4   Code   RO         5309    i.Set_Chassis_Motors_Speed  can1_motor.o
    0x08003718   0x00000048   Code   RO         5347    i.Set_Overturn_Motors_Speed  can2_motor.o
    0x08003760   0x00000164   Code   RO         4107    i.Start_Task        start_task.o
    0x080038c4   0x0000002c   Code   RO         5153    i.SysTick_Handler   port.o
    0x080038f0   0x000000dc   Code   RO           15    i.SystemClock_Config  main.o
    0x080039cc   0x0000001c   Code   RO         3466    i.SystemInit        system_stm32f4xx.o
    0x080039e8   0x0000000c   Code   RO          652    i.TIM1_UP_TIM10_IRQHandler  stm32f4xx_it.o
    0x080039f4   0x00000010   Code   RO         3827    i.TIM2_IRQHandler   encoder.o
    0x08003a04   0x00000014   Code   RO         3828    i.TIM4_IRQHandler   encoder.o
    0x08003a18   0x00000014   Code   RO         3829    i.TIM5_IRQHandler   encoder.o
    0x08003a2c   0x00000058   Code   RO         3625    i.TIM7_IRQHandler   tim_hll.o
    0x08003a84   0x000000c8   Code   RO          985    i.TIM_Base_SetConfig  stm32f4xx_hal_tim.o
    0x08003b4c   0x00000004   Code   RO         5778    i.U8_Array_To_U16   math2.o
    0x08003b50   0x00000004   Code   RO          653    i.USART1_IRQHandler  stm32f4xx_it.o
    0x08003b54   0x00000002   Code   RO          654    i.USART3_IRQHandler  stm32f4xx_it.o
    0x08003b56   0x00000004   Code   RO          655    i.USART6_IRQHandler  stm32f4xx_it.o
    0x08003b5a   0x00000002   PAD
    0x08003b5c   0x00000064   Code   RO         3705    i.USART6_RxIdleCallback  usart_hll.o
    0x08003bc0   0x0000008c   Code   RO         3706    i.USART_RxIdleCallback  usart_hll.o
    0x08003c4c   0x00000002   Code   RO          656    i.UsageFault_Handler  stm32f4xx_it.o
    0x08003c4e   0x00000002   PAD
    0x08003c50   0x0000003c   Code   RO         3707    i.Usart1_DMA_Reset  usart_hll.o
    0x08003c8c   0x0000003c   Code   RO         5628    i.Verify_CRC16_Check_Sum  crc_check.o
    0x08003cc8   0x00000026   Code   RO         5629    i.Verify_CRC8_Check_Sum  crc_check.o
    0x08003cee   0x000000f4   Code   RO         5236    i.Wasd_Key_To_Virtual_Rocker  remoter.o
    0x08003de2   0x00000002   PAD
    0x08003de4   0x00000020   Code   RO         6061    i.__0printf$3       mc_w.l(printf3.o)
    0x08003e04   0x0000000e   Code   RO         6279    i.__scatterload_copy  mc_w.l(handlers.o)
    0x08003e12   0x00000002   Code   RO         6280    i.__scatterload_null  mc_w.l(handlers.o)
    0x08003e14   0x0000000e   Code   RO         6281    i.__scatterload_zeroinit  mc_w.l(handlers.o)
    0x08003e22   0x00000002   PAD
    0x08003e24   0x000001b8   Code   RO         6068    i._printf_core      mc_w.l(printf3.o)
    0x08003fdc   0x0000006c   Code   RO         3885    i.base_init         centre.o
    0x08004048   0x00000018   Code   RO         3708    i.fputc             usart_hll.o
    0x08004060   0x00000024   Code   RO         5543    i.function_init     function.o
    0x08004084   0x0000006c   Code   RO           16    i.main              main.o
    0x080040f0   0x00000020   Code   RO         5544    i.overturn_task_first  function.o
    0x08004110   0x00000030   Code   RO         5545    i.overturn_task_second  function.o
    0x08004140   0x00000088   Code   RO         4776    i.prvAddCurrentTaskToDelayedList  tasks.o
    0x080041c8   0x000000f0   Code   RO         4777    i.prvAddNewTaskToReadyList  tasks.o
    0x080042b8   0x00000026   Code   RO         4428    i.prvCopyDataFromQueue  queue.o
    0x080042de   0x0000006c   Code   RO         4429    i.prvCopyDataToQueue  queue.o
    0x0800434a   0x00000014   Code   RO         4778    i.prvDeleteTCB      tasks.o
    0x0800435e   0x00000002   PAD
    0x08004360   0x0000004c   Code   RO         5097    i.prvHeapInit       heap_4.o
    0x080043ac   0x00000060   Code   RO         4779    i.prvIdleTask       tasks.o
    0x0800440c   0x000000c8   Code   RO         4780    i.prvInitialiseNewTask  tasks.o
    0x080044d4   0x0000004c   Code   RO         5098    i.prvInsertBlockIntoFreeList  heap_4.o
    0x08004520   0x0000001c   Code   RO         4430    i.prvIsQueueEmpty   queue.o
    0x0800453c   0x00000098   Code   RO         4431    i.prvNotifyQueueSetContainer  queue.o
    0x080045d4   0x0000001c   Code   RO         4781    i.prvResetNextTaskUnblockTime  tasks.o
    0x080045f0   0x00000064   Code   RO         5154    i.prvTaskExitError  port.o
    0x08004654   0x00000076   Code   RO         4432    i.prvUnlockQueue    queue.o
    0x080046ca   0x00000002   PAD
    0x080046cc   0x00000124   Code   RO         5099    i.pvPortMalloc      heap_4.o
    0x080047f0   0x00000018   Code   RO         4783    i.pvTaskIncrementMutexHeldCount  tasks.o
    0x08004808   0x0000002c   Code   RO         5155    i.pxPortInitialiseStack  port.o
    0x08004834   0x0000000e   Code   RO         3830    i.read_tim2_encoder  encoder.o
    0x08004842   0x00000002   PAD
    0x08004844   0x00000014   Code   RO         3831    i.read_tim4_encoder  encoder.o
    0x08004858   0x00000014   Code   RO         3832    i.read_tim5_encoder  encoder.o
    0x0800486c   0x00000018   Code   RO         3626    i.tim12_base_init   tim_hll.o
    0x08004884   0x0000003c   Code   RO         3627    i.tim3_base_init    tim_hll.o
    0x080048c0   0x00000018   Code   RO         3628    i.tim7_base_init    tim_hll.o
    0x080048d8   0x00000040   Code   RO         3629    i.tim8_base_init    tim_hll.o
    0x08004918   0x00000074   Code   RO         3630    i.timx_base_init    tim_hll.o
    0x0800498c   0x00000084   Code   RO         3709    i.usart1_base_init  usart_hll.o
    0x08004a10   0x00000054   Code   RO         3710    i.usart6_base_init  usart_hll.o
    0x08004a64   0x00000026   Code   RO         4388    i.uxListRemove      list.o
    0x08004a8a   0x00000016   Code   RO         4389    i.vListInitialise   list.o
    0x08004aa0   0x00000006   Code   RO         4390    i.vListInitialiseItem  list.o
    0x08004aa6   0x00000030   Code   RO         4391    i.vListInsert       list.o
    0x08004ad6   0x00000018   Code   RO         4392    i.vListInsertEnd    list.o
    0x08004aee   0x00000002   PAD
    0x08004af0   0x00000078   Code   RO         5157    i.vPortEnterCritical  port.o
    0x08004b68   0x00000064   Code   RO         5158    i.vPortExitCritical  port.o
    0x08004bcc   0x000000a0   Code   RO         5100    i.vPortFree         heap_4.o
    0x08004c6c   0x00000024   Code   RO         5159    i.vPortSetupTimerInterrupt  port.o
    0x08004c90   0x0000008c   Code   RO         5160    i.vPortValidateInterruptPriority  port.o
    0x08004d1c   0x0000006c   Code   RO         4790    i.vTaskDelay        tasks.o
    0x08004d88   0x000000d4   Code   RO         4791    i.vTaskDelete       tasks.o
    0x08004e5c   0x00000010   Code   RO         4794    i.vTaskInternalSetTimeOutState  tasks.o
    0x08004e6c   0x0000000c   Code   RO         4795    i.vTaskMissedYield  tasks.o
    0x08004e78   0x00000054   Code   RO         4796    i.vTaskPlaceOnEventList  tasks.o
    0x08004ecc   0x000000e4   Code   RO         4798    i.vTaskPriorityDisinheritAfterTimeout  tasks.o
    0x08004fb0   0x00000088   Code   RO         4803    i.vTaskStartScheduler  tasks.o
    0x08005038   0x00000010   Code   RO         4805    i.vTaskSuspendAll   tasks.o
    0x08005048   0x0000007c   Code   RO         4806    i.vTaskSwitchContext  tasks.o
    0x080050c4   0x00000124   Code   RO         5161    i.xPortStartScheduler  port.o
    0x080051e8   0x0000007c   Code   RO         4442    i.xQueueGenericCreate  queue.o
    0x08005264   0x000000d0   Code   RO         4443    i.xQueueGenericReset  queue.o
    0x08005334   0x0000018c   Code   RO         4444    i.xQueueGenericSend  queue.o
    0x080054c0   0x000000d0   Code   RO         4446    i.xQueueGiveFromISR  queue.o
    0x08005590   0x00000150   Code   RO         4452    i.xQueueReceive     queue.o
    0x080056e0   0x0000018c   Code   RO         4457    i.xQueueSemaphoreTake  queue.o
    0x0800586c   0x00000098   Code   RO         4808    i.xTaskCheckForTimeOut  tasks.o
    0x08005904   0x00000056   Code   RO         4809    i.xTaskCreate       tasks.o
    0x0800595a   0x00000002   PAD
    0x0800595c   0x00000194   Code   RO         4811    i.xTaskGenericNotifyFromISR  tasks.o
    0x08005af0   0x0000001c   Code   RO         4815    i.xTaskGetSchedulerState  tasks.o
    0x08005b0c   0x00000158   Code   RO         4818    i.xTaskIncrementTick  tasks.o
    0x08005c64   0x000000d4   Code   RO         4819    i.xTaskPriorityDisinherit  tasks.o
    0x08005d38   0x000000b0   Code   RO         4820    i.xTaskPriorityInherit  tasks.o
    0x08005de8   0x000000fc   Code   RO         4821    i.xTaskRemoveFromEventList  tasks.o
    0x08005ee4   0x00000150   Code   RO         4822    i.xTaskResumeAll    tasks.o
    0x08006034   0x0000001c   Data   RO          423    .constdata          tim.o
    0x08006050   0x00000008   Data   RO          549    .constdata          usart.o
    0x08006058   0x00000010   Data   RO         3467    .constdata          system_stm32f4xx.o
    0x08006068   0x00000008   Data   RO         3468    .constdata          system_stm32f4xx.o
    0x08006070   0x00000008   Data   RO         3712    .constdata          usart_hll.o
    0x08006078   0x00000300   Data   RO         5631    .constdata          crc_check.o
    0x08006378   0x00000020   Data   RO         6277    Region$$Table       anon$$obj.o


    Execution Region RW_IRAM2 (Base: 0x10000000, Size: 0x00000000, Max: 0x00010000, ABSOLUTE)

    **** No section assigned to this execution region ****


    Execution Region RW_IRAM1 (Base: 0x20000000, Size: 0x0000c5b0, Max: 0x00030000, ABSOLUTE, COMPRESSED[0x00000090])

    Base Addr    Size         Type   Attr      Idx    E Section Name        Object

    0x20000000   0x0000000c   Data   RW         3158    .data               stm32f4xx_hal.o
    0x2000000c   0x00000004   Data   RW         3469    .data               system_stm32f4xx.o
    0x20000010   0x00000018   Data   RW         3631    .data               tim_hll.o
    0x20000028   0x00000004   Data   RW         3714    .data               usart_hll.o
    0x2000002c   0x0000000c   Data   RW         4004    .data               judge_task.o
    0x20000038   0x00000018   Data   RW         4048    .data               remoter_task.o
    0x20000050   0x00000004   Data   RW         4049    .data               remoter_task.o
    0x20000054   0x00000001   Data   RW         4050    .data               remoter_task.o
    0x20000055   0x00000003   PAD
    0x20000058   0x00000004   Data   RW         4108    .data               start_task.o
    0x2000005c   0x00000004   Data   RW         4139    .data               buzzer_task.o
    0x20000060   0x00000004   Data   RW         4140    .data               buzzer_task.o
    0x20000064   0x0000000c   Data   RW         4179    .data               chassis_task.o
    0x20000070   0x00000004   Data   RW         4180    .data               chassis_task.o
    0x20000074   0x00000010   Data   RW         4217    .data               function_task.o
    0x20000084   0x00000004   Data   RW         4219    .data               function_task.o
    0x20000088   0x00000004   Data   RW         4256    .data               over_chip_task.o
    0x2000008c   0x00000040   Data   RW         4825    .data               tasks.o
    0x200000cc   0x00000020   Data   RW         5106    .data               heap_4.o
    0x200000ec   0x0000000c   Data   RW         5162    .data               port.o
    0x200000f8   0x00000118   Data   RW         5311    .data               can1_motor.o
    0x20000210   0x00000090   Data   RW         5349    .data               can2_motor.o
    0x200002a0   0x0000000c   Data   RW         5546    .data               function.o
    0x200002ac   0x00000154   Data   RW         5593    .data               motor_550.o
    0x20000400   0x00000002   Data   RW         5632    .data               crc_check.o
    0x20000402   0x00000002   PAD
    0x20000404   0x00000004   Data   RW         6257    .data               mc_w.l(stdout.o)
    0x20000408   0x00000040   Zero   RW          761    .bss                stm32f4xx_hal_timebase_tim.o
    0x20000448   0x000000c8   Zero   RW         3711    .bss                usart_hll.o
    0x20000510   0x00000080   Zero   RW         3918    .bss                detect_task.o
    0x20000590   0x00000080   Zero   RW         4003    .bss                judge_task.o
    0x20000610   0x0000003c   Zero   RW         4047    .bss                remoter_task.o
    0x2000064c   0x00000010   Zero   RW         4178    .bss                chassis_task.o
    0x2000065c   0x000002e4   Zero   RW         4824    .bss                tasks.o
    0x20000940   0x0000b800   Zero   RW         5105    .bss                heap_4.o
    0x2000c140   0x00000020   Zero   RW         5310    .bss                can1_motor.o
    0x2000c160   0x0000001c   Zero   RW         5348    .bss                can2_motor.o
    0x2000c17c   0x00000032   Zero   RW         5390    .bss                judge_system.o
    0x2000c1ae   0x00000002   PAD
    0x2000c1b0   0x00000400   Zero   RW            1    STACK               startup_stm32f427xx.o


==============================================================================

Image component sizes


      Code (inc. data)   RO Data    RW Data    ZI Data      Debug   Object Name

        20          6          0          0          0        618   buzzer.o
       184         46          0          8          0      27319   buzzer_task.o
       534         30          0          0          0       3656   can1_hll.o
       396         60          0        280         32       2341   can1_motor.o
       358         14          0          0          0       2443   can2_hll.o
        72          8          0        144         28       1457   can2_motor.o
       520        410          0          0          0       1052   centre.o
       472         12          0         16         16       1790   chassis_task.o
       170         16        768          2          0       3459   crc_check.o
        16          6          0          0        128       2093   detect_task.o
       196         10          0          0          0      28693   dma.o
       110         20          0          0          0      28670   encoder.o
         0          0          0          0          0      14620   event_groups.o
       116         36          0         12          0       2121   function.o
       384         50          0         20          0       2623   function_task.o
       236         24          0          0          0      48659   gpio.o
       604        134          0         32      47104       3979   heap_4.o
        48         28          0          0          0        515   init_task.o
       404         12          0          0         50       5338   judge_system.o
       136         30          0         12        128       1994   judge_task.o
       108         22          0          0          0       1486   led.o
       138          0          0          0          0       3174   list.o
         6          0          0          0          0        855   listen.o
       348         50          0          0          0     804794   main.o
        72          0          0          0          0       2745   math2.o
        24          0          0          0          0        843   motor.o
       292         38          0        340          0       1746   motor_550.o
       108         54          0          4          0        823   over_chip_task.o
       326          4          0          0          0       2276   pid.o
      1066        384          0         12          0      10893   port.o
        24          4          0          0          0       4822   power_output.o
        16          6          0          0          0        584   pump.o
      2112        270          0          0          0      13685   queue.o
       656          0          0          0          0       4054   remoter.o
       640         64          0         29         60       5174   remoter_task.o
       356        198          0          4          0        861   start_task.o
        36          8        428          0       1024        860   startup_stm32f427xx.o
        68          8          0         12          0       7812   stm32f4xx_hal.o
       154         14          0          0          0      29270   stm32f4xx_hal_cortex.o
        48          6          0          0          0        902   stm32f4xx_hal_msp.o
        96         22          0          0          0       1946   stm32f4xx_hal_rcc.o
       656         44          0          0          0       7328   stm32f4xx_hal_tim.o
         4          0          0          0          0       1669   stm32f4xx_hal_tim_ex.o
       116         16          0          0         64       1467   stm32f4xx_hal_timebase_tim.o
        36          6          0          0          0       5418   stm32f4xx_it.o
       310          0          0          0          0       6971   stm32f4xx_ll_gpio.o
       240         52          0          0          0      42355   stm32f4xx_ll_rcc.o
       714         54          0          0          0      33174   stm32f4xx_ll_tim.o
       360         32          0          0          0      15984   stm32f4xx_ll_usart.o
        42          6          0          0          0       8968   stm32f4xx_ll_utils.o
        28          6         24          4          0       1227   system_stm32f4xx.o
      3670        684          0         64        740      33655   tasks.o
      2208        106         28          0          0      44090   tim.o
       454         38          0         24          0      34907   tim_hll.o
      1040        102          8          0          0      37826   usart.o
       704        134          8          4        200      42925   usart_hll.o

    ----------------------------------------------------------------------
     22292       3384       1296       1028      49576    1401009   Object Totals
         0          0         32          0          0          0   (incl. Generated)
        40          0          0          5          2          0   (incl. Padding)

    ----------------------------------------------------------------------

      Code (inc. data)   RO Data    RW Data    ZI Data      Debug   Library Member Name

        86          0          0          0          0          0   __dczerorl2.o
         0          0          0          0          0          0   entry.o
         0          0          0          0          0          0   entry10a.o
         0          0          0          0          0          0   entry11a.o
         8          4          0          0          0          0   entry2.o
         4          0          0          0          0          0   entry5.o
         0          0          0          0          0          0   entry7b.o
         0          0          0          0          0          0   entry8b.o
         8          4          0          0          0          0   entry9a.o
        30          0          0          0          0          0   handlers.o
        36          8          0          0          0         68   init.o
         0          0          0          0          0          0   iusefp.o
        30          0          0          0          0         68   llshl.o
        36          0          0          0          0         68   llsshr.o
        32          0          0          0          0         68   llushr.o
        36          0          0          0          0         68   memcpya.o
        36          0          0          0          0        108   memseta.o
       472         14          0          0          0        184   printf3.o
         0          0          0          4          0          0   stdout.o
        44          0          0          0          0         80   uidiv.o
        98          0          0          0          0         92   uldiv.o
        56          0          0          0          0         88   d2f.o
       334          0          0          0          0        148   dadd.o
       222          0          0          0          0        100   ddiv.o
       186          0          0          0          0        176   depilogue.o
        38          0          0          0          0         68   f2d.o
       110          0          0          0          0        168   fepilogue.o

    ----------------------------------------------------------------------
      1908         30          0          4          0       1552   Library Totals
         6          0          0          0          0          0   (incl. Padding)

    ----------------------------------------------------------------------

      Code (inc. data)   RO Data    RW Data    ZI Data      Debug   Library Name

       956         30          0          4          0        804   mc_w.l
       946          0          0          0          0        748   mf_w.l

    ----------------------------------------------------------------------
      1908         30          0          4          0       1552   Library Totals

    ----------------------------------------------------------------------

==============================================================================


      Code (inc. data)   RO Data    RW Data    ZI Data      Debug   

     24200       3414       1296       1032      49576    1379469   Grand Totals
     24200       3414       1296        144      49576    1379469   ELF Image Totals (compressed)
     24200       3414       1296        144          0          0   ROM Totals

==============================================================================

    Total RO  Size (Code + RO Data)                25496 (  24.90kB)
    Total RW  Size (RW Data + ZI Data)             50608 (  49.42kB)
    Total ROM Size (Code + RO Data + RW Data)      25640 (  25.04kB)

==============================================================================

