<html>
<body>
<pre>
<h1>µVision Build Log</h1>
<h2>Tool Versions:</h2>
IDE-Version: ¦ÌVision V5.14.0.0
Copyright (C) 2015 ARM Ltd and ARM Germany GmbH. All rights reserved.
License Information: lc Microsoft, microsoft, LIC=X96CK-Z2FT6-GK6BG-VLN8M-CKLDG-39B73
 
Tool Versions:
Toolchain:       MDK-ARM Standard  Version: 5.14.0.0
Toolchain Path:  D:\keil5\ARM\ARMCC\Bin
C Compiler:      Armcc.exe V5.05 update 1 (build 106)
Assembler:       Armasm.exe V5.05 update 1 (build 106)
Linker/Locator:  ArmLink.exe V5.05 update 1 (build 106)
Library Manager: ArmAr.exe V5.05 update 1 (build 106)
Hex Converter:   FromElf.exe V5.05 update 1 (build 106)
CPU DLL:         SARMCM3.DLL V5.14.0.0
Dialog DLL:      DCM.DLL V1.13.1.0
Target DLL:      CMSIS_AGDI.dll V1.21.0.0
Dialog DLL:      TCM.DLL V1.14.4.0
 
<h2>Project:</h2>
C:\Users\Asus\Documents\HLL_ENGINEER_LL\HLL_ENGINEER_LL_2022\MDK-ARM\HLL_ENGINEER_LL.uvprojx
Project File Date:  04/29/2022

<h2>Output:</h2>
Build target 'HLL_ENGINEER_LL'
compiling tim_hll.c...
compiling function_task.c...
..\Task\src\function_task.c(16): warning:  #550-D: variable "remoter_control" was set but never used
  const static Rc_ctrl_t* remoter_control;
..\Task\src\function_task.c: 1 warning, 0 errors
linking...
Program Size: Code=26948 RO-data=1296 RW-data=1084 ZI-data=49724  
FromELF: creating hex file...
"HLL_ENGINEER_LL\HLL_ENGINEER_LL.axf" - 0 Error(s), 1 Warning(s).

<h2>Software Packages used:</h2>

Package Vendor: ARM
                http://www.keil.com/pack/ARM.CMSIS.4.2.0.pack
                ARM::CMSIS:CORE:3.40.0
                CMSIS (Cortex Microcontroller Software Interface Standard)
   * Component: CORE Version: 3.40.0

<h2>Collection of Component include folders:</h2>
  C:\Users\Asus\Documents\HLL_ENGINEER_LL\HLL_ENGINEER_LL_2022\MDK-ARM\RTE
  D:\keil5\ARM\PACK\ARM\CMSIS\4.2.0\CMSIS\Include
  D:\keil5\ARM\PACK\Keil\STM32F4xx_DFP\2.15.0

<h2>Collection of Component Files used:</h2>

   * Component: ARM::CMSIS:CORE:3.40.0
      Source file:   CMSIS\UserCodeTemplates\ARM\ITM_Retarget.c
</pre>
</body>
</html>
