Component: ARM Compiler 5.05 update 1 (build 106) Tool: armlink [4d0efa]

==============================================================================

Section Cross References

    startup_stm32f427xx.o(STACK) refers (Special) to heapauxi.o(.text) for __use_two_region_memory
    startup_stm32f427xx.o(HEAP) refers (Special) to heapauxi.o(.text) for __use_two_region_memory
    startup_stm32f427xx.o(RESET) refers (Special) to heapauxi.o(.text) for __use_two_region_memory
    startup_stm32f427xx.o(RESET) refers to startup_stm32f427xx.o(STACK) for __initial_sp
    startup_stm32f427xx.o(RESET) refers to startup_stm32f427xx.o(.text) for Reset_Handler
    startup_stm32f427xx.o(RESET) refers to stm32f4xx_it.o(i.NMI_Handler) for NMI_Handler
    startup_stm32f427xx.o(RESET) refers to stm32f4xx_it.o(i.HardFault_Handler) for HardFault_Handler
    startup_stm32f427xx.o(RESET) refers to stm32f4xx_it.o(i.MemManage_Handler) for MemManage_Handler
    startup_stm32f427xx.o(RESET) refers to stm32f4xx_it.o(i.BusFault_Handler) for BusFault_Handler
    startup_stm32f427xx.o(RESET) refers to stm32f4xx_it.o(i.UsageFault_Handler) for UsageFault_Handler
    startup_stm32f427xx.o(RESET) refers to port.o(.emb_text) for SVC_Handler
    startup_stm32f427xx.o(RESET) refers to stm32f4xx_it.o(i.DebugMon_Handler) for DebugMon_Handler
    startup_stm32f427xx.o(RESET) refers to port.o(i.SysTick_Handler) for SysTick_Handler
    startup_stm32f427xx.o(RESET) refers to can1_motor.o(i.CAN1_RX0_IRQHandler) for CAN1_RX0_IRQHandler
    startup_stm32f427xx.o(RESET) refers to stm32f4xx_it.o(i.TIM1_UP_TIM10_IRQHandler) for TIM1_UP_TIM10_IRQHandler
    startup_stm32f427xx.o(RESET) refers to encoder.o(i.TIM2_IRQHandler) for TIM2_IRQHandler
    startup_stm32f427xx.o(RESET) refers to encoder.o(i.TIM4_IRQHandler) for TIM4_IRQHandler
    startup_stm32f427xx.o(RESET) refers to stm32f4xx_it.o(i.USART1_IRQHandler) for USART1_IRQHandler
    startup_stm32f427xx.o(RESET) refers to stm32f4xx_it.o(i.USART3_IRQHandler) for USART3_IRQHandler
    startup_stm32f427xx.o(RESET) refers to encoder.o(i.TIM5_IRQHandler) for TIM5_IRQHandler
    startup_stm32f427xx.o(RESET) refers to tim_hll.o(i.TIM7_IRQHandler) for TIM7_IRQHandler
    startup_stm32f427xx.o(RESET) refers to stm32f4xx_it.o(i.DMA2_Stream1_IRQHandler) for DMA2_Stream1_IRQHandler
    startup_stm32f427xx.o(RESET) refers to usart_hll.o(i.DMA2_Stream2_IRQHandler) for DMA2_Stream2_IRQHandler
    startup_stm32f427xx.o(RESET) refers to stm32f4xx_it.o(i.USART6_IRQHandler) for USART6_IRQHandler
    startup_stm32f427xx.o(.text) refers (Special) to heapauxi.o(.text) for __use_two_region_memory
    startup_stm32f427xx.o(.text) refers to system_stm32f4xx.o(i.SystemInit) for SystemInit
    startup_stm32f427xx.o(.text) refers to __main.o(!!!main) for __main
    startup_stm32f427xx.o(.text) refers to startup_stm32f427xx.o(HEAP) for Heap_Mem
    startup_stm32f427xx.o(.text) refers to startup_stm32f427xx.o(STACK) for Stack_Mem
    main.o(i.HAL_TIM_PeriodElapsedCallback) refers to stm32f4xx_hal.o(i.HAL_IncTick) for HAL_IncTick
    main.o(i.SystemClock_Config) refers to stm32f4xx_ll_utils.o(i.LL_SetSystemCoreClock) for LL_SetSystemCoreClock
    main.o(i.SystemClock_Config) refers to stm32f4xx_hal_timebase_tim.o(i.HAL_InitTick) for HAL_InitTick
    main.o(i.main) refers to stm32f4xx_hal.o(i.HAL_Init) for HAL_Init
    main.o(i.main) refers to main.o(i.SystemClock_Config) for SystemClock_Config
    main.o(i.main) refers to gpio.o(i.MX_GPIO_Init) for MX_GPIO_Init
    main.o(i.main) refers to dma.o(i.MX_DMA_Init) for MX_DMA_Init
    main.o(i.main) refers to usart.o(i.MX_USART1_UART_Init) for MX_USART1_UART_Init
    main.o(i.main) refers to tim.o(i.MX_TIM2_Init) for MX_TIM2_Init
    main.o(i.main) refers to tim.o(i.MX_TIM4_Init) for MX_TIM4_Init
    main.o(i.main) refers to tim.o(i.MX_TIM5_Init) for MX_TIM5_Init
    main.o(i.main) refers to usart.o(i.MX_USART3_UART_Init) for MX_USART3_UART_Init
    main.o(i.main) refers to tim.o(i.MX_TIM3_Init) for MX_TIM3_Init
    main.o(i.main) refers to tim.o(i.MX_TIM8_Init) for MX_TIM8_Init
    main.o(i.main) refers to tim.o(i.MX_TIM7_Init) for MX_TIM7_Init
    main.o(i.main) refers to usart.o(i.MX_USART6_UART_Init) for MX_USART6_UART_Init
    main.o(i.main) refers to tim.o(i.MX_TIM12_Init) for MX_TIM12_Init
    main.o(i.main) refers to init_task.o(i.All_Init) for All_Init
    main.o(i.main) refers to tasks.o(i.xTaskCreate) for xTaskCreate
    main.o(i.main) refers to tasks.o(i.vTaskStartScheduler) for vTaskStartScheduler
    main.o(i.main) refers to start_task.o(.data) for StartTask_Handler
    main.o(i.main) refers to start_task.o(i.Start_Task) for Start_Task
    gpio.o(i.MX_GPIO_Init) refers to rt_memclr_w.o(.text) for __aeabi_memclr4
    gpio.o(i.MX_GPIO_Init) refers to gpio.o(i.LL_AHB1_GRP1_EnableClock) for LL_AHB1_GRP1_EnableClock
    gpio.o(i.MX_GPIO_Init) refers to stm32f4xx_ll_gpio.o(i.LL_GPIO_Init) for LL_GPIO_Init
[...]
    chassis_motor                            0x2000bdd8   Data          32  can1_motor.o(.bss)
    .bss                                     0x2000bdf8   Section       50  judge_system.o(.bss)
    judge_data                               0x2000bdf8   Data          50  judge_system.o(.bss)
    .bss                                     0x2000be2c   Section       84  stdio_streams.o(.bss)
    .bss                                     0x2000be80   Section       84  stdio_streams.o(.bss)
    .bss                                     0x2000bed4   Section       84  stdio_streams.o(.bss)
    .bss                                     0x2000bf28   Section       96  libspace.o(.bss)
    HEAP                                     0x2000bf88   Section      512  startup_stm32f427xx.o(HEAP)
    Heap_Mem                                 0x2000bf88   Data         512  startup_stm32f427xx.o(HEAP)
    STACK                                    0x2000c188   Section     1024  startup_stm32f427xx.o(STACK)
    Stack_Mem                                0x2000c188   Data        1024  startup_stm32f427xx.o(STACK)
    __initial_sp                             0x2000c588   Data           0  startup_stm32f427xx.o(STACK)

    Global Symbols

    Symbol Name                              Value     Ov Type        Size  Object(Section)

    BuildAttributes$$THM_ISAv4$E$P$D$K$B$S$7EM$VFPi3$EXTD16$VFPS$VFMA$PE$A:L22UL41UL21$X:L11$S22US41US21$IEEE1$IW$USESV6$~STKCKD$USESV7$~SHL$OTIME$ROPI$EBA8$UX$STANDARDLIB$REQ8$PRES8$EABIv2 0x00000000   Number         0  anon$$obj.o ABSOLUTE
    __ARM_use_no_argv                        0x00000000   Number         0  main.o ABSOLUTE
    __ARM_exceptions_init                     - Undefined Weak Reference
    __alloca_initialize                       - Undefined Weak Reference
    __arm_preinit_                            - Undefined Weak Reference
    __cpp_initialize__aeabi_                  - Undefined Weak Reference
    __cxa_finalize                            - Undefined Weak Reference
    __rt_locale                               - Undefined Weak Reference
    __sigvec_lookup                           - Undefined Weak Reference
    __user_heap_extent                        - Undefined Weak Reference
    _atexit_init                              - Undefined Weak Reference
    _call_atexit_fns                          - Undefined Weak Reference
    _clock_init                               - Undefined Weak Reference
    _fp_trap_init                             - Undefined Weak Reference
    _fp_trap_shutdown                         - Undefined Weak Reference
    _get_lc_collate                           - Undefined Weak Reference
    _get_lc_ctype                             - Undefined Weak Reference
    _get_lc_monetary                          - Undefined Weak Reference
    _get_lc_numeric                           - Undefined Weak Reference
    _get_lc_time                              - Undefined Weak Reference
    _getenv_init                              - Undefined Weak Reference
    _handle_redirection                       - Undefined Weak Reference
    _mutex_acquire                            - Undefined Weak Reference
    _mutex_free                               - Undefined Weak Reference
    _mutex_release                            - Undefined Weak Reference
    _printf_mbtowc                            - Undefined Weak Reference
    _printf_post_padding                      - Undefined Weak Reference
    _printf_pre_padding                       - Undefined Weak Reference
    _printf_truncate_signed                   - Undefined Weak Reference
    _printf_truncate_unsigned                 - Undefined Weak Reference
    _rand_init                                - Undefined Weak Reference
    _signal_finish                            - Undefined Weak Reference
    _signal_init                              - Undefined Weak Reference
    __Vectors_Size                           0x000001ac   Number         0  startup_stm32f427xx.o ABSOLUTE
    __Vectors                                0x08000000   Data           4  startup_stm32f427xx.o(RESET)
    __Vectors_End                            0x080001ac   Data           0  startup_stm32f427xx.o(RESET)
    __main                                   0x080001ad   Thumb Code     8  __main.o(!!!main)
    __scatterload                            0x080001b5   Thumb Code     0  __scatter.o(!!!scatter)
    __scatterload_rt2                        0x080001b5   Thumb Code    44  __scatter.o(!!!scatter)
    __scatterload_rt2_thumb_only             0x080001b5   Thumb Code     0  __scatter.o(!!!scatter)
    __scatterload_null                       0x080001c3   Thumb Code     0  __scatter.o(!!!scatter)
    __scatterload_copy                       0x080001e9   Thumb Code    26  __scatter_copy.o(!!handler_copy)
    __scatterload_zeroinit                   0x08000205   Thumb Code    28  __scatter_zi.o(!!handler_zi)
    _printf_d                                0x08000221   Thumb Code     0  _printf_d.o(.ARM.Collect$$_printf_percent$$00000009)
    _printf_percent                          0x08000221   Thumb Code     0  _printf_percent.o(.ARM.Collect$$_printf_percent$$00000000)
    _printf_s                                0x08000227   Thumb Code     0  _printf_s.o(.ARM.Collect$$_printf_percent$$00000014)
    _printf_percent_end                      0x0800022d   Thumb Code     0  _printf_percent_end.o(.ARM.Collect$$_printf_percent$$00000017)
    __rt_lib_init                            0x08000231   Thumb Code     0  libinit.o(.ARM.Collect$$libinit$$00000000)
    __rt_lib_init_fp_1                       0x08000233   Thumb Code     0  libinit2.o(.ARM.Collect$$libinit$$00000001)
    __rt_lib_init_heap_2                     0x08000237   Thumb Code     0  libinit2.o(.ARM.Collect$$libinit$$00000005)
    __rt_lib_init_preinit_1                  0x08000237   Thumb Code     0  libinit2.o(.ARM.Collect$$libinit$$00000004)
    __rt_lib_init_atexit_1                   0x0800023f   Thumb Code     0  libinit2.o(.ARM.Collect$$libinit$$0000001B)
    __rt_lib_init_clock_1                    0x0800023f   Thumb Code     0  libinit2.o(.ARM.Collect$$libinit$$00000021)
    __rt_lib_init_fp_trap_1                  0x0800023f   Thumb Code     0  libinit2.o(.ARM.Collect$$libinit$$0000001F)
    __rt_lib_init_getenv_1                   0x0800023f   Thumb Code     0  libinit2.o(.ARM.Collect$$libinit$$00000023)
    __rt_lib_init_heap_1                     0x0800023f   Thumb Code     0  libinit2.o(.ARM.Collect$$libinit$$0000000A)
    __rt_lib_init_lc_collate_1               0x0800023f   Thumb Code     0  libinit2.o(.ARM.Collect$$libinit$$00000011)
    __rt_lib_init_lc_ctype_1                 0x0800023f   Thumb Code     0  libinit2.o(.ARM.Collect$$libinit$$00000013)
    __rt_lib_init_lc_monetary_1              0x0800023f   Thumb Code     0  libinit2.o(.ARM.Collect$$libinit$$00000015)
    __rt_lib_init_lc_numeric_1               0x0800023f   Thumb Code     0  libinit2.o(.ARM.Collect$$libinit$$00000017)
    __rt_lib_init_lc_time_1                  0x0800023f   Thumb Code     0  libinit2.o(.ARM.Collect$$libinit$$00000019)
    __rt_lib_init_rand_1                     0x0800023f   Thumb Code     0  libinit2.o(.ARM.Collect$$libinit$$0000000E)
    __rt_lib_init_signal_1                   0x0800023f   Thumb Code     0  libinit2.o(.ARM.Collect$$libinit$$0000001D)
    __rt_lib_init_stdio_2                    0x0800023f   Thumb Code     0  libinit2.o(.ARM.Collect$$libinit$$00000024)
    __rt_lib_init_user_alloc_1               0x0800023f   Thumb Code     0  libinit2.o(.ARM.Collect$$libinit$$0000000C)
    __rt_lib_init_alloca_1                   0x08000243   Thumb Code     0  libinit2.o(.ARM.Collect$$libinit$$0000002E)
    __rt_lib_init_argv_1                     0x08000243   Thumb Code     0  libinit2.o(.ARM.Collect$$libinit$$0000002C)
    __rt_lib_init_cpp_1                      0x08000243   Thumb Code     0  libinit2.o(.ARM.Collect$$libinit$$00000032)
    __rt_lib_init_exceptions_1               0x08000243   Thumb Code     0  libinit2.o(.ARM.Collect$$libinit$$00000030)
    __rt_lib_init_return                     0x08000243   Thumb Code     0  libinit2.o(.ARM.Collect$$libinit$$00000033)
    __rt_lib_init_stdio_1                    0x08000243   Thumb Code     0  libinit2.o(.ARM.Collect$$libinit$$00000025)
    __rt_lib_shutdown                        0x08000245   Thumb Code     0  libshutdown.o(.ARM.Collect$$libshutdown$$00000000)
    __rt_lib_shutdown_stdio_2                0x08000247   Thumb Code     0  libshutdown2.o(.ARM.Collect$$libshutdown$$00000002)
    __rt_lib_shutdown_fp_trap_1              0x0800024b   Thumb Code     0  libshutdown2.o(.ARM.Collect$$libshutdown$$00000006)
    __rt_lib_shutdown_heap_1                 0x0800024b   Thumb Code     0  libshutdown2.o(.ARM.Collect$$libshutdown$$0000000E)
    __rt_lib_shutdown_return                 0x0800024b   Thumb Code     0  libshutdown2.o(.ARM.Collect$$libshutdown$$0000000F)
    __rt_lib_shutdown_signal_1               0x0800024b   Thumb Code     0  libshutdown2.o(.ARM.Collect$$libshutdown$$00000009)
    __rt_lib_shutdown_stdio_1                0x0800024b   Thumb Code     0  libshutdown2.o(.ARM.Collect$$libshutdown$$00000003)
    __rt_lib_shutdown_user_alloc_1           0x0800024b   Thumb Code     0  libshutdown2.o(.ARM.Collect$$libshutdown$$0000000B)
    __rt_entry                               0x0800024d   Thumb Code     0  __rtentry.o(.ARM.Collect$$rtentry$$00000000)
    __rt_entry_presh_1                       0x0800024d   Thumb Code     0  __rtentry2.o(.ARM.Collect$$rtentry$$00000002)
    __rt_entry_sh                            0x0800024d   Thumb Code     0  __rtentry4.o(.ARM.Collect$$rtentry$$00000004)
    __rt_entry_li                            0x08000253   Thumb Code     0  __rtentry2.o(.ARM.Collect$$rtentry$$0000000A)
    __rt_entry_postsh_1                      0x08000253   Thumb Code     0  __rtentry2.o(.ARM.Collect$$rtentry$$00000009)
    __rt_entry_main                          0x08000257   Thumb Code     0  __rtentry2.o(.ARM.Collect$$rtentry$$0000000D)
    __rt_entry_postli_1                      0x08000257   Thumb Code     0  __rtentry2.o(.ARM.Collect$$rtentry$$0000000C)
    __rt_exit                                0x0800025f   Thumb Code     0  rtexit.o(.ARM.Collect$$rtexit$$00000000)
    __rt_exit_ls                             0x08000261   Thumb Code     0  rtexit2.o(.ARM.Collect$$rtexit$$00000003)
    __rt_exit_prels_1                        0x08000261   Thumb Code     0  rtexit2.o(.ARM.Collect$$rtexit$$00000002)
    __rt_exit_exit                           0x08000265   Thumb Code     0  rtexit2.o(.ARM.Collect$$rtexit$$00000004)
    SVC_Handler                              0x0800026d   Thumb Code    28  port.o(.emb_text)
    __asm___6_port_c_39a90d8d__prvStartFirstTask 0x0800028d   Thumb Code    36  port.o(.emb_text)
    __asm___6_port_c_39a90d8d__prvEnableVFP  0x080002b5   Thumb Code    16  port.o(.emb_text)
    PendSV_Handler                           0x080002c9   Thumb Code    88  port.o(.emb_text)
    vPortGetIPSR                             0x08000325   Thumb Code     6  port.o(.emb_text)
    Reset_Handler                            0x0800032d   Thumb Code     8  startup_stm32f427xx.o(.text)
    _maybe_terminate_alloc                   0x0800032d   Thumb Code     0  maybetermalloc1.o(.emb_text)
    ADC_IRQHandler                           0x08000347   Thumb Code     0  startup_stm32f427xx.o(.text)
    CAN1_RX1_IRQHandler                      0x08000347   Thumb Code     0  startup_stm32f427xx.o(.text)
    CAN1_SCE_IRQHandler                      0x08000347   Thumb Code     0  startup_stm32f427xx.o(.text)
    CAN1_TX_IRQHandler                       0x08000347   Thumb Code     0  startup_stm32f427xx.o(.text)
    CAN2_RX0_IRQHandler                      0x08000347   Thumb Code     0  startup_stm32f427xx.o(.text)
    CAN2_RX1_IRQHandler                      0x08000347   Thumb Code     0  startup_stm32f427xx.o(.text)
    CAN2_SCE_IRQHandler                      0x08000347   Thumb Code     0  startup_stm32f427xx.o(.text)
    CAN2_TX_IRQHandler                       0x08000347   Thumb Code     0  startup_stm32f427xx.o(.text)
    DCMI_IRQHandler                          0x08000347   Thumb Code     0  startup_stm32f427xx.o(.text)
    DMA1_Stream0_IRQHandler                  0x08000347   Thumb Code     0  startup_stm32f427xx.o(.text)
    DMA1_Stream1_IRQHandler                  0x08000347   Thumb Code     0  startup_stm32f427xx.o(.text)
    DMA1_Stream2_IRQHandler                  0x08000347   Thumb Code     0  startup_stm32f427xx.o(.text)
    DMA1_Stream3_IRQHandler                  0x08000347   Thumb Code     0  startup_stm32f427xx.o(.text)
    DMA1_Stream4_IRQHandler                  0x08000347   Thumb Code     0  startup_stm32f427xx.o(.text)
    DMA1_Stream5_IRQHandler                  0x08000347   Thumb Code     0  startup_stm32f427xx.o(.text)
    DMA1_Stream6_IRQHandler                  0x08000347   Thumb Code     0  startup_stm32f427xx.o(.text)
    DMA1_Stream7_IRQHandler                  0x08000347   Thumb Code     0  startup_stm32f427xx.o(.text)
    DMA2D_IRQHandler                         0x08000347   Thumb Code     0  startup_stm32f427xx.o(.text)
    DMA2_Stream0_IRQHandler                  0x08000347   Thumb Code     0  startup_stm32f427xx.o(.text)
    DMA2_Stream3_IRQHandler                  0x08000347   Thumb Code     0  startup_stm32f427xx.o(.text)
    DMA2_Stream4_IRQHandler                  0x08000347   Thumb Code     0  startup_stm32f427xx.o(.text)
    DMA2_Stream5_IRQHandler                  0x08000347   Thumb Code     0  startup_stm32f427xx.o(.text)
    DMA2_Stream6_IRQHandler                  0x08000347   Thumb Code     0  startup_stm32f427xx.o(.text)
    DMA2_Stream7_IRQHandler                  0x08000347   Thumb Code     0  startup_stm32f427xx.o(.text)
    ETH_IRQHandler                           0x08000347   Thumb Code     0  startup_stm32f427xx.o(.text)
    ETH_WKUP_IRQHandler                      0x08000347   Thumb Code     0  startup_stm32f427xx.o(.text)
    EXTI0_IRQHandler                         0x08000347   Thumb Code     0  startup_stm32f427xx.o(.text)
    EXTI15_10_IRQHandler                     0x08000347   Thumb Code     0  startup_stm32f427xx.o(.text)
    EXTI1_IRQHandler                         0x08000347   Thumb Code     0  startup_stm32f427xx.o(.text)
    EXTI2_IRQHandler                         0x08000347   Thumb Code     0  startup_stm32f427xx.o(.text)
    EXTI3_IRQHandler                         0x08000347   Thumb Code     0  startup_stm32f427xx.o(.text)
    EXTI4_IRQHandler                         0x08000347   Thumb Code     0  startup_stm32f427xx.o(.text)
    EXTI9_5_IRQHandler                       0x08000347   Thumb Code     0  startup_stm32f427xx.o(.text)
    FLASH_IRQHandler                         0x08000347   Thumb Code     0  startup_stm32f427xx.o(.text)
    FMC_IRQHandler                           0x08000347   Thumb Code     0  startup_stm32f427xx.o(.text)
    FPU_IRQHandler                           0x08000347   Thumb Code     0  startup_stm32f427xx.o(.text)
    HASH_RNG_IRQHandler                      0x08000347   Thumb Code     0  startup_stm32f427xx.o(.text)
    I2C1_ER_IRQHandler                       0x08000347   Thumb Code     0  startup_stm32f427xx.o(.text)
    I2C1_EV_IRQHandler                       0x08000347   Thumb Code     0  startup_stm32f427xx.o(.text)
    I2C2_ER_IRQHandler                       0x08000347   Thumb Code     0  startup_stm32f427xx.o(.text)
    I2C2_EV_IRQHandler                       0x08000347   Thumb Code     0  startup_stm32f427xx.o(.text)
    I2C3_ER_IRQHandler                       0x08000347   Thumb Code     0  startup_stm32f427xx.o(.text)
    I2C3_EV_IRQHandler                       0x08000347   Thumb Code     0  startup_stm32f427xx.o(.text)
    OTG_FS_IRQHandler                        0x08000347   Thumb Code     0  startup_stm32f427xx.o(.text)
    OTG_FS_WKUP_IRQHandler                   0x08000347   Thumb Code     0  startup_stm32f427xx.o(.text)
    OTG_HS_EP1_IN_IRQHandler                 0x08000347   Thumb Code     0  startup_stm32f427xx.o(.text)
    OTG_HS_EP1_OUT_IRQHandler                0x08000347   Thumb Code     0  startup_stm32f427xx.o(.text)
    OTG_HS_IRQHandler                        0x08000347   Thumb Code     0  startup_stm32f427xx.o(.text)
    OTG_HS_WKUP_IRQHandler                   0x08000347   Thumb Code     0  startup_stm32f427xx.o(.text)
    PVD_IRQHandler                           0x08000347   Thumb Code     0  startup_stm32f427xx.o(.text)
    RCC_IRQHandler                           0x08000347   Thumb Code     0  startup_stm32f427xx.o(.text)
    RTC_Alarm_IRQHandler                     0x08000347   Thumb Code     0  startup_stm32f427xx.o(.text)
    RTC_WKUP_IRQHandler                      0x08000347   Thumb Code     0  startup_stm32f427xx.o(.text)
    SAI1_IRQHandler                          0x08000347   Thumb Code     0  startup_stm32f427xx.o(.text)
    SDIO_IRQHandler                          0x08000347   Thumb Code     0  startup_stm32f427xx.o(.text)
    SPI1_IRQHandler                          0x08000347   Thumb Code     0  startup_stm32f427xx.o(.text)
    SPI2_IRQHandler                          0x08000347   Thumb Code     0  startup_stm32f427xx.o(.text)
    SPI3_IRQHandler                          0x08000347   Thumb Code     0  startup_stm32f427xx.o(.text)
    SPI4_IRQHandler                          0x08000347   Thumb Code     0  startup_stm32f427xx.o(.text)
    SPI5_IRQHandler                          0x08000347   Thumb Code     0  startup_stm32f427xx.o(.text)
    SPI6_IRQHandler                          0x08000347   Thumb Code     0  startup_stm32f427xx.o(.text)
    TAMP_STAMP_IRQHandler                    0x08000347   Thumb Code     0  startup_stm32f427xx.o(.text)
    TIM1_BRK_TIM9_IRQHandler                 0x08000347   Thumb Code     0  startup_stm32f427xx.o(.text)
    TIM1_CC_IRQHandler                       0x08000347   Thumb Code     0  startup_stm32f427xx.o(.text)
    TIM1_TRG_COM_TIM11_IRQHandler            0x08000347   Thumb Code     0  startup_stm32f427xx.o(.text)
    TIM3_IRQHandler                          0x08000347   Thumb Code     0  startup_stm32f427xx.o(.text)
    TIM6_DAC_IRQHandler                      0x08000347   Thumb Code     0  startup_stm32f427xx.o(.text)
    TIM8_BRK_TIM12_IRQHandler                0x08000347   Thumb Code     0  startup_stm32f427xx.o(.text)
    TIM8_CC_IRQHandler                       0x08000347   Thumb Code     0  startup_stm32f427xx.o(.text)
    TIM8_TRG_COM_TIM14_IRQHandler            0x08000347   Thumb Code     0  startup_stm32f427xx.o(.text)
    TIM8_UP_TIM13_IRQHandler                 0x08000347   Thumb Code     0  startup_stm32f427xx.o(.text)
    UART4_IRQHandler                         0x08000347   Thumb Code     0  startup_stm32f427xx.o(.text)
    UART5_IRQHandler                         0x08000347   Thumb Code     0  startup_stm32f427xx.o(.text)
    UART7_IRQHandler                         0x08000347   Thumb Code     0  startup_stm32f427xx.o(.text)
    UART8_IRQHandler                         0x08000347   Thumb Code     0  startup_stm32f427xx.o(.text)
    USART2_IRQHandler                        0x08000347   Thumb Code     0  startup_stm32f427xx.o(.text)
    WWDG_IRQHandler                          0x08000347   Thumb Code     0  startup_stm32f427xx.o(.text)
    __user_initial_stackheap                 0x08000349   Thumb Code     0  startup_stm32f427xx.o(.text)
    __aeabi_uldivmod                         0x0800036d   Thumb Code     0  lludivv7m.o(.text)
    _ll_udiv                                 0x0800036d   Thumb Code   238  lludivv7m.o(.text)
    __2printf                                0x0800045d   Thumb Code    20  noretval__2printf.o(.text)
    __printf                                 0x08000475   Thumb Code   104  __printf.o(.text)
    _printf_str                              0x080004dd   Thumb Code    82  _printf_str.o(.text)
    _printf_int_dec                          0x08000531   Thumb Code   104  _printf_dec.o(.text)
    __aeabi_memcpy                           0x080005a9   Thumb Code     0  rt_memcpy_v6.o(.text)
    __rt_memcpy                              0x080005a9   Thumb Code   138  rt_memcpy_v6.o(.text)
    _memcpy_lastbytes                        0x0800060f   Thumb Code     0  rt_memcpy_v6.o(.text)
    __aeabi_memclr4                          0x08000633   Thumb Code     0  rt_memclr_w.o(.text)
    __aeabi_memclr8                          0x08000633   Thumb Code     0  rt_memclr_w.o(.text)
    __rt_memclr_w                            0x08000633   Thumb Code    78  rt_memclr_w.o(.text)
    _memset_w                                0x08000637   Thumb Code     0  rt_memclr_w.o(.text)
    __use_two_region_memory                  0x08000681   Thumb Code     2  heapauxi.o(.text)
    __rt_heap_escrow                         0x08000683   Thumb Code     2  heapauxi.o(.text)
    __rt_heap_expand                         0x08000685   Thumb Code     2  heapauxi.o(.text)
    _printf_int_common                       0x08000687   Thumb Code   178  _printf_intcommon.o(.text)
    _printf_cs_common                        0x08000739   Thumb Code    20  _printf_char.o(.text)
    _printf_char                             0x0800074d   Thumb Code    16  _printf_char.o(.text)
    _printf_string                           0x0800075d   Thumb Code     8  _printf_char.o(.text)
    _printf_char_file                        0x08000765   Thumb Code    32  _printf_char_file.o(.text)
    __aeabi_memcpy4                          0x08000789   Thumb Code     0  rt_memcpy_w.o(.text)
    __aeabi_memcpy8                          0x08000789   Thumb Code     0  rt_memcpy_w.o(.text)
    __rt_memcpy_w                            0x08000789   Thumb Code   100  rt_memcpy_w.o(.text)
    _memcpy_lastbytes_aligned                0x080007d1   Thumb Code     0  rt_memcpy_w.o(.text)
    _printf_char_common                      0x080007f7   Thumb Code    32  _printf_char_common.o(.text)
    ferror                                   0x0800081d   Thumb Code     8  ferror.o(.text)
    _initio                                  0x08000825   Thumb Code   210  initio.o(.text)
    _terminateio                             0x080008f7   Thumb Code    56  initio.o(.text)
    _sys_open                                0x0800095d   Thumb Code    20  sys_io.o(.text)
    _sys_close                               0x08000971   Thumb Code    12  sys_io.o(.text)
    _sys_write                               0x0800097d   Thumb Code    16  sys_io.o(.text)
    _sys_read                                0x0800098d   Thumb Code    14  sys_io.o(.text)
    _sys_istty                               0x0800099b   Thumb Code    12  sys_io.o(.text)
    _sys_seek                                0x080009a7   Thumb Code    14  sys_io.o(.text)
    _sys_ensure                              0x080009b5   Thumb Code     2  sys_io.o(.text)
    _sys_flen                                0x080009b7   Thumb Code    12  sys_io.o(.text)
    __user_setup_stackheap                   0x080009c3   Thumb Code    74  sys_stackheap_outer.o(.text)
    free                                     0x08000a0d   Thumb Code    78  h1_free.o(.text)
    setvbuf                                  0x08000a5b   Thumb Code    70  setvbuf.o(.text)
    freopen                                  0x08000aa1   Thumb Code   158  fopen.o(.text)
    fopen                                    0x08000b3f   Thumb Code    74  fopen.o(.text)
    _fclose_internal                         0x08000b8d   Thumb Code    76  fclose.o(.text)
    fclose                                   0x08000b8d   Thumb Code     0  fclose.o(.text)
    exit                                     0x08000bd9   Thumb Code    12  exit.o(.text)
    __rt_SIGRTRED                            0x08000be5   Thumb Code    14  defsig_rtred_outer.o(.text)
    __user_libspace                          0x08000bf5   Thumb Code     8  libspace.o(.text)
    __user_perproc_libspace                  0x08000bf5   Thumb Code     0  libspace.o(.text)
    __user_perthread_libspace                0x08000bf5   Thumb Code     0  libspace.o(.text)
    __I$use$semihosting                      0x08000bfd   Thumb Code     0  use_no_semi.o(.text)
    __use_no_semihosting_swi                 0x08000bfd   Thumb Code     2  use_no_semi.o(.text)
    __semihosting_library_function           0x08000bff   Thumb Code     0  indicate_semi.o(.text)
    __rt_heap_descriptor                     0x08000c01   Thumb Code     8  rt_heap_descriptor_intlibspace.o(.text)
    __use_no_heap                            0x08000c09   Thumb Code     2  hguard.o(.text)
    __heap$guard                             0x08000c0b   Thumb Code     2  hguard.o(.text)
    _terminate_user_alloc                    0x08000c0d   Thumb Code     2  init_alloc.o(.text)
    _init_user_alloc                         0x08000c0f   Thumb Code     2  init_alloc.o(.text)
    __Heap_Full                              0x08000c11   Thumb Code    34  init_alloc.o(.text)
    __Heap_Broken                            0x08000c33   Thumb Code     6  init_alloc.o(.text)
    _init_alloc                              0x08000c39   Thumb Code    94  init_alloc.o(.text)
    malloc                                   0x08000c97   Thumb Code    94  h1_alloc.o(.text)
    _fseek                                   0x08000cf5   Thumb Code   242  fseek.o(.text)
    fseek                                    0x08000cf5   Thumb Code     0  fseek.o(.text)
    _seterr                                  0x08000ded   Thumb Code    20  stdio.o(.text)
    _writebuf                                0x08000e01   Thumb Code    84  stdio.o(.text)
    _fflush                                  0x08000e55   Thumb Code    70  stdio.o(.text)
    _deferredlazyseek                        0x08000e9b   Thumb Code    60  stdio.o(.text)
    __sig_exit                               0x08000edd   Thumb Code    10  defsig_exit.o(.text)
    __rt_SIGRTRED_inner                      0x08000ee9   Thumb Code    14  defsig_rtred_inner.o(.text)
    strlen                                   0x08000f1d   Thumb Code    62  strlen.o(.text)
    _sys_exit                                0x08000f5d   Thumb Code     8  sys_exit.o(.text)
    __Heap_Initialize                        0x08000f69   Thumb Code    10  h1_init.o(.text)
    __Heap_DescSize                          0x08000f73   Thumb Code     4  h1_init.o(.text)
    __Heap_ProvideMemory                     0x08000f77   Thumb Code    52  h1_extend.o(.text)
    _ftell_internal                          0x08000fab   Thumb Code    66  ftell.o(.text)
    ftell                                    0x08000fab   Thumb Code     0  ftell.o(.text)
    __default_signal_display                 0x08000fed   Thumb Code    50  defsig_general.o(.text)
    __rt_SIGRTMEM                            0x0800101f   Thumb Code    14  defsig_rtmem_outer.o(.text)
    _ttywrch                                 0x0800102d   Thumb Code    14  sys_wrch.o(.text)
    __aeabi_errno_addr                       0x0800103d   Thumb Code     8  rt_errno_addr_intlibspace.o(.text)
    __errno$intlibspace                      0x0800103d   Thumb Code     0  rt_errno_addr_intlibspace.o(.text)
    __rt_errno_addr$intlibspace              0x0800103d   Thumb Code     0  rt_errno_addr_intlibspace.o(.text)
    __rt_SIGRTMEM_inner                      0x08001045   Thumb Code    22  defsig_rtmem_inner.o(.text)
    All_Init                                 0x08001095   Thumb Code    20  init_task.o(i.All_Init)
    Analysis_Data                            0x080010c5   Thumb Code   108  judge_system.o(i.Analysis_Data)
    Analysis_Frame_Header                    0x08001135   Thumb Code    48  judge_system.o(i.Analysis_Frame_Header)
    Analysis_Judge_System                    0x080011cd   Thumb Code    96  judge_system.o(i.Analysis_Judge_System)
    BusFault_Handler                         0x0800122d   Thumb Code     2  stm32f4xx_it.o(i.BusFault_Handler)
    Buzzer_Init                              0x08001231   Thumb Code    14  buzzer.o(i.Buzzer_Init)
    CAN1_RX0_IRQHandler                      0x08001245   Thumb Code    80  can1_motor.o(i.CAN1_RX0_IRQHandler)
    CAN1_Rx_Msg                              0x08001299   Thumb Code   134  can1_hll.o(i.CAN1_Rx_Msg)
    Calculate_Motor_Data                     0x08001329   Thumb Code    24  motor.o(i.Calculate_Motor_Data)
    Can1_Filter                              0x08001341   Thumb Code    74  can1_hll.o(i.Can1_Filter)
    Can1_Init                                0x08001391   Thumb Code   270  can1_hll.o(i.Can1_Init)
    Can2_Filter                              0x080014b5   Thumb Code    74  can2_hll.o(i.Can2_Filter)
    Can2_Init                                0x08001505   Thumb Code   268  can2_hll.o(i.Can2_Init)
    Check_Package_Crc16                      0x08001625   Thumb Code    10  judge_system.o(i.Check_Package_Crc16)
    DMA2_Stream1_IRQHandler                  0x0800162f   Thumb Code     2  stm32f4xx_it.o(i.DMA2_Stream1_IRQHandler)
    DMA2_Stream2_IRQHandler                  0x08001631   Thumb Code    24  usart_hll.o(i.DMA2_Stream2_IRQHandler)
    DebugMon_Handler                         0x0800164d   Thumb Code     2  stm32f4xx_it.o(i.DebugMon_Handler)
    Detect_Reload                            0x08001651   Thumb Code    10  detect_task.o(i.Detect_Reload)
    Find_All_A5                              0x08001661   Thumb Code    34  judge_system.o(i.Find_All_A5)
    Get_CRC16_Check_Sum                      0x08001685   Thumb Code    38  crc_check.o(i.Get_CRC16_Check_Sum)
    Get_CRC8_Check_Sum                       0x080016b1   Thumb Code    24  crc_check.o(i.Get_CRC8_Check_Sum)
    Get_Judge_Buf                            0x080016cd   Thumb Code     4  usart_hll.o(i.Get_Judge_Buf)
    Get_Rc_Available_Bufferx                 0x080016d5   Thumb Code    22  usart_hll.o(i.Get_Rc_Available_Bufferx)
    Get_Rc_Bufferx                           0x080016f5   Thumb Code    20  usart_hll.o(i.Get_Rc_Bufferx)
    HAL_IncTick                              0x0800170d   Thumb Code    12  stm32f4xx_hal.o(i.HAL_IncTick)
    HAL_Init                                 0x0800171d   Thumb Code    48  stm32f4xx_hal.o(i.HAL_Init)
    HAL_InitTick                             0x08001751   Thumb Code   100  stm32f4xx_hal_timebase_tim.o(i.HAL_InitTick)
    HAL_MspInit                              0x080017c5   Thumb Code    42  stm32f4xx_hal_msp.o(i.HAL_MspInit)
    HAL_NVIC_EnableIRQ                       0x080017f5   Thumb Code    22  stm32f4xx_hal_cortex.o(i.HAL_NVIC_EnableIRQ)
    HAL_NVIC_SetPriority                     0x0800180d   Thumb Code    60  stm32f4xx_hal_cortex.o(i.HAL_NVIC_SetPriority)
    HAL_NVIC_SetPriorityGrouping             0x0800184d   Thumb Code    26  stm32f4xx_hal_cortex.o(i.HAL_NVIC_SetPriorityGrouping)
    HAL_RCC_GetClockConfig                   0x08001871   Thumb Code    54  stm32f4xx_hal_rcc.o(i.HAL_RCC_GetClockConfig)
    HAL_RCC_GetPCLK2Freq                     0x080018b1   Thumb Code    20  stm32f4xx_hal_rcc.o(i.HAL_RCC_GetPCLK2Freq)
    HAL_TIMEx_BreakCallback                  0x080018d1   Thumb Code     2  stm32f4xx_hal_tim_ex.o(i.HAL_TIMEx_BreakCallback)
    HAL_TIMEx_CommutCallback                 0x080018d3   Thumb Code     2  stm32f4xx_hal_tim_ex.o(i.HAL_TIMEx_CommutCallback)
    HAL_TIM_Base_Init                        0x080018d5   Thumb Code    54  stm32f4xx_hal_tim.o(i.HAL_TIM_Base_Init)
    HAL_TIM_Base_MspInit                     0x0800190b   Thumb Code     2  stm32f4xx_hal_tim.o(i.HAL_TIM_Base_MspInit)
    HAL_TIM_Base_Start_IT                    0x0800190d   Thumb Code    34  stm32f4xx_hal_tim.o(i.HAL_TIM_Base_Start_IT)
    HAL_TIM_IC_CaptureCallback               0x0800192f   Thumb Code     2  stm32f4xx_hal_tim.o(i.HAL_TIM_IC_CaptureCallback)
    HAL_TIM_IRQHandler                       0x08001931   Thumb Code   358  stm32f4xx_hal_tim.o(i.HAL_TIM_IRQHandler)
    HAL_TIM_OC_DelayElapsedCallback          0x08001a97   Thumb Code     2  stm32f4xx_hal_tim.o(i.HAL_TIM_OC_DelayElapsedCallback)
    HAL_TIM_PWM_PulseFinishedCallback        0x08001a99   Thumb Code     2  stm32f4xx_hal_tim.o(i.HAL_TIM_PWM_PulseFinishedCallback)
    HAL_TIM_PeriodElapsedCallback            0x08001a9d   Thumb Code    14  main.o(i.HAL_TIM_PeriodElapsedCallback)
    HAL_TIM_TriggerCallback                  0x08001ab1   Thumb Code     2  stm32f4xx_hal_tim.o(i.HAL_TIM_TriggerCallback)
    HardFault_Handler                        0x08001ab3   Thumb Code     2  stm32f4xx_it.o(i.HardFault_Handler)
    Hex4_To_Float1                           0x08001ab5   Thumb Code    22  math2.o(i.Hex4_To_Float1)
    Int16_Limit                              0x08001acb   Thumb Code    16  math2.o(i.Int16_Limit)
    Judge_Task                               0x08001add   Thumb Code    72  judge_task.o(i.Judge_Task)
    LL_GPIO_Init                             0x08001cb1   Thumb Code   310  stm32f4xx_ll_gpio.o(i.LL_GPIO_Init)
    LL_RCC_GetSystemClocksFreq               0x08001e35   Thumb Code    32  stm32f4xx_ll_rcc.o(i.LL_RCC_GetSystemClocksFreq)
    LL_SetSystemCoreClock                    0x08001e55   Thumb Code     6  stm32f4xx_ll_utils.o(i.LL_SetSystemCoreClock)
    LL_TIM_BDTR_Init                         0x08001e61   Thumb Code    58  stm32f4xx_ll_tim.o(i.LL_TIM_BDTR_Init)
    LL_TIM_Init                              0x08002001   Thumb Code   156  stm32f4xx_ll_tim.o(i.LL_TIM_Init)
    LL_TIM_OC_Init                           0x08002171   Thumb Code   446  stm32f4xx_ll_tim.o(i.LL_TIM_OC_Init)
    LL_USART_Init                            0x08002339   Thumb Code   152  stm32f4xx_ll_usart.o(i.LL_USART_Init)
    LL_mDelay                                0x080024a1   Thumb Code    30  stm32f4xx_ll_utils.o(i.LL_mDelay)
    Led_Flow_Off                             0x080024c1   Thumb Code    64  led.o(i.Led_Flow_Off)
    Led_Init                                 0x0800250d   Thumb Code    22  led.o(i.Led_Init)
    MX_DMA_Init                              0x0800252d   Thumb Code    82  dma.o(i.MX_DMA_Init)
    MX_GPIO_Init                             0x08002589   Thumb Code   200  gpio.o(i.MX_GPIO_Init)
    MX_TIM12_Init                            0x08002661   Thumb Code   146  tim.o(i.MX_TIM12_Init)
    MX_TIM2_Init                             0x080026fd   Thumb Code   232  tim.o(i.MX_TIM2_Init)
    MX_TIM3_Init                             0x080027e9   Thumb Code   194  tim.o(i.MX_TIM3_Init)
    MX_TIM4_Init                             0x080028b5   Thumb Code   234  tim.o(i.MX_TIM4_Init)
    MX_TIM5_Init                             0x080029a9   Thumb Code   234  tim.o(i.MX_TIM5_Init)
    MX_TIM7_Init                             0x08002a9d   Thumb Code    98  tim.o(i.MX_TIM7_Init)
    MX_TIM8_Init                             0x08002b05   Thumb Code   314  tim.o(i.MX_TIM8_Init)
    MX_USART1_UART_Init                      0x08002c4d   Thumb Code   244  usart.o(i.MX_USART1_UART_Init)
    MX_USART3_UART_Init                      0x08002d55   Thumb Code   164  usart.o(i.MX_USART3_UART_Init)
    MX_USART6_UART_Init                      0x08002e09   Thumb Code   246  usart.o(i.MX_USART6_UART_Init)
    MemManage_Handler                        0x08002f11   Thumb Code     2  stm32f4xx_it.o(i.MemManage_Handler)
    Module_Status_Reload                     0x08002f13   Thumb Code     6  listen.o(i.Module_Status_Reload)
    NMI_Handler                              0x08002f19   Thumb Code     2  stm32f4xx_it.o(i.NMI_Handler)
    Notify_Judge_Task                        0x08003085   Thumb Code    22  judge_task.o(i.Notify_Judge_Task)
    Parse_Remoter_Data                       0x080030a1   Thumb Code   218  remoter.o(i.Parse_Remoter_Data)
    Power_Ctrl_Init                          0x0800317d   Thumb Code    20  power_output.o(i.Power_Ctrl_Init)
    Pump_Init                                0x08003331   Thumb Code    10  pump.o(i.Pump_Init)
    RCC_GetHCLKClockFreq                     0x08003341   Thumb Code    18  stm32f4xx_ll_rcc.o(i.RCC_GetHCLKClockFreq)
    RCC_GetPCLK1ClockFreq                    0x0800335d   Thumb Code    20  stm32f4xx_ll_rcc.o(i.RCC_GetPCLK1ClockFreq)
    RCC_GetPCLK2ClockFreq                    0x08003379   Thumb Code    20  stm32f4xx_ll_rcc.o(i.RCC_GetPCLK2ClockFreq)
    RCC_GetSystemClockFreq                   0x08003395   Thumb Code    30  stm32f4xx_ll_rcc.o(i.RCC_GetSystemClockFreq)
    RCC_PLL_GetFreqDomain_SYS                0x080033c1   Thumb Code    68  stm32f4xx_ll_rcc.o(i.RCC_PLL_GetFreqDomain_SYS)
    Rc_Data_Copy                             0x08003411   Thumb Code    54  remoter.o(i.Rc_Data_Copy)
    Rc_Data_Reset                            0x08003447   Thumb Code    32  remoter.o(i.Rc_Data_Reset)
    Rc_Data_Update                           0x08003469   Thumb Code    36  remoter_task.o(i.Rc_Data_Update)
    Remoter_Data_Check                       0x08003495   Thumb Code    88  remoter.o(i.Remoter_Data_Check)
    Remoter_Task                             0x080034ed   Thumb Code   188  remoter_task.o(i.Remoter_Task)
    Start_Task                               0x08003691   Thumb Code    80  start_task.o(i.Start_Task)
    SysTick_Handler                          0x08003749   Thumb Code    38  port.o(i.SysTick_Handler)
    SystemClock_Config                       0x08003775   Thumb Code   196  main.o(i.SystemClock_Config)
    SystemInit                               0x08003851   Thumb Code    22  system_stm32f4xx.o(i.SystemInit)
    TIM1_UP_TIM10_IRQHandler                 0x0800386d   Thumb Code     6  stm32f4xx_it.o(i.TIM1_UP_TIM10_IRQHandler)
    TIM2_IRQHandler                          0x08003879   Thumb Code    16  encoder.o(i.TIM2_IRQHandler)
    TIM4_IRQHandler                          0x08003889   Thumb Code    14  encoder.o(i.TIM4_IRQHandler)
    TIM5_IRQHandler                          0x0800389d   Thumb Code    14  encoder.o(i.TIM5_IRQHandler)
    TIM7_IRQHandler                          0x080038b1   Thumb Code    80  tim_hll.o(i.TIM7_IRQHandler)
    TIM_Base_SetConfig                       0x08003909   Thumb Code   156  stm32f4xx_hal_tim.o(i.TIM_Base_SetConfig)
    U8_Array_To_U16                          0x080039d1   Thumb Code     4  math2.o(i.U8_Array_To_U16)
    USART1_IRQHandler                        0x080039d5   Thumb Code     4  stm32f4xx_it.o(i.USART1_IRQHandler)
    USART3_IRQHandler                        0x080039d9   Thumb Code     2  stm32f4xx_it.o(i.USART3_IRQHandler)
    USART6_IRQHandler                        0x080039db   Thumb Code     4  stm32f4xx_it.o(i.USART6_IRQHandler)
    USART6_RxIdleCallback                    0x080039e1   Thumb Code   112  usart_hll.o(i.USART6_RxIdleCallback)
    USART_RxIdleCallback                     0x08003a6d   Thumb Code    24  usart_hll.o(i.USART_RxIdleCallback)
    UsageFault_Handler                       0x08003a89   Thumb Code     2  stm32f4xx_it.o(i.UsageFault_Handler)
    Usart1_DMA_Reset                         0x08003a8d   Thumb Code    50  usart_hll.o(i.Usart1_DMA_Reset)
    Verify_CRC16_Check_Sum                   0x08003ac9   Thumb Code    54  crc_check.o(i.Verify_CRC16_Check_Sum)
    Verify_CRC8_Check_Sum                    0x08003b05   Thumb Code    38  crc_check.o(i.Verify_CRC8_Check_Sum)
    Wasd_Key_To_Virtual_Rocker               0x08003b2b   Thumb Code   244  remoter.o(i.Wasd_Key_To_Virtual_Rocker)
    base_init                                0x08003c21   Thumb Code    60  centre.o(i.base_init)
    fputc                                    0x08003c79   Thumb Code    18  usart_hll.o(i.fputc)
    main                                     0x08003c91   Thumb Code    88  main.o(i.main)
    pvPortMalloc                             0x08004261   Thumb Code   232  heap_4.o(i.pvPortMalloc)
    pvTaskIncrementMutexHeldCount            0x08004385   Thumb Code    18  tasks.o(i.pvTaskIncrementMutexHeldCount)
    pxPortInitialiseStack                    0x0800439d   Thumb Code    40  port.o(i.pxPortInitialiseStack)
    read_tim2_encoder                        0x080043c9   Thumb Code    14  encoder.o(i.read_tim2_encoder)
    read_tim4_encoder                        0x080043d9   Thumb Code    16  encoder.o(i.read_tim4_encoder)
    read_tim5_encoder                        0x080043ed   Thumb Code    16  encoder.o(i.read_tim5_encoder)
    tim12_base_init                          0x08004401   Thumb Code    20  tim_hll.o(i.tim12_base_init)
    tim3_base_init                           0x08004419   Thumb Code    52  tim_hll.o(i.tim3_base_init)
    tim7_base_init                           0x08004455   Thumb Code    20  tim_hll.o(i.tim7_base_init)
    tim8_base_init                           0x0800446d   Thumb Code    60  tim_hll.o(i.tim8_base_init)
    timx_base_init                           0x080044ad   Thumb Code   106  tim_hll.o(i.timx_base_init)
    usart1_base_init                         0x08004521   Thumb Code   120  usart_hll.o(i.usart1_base_init)
    usart6_base_init                         0x080045a9   Thumb Code    82  usart_hll.o(i.usart6_base_init)
    uxListRemove                             0x0800460d   Thumb Code    38  list.o(i.uxListRemove)
    vListInitialise                          0x08004633   Thumb Code    22  list.o(i.vListInitialise)
    vListInitialiseItem                      0x08004649   Thumb Code     6  list.o(i.vListInitialiseItem)
    vListInsert                              0x0800464f   Thumb Code    48  list.o(i.vListInsert)
    vListInsertEnd                           0x0800467f   Thumb Code    24  list.o(i.vListInsertEnd)
    vPortEnterCritical                       0x08004699   Thumb Code    50  port.o(i.vPortEnterCritical)
    vPortExitCritical                        0x08004711   Thumb Code    34  port.o(i.vPortExitCritical)
    vPortFree                                0x08004775   Thumb Code   100  heap_4.o(i.vPortFree)
    vPortSetupTimerInterrupt                 0x08004815   Thumb Code    32  port.o(i.vPortSetupTimerInterrupt)
    vPortValidateInterruptPriority           0x08004839   Thumb Code    70  port.o(i.vPortValidateInterruptPriority)
    vTaskDelay                               0x080048c5   Thumb Code    62  tasks.o(i.vTaskDelay)
    vTaskDelete                              0x08004931   Thumb Code   158  tasks.o(i.vTaskDelete)
    vTaskInternalSetTimeOutState             0x08004a05   Thumb Code    12  tasks.o(i.vTaskInternalSetTimeOutState)
    vTaskMissedYield                         0x08004a15   Thumb Code     8  tasks.o(i.vTaskMissedYield)
    vTaskPlaceOnEventList                    0x08004a21   Thumb Code    44  tasks.o(i.vTaskPlaceOnEventList)
    vTaskPriorityDisinheritAfterTimeout      0x08004a75   Thumb Code   184  tasks.o(i.vTaskPriorityDisinheritAfterTimeout)
    vTaskStartScheduler                      0x08004b59   Thumb Code    84  tasks.o(i.vTaskStartScheduler)
    vTaskSuspendAll                          0x08004be1   Thumb Code    10  tasks.o(i.vTaskSuspendAll)
    vTaskSwitchContext                       0x08004bf1   Thumb Code    80  tasks.o(i.vTaskSwitchContext)
    xPortStartScheduler                      0x08004c6d   Thumb Code   210  port.o(i.xPortStartScheduler)
    xQueueGenericCreate                      0x08004d91   Thumb Code    88  queue.o(i.xQueueGenericCreate)
    xQueueGenericReset                       0x08004e0d   Thumb Code   166  queue.o(i.xQueueGenericReset)
    xQueueGiveFromISR                        0x08004edd   Thumb Code   172  queue.o(i.xQueueGiveFromISR)
    xQueueSemaphoreTake                      0x08004fad   Thumb Code   356  queue.o(i.xQueueSemaphoreTake)
    xTaskCheckForTimeOut                     0x08005139   Thumb Code   110  tasks.o(i.xTaskCheckForTimeOut)
    xTaskCreate                              0x080051d1   Thumb Code    86  tasks.o(i.xTaskCreate)
    xTaskGenericNotifyFromISR                0x08005229   Thumb Code   354  tasks.o(i.xTaskGenericNotifyFromISR)
    xTaskGenericNotifyWait                   0x080053bd   Thumb Code   170  tasks.o(i.xTaskGenericNotifyWait)
    xTaskGetSchedulerState                   0x08005495   Thumb Code    22  tasks.o(i.xTaskGetSchedulerState)
    xTaskIncrementTick                       0x080054b1   Thumb Code   300  tasks.o(i.xTaskIncrementTick)
    xTaskPriorityDisinherit                  0x08005609   Thumb Code   166  tasks.o(i.xTaskPriorityDisinherit)
    xTaskPriorityInherit                     0x080056dd   Thumb Code   168  tasks.o(i.xTaskPriorityInherit)
    xTaskRemoveFromEventList                 0x0800578d   Thumb Code   204  tasks.o(i.xTaskRemoveFromEventList)
    xTaskResumeAll                           0x08005889   Thumb Code   282  tasks.o(i.xTaskResumeAll)
    _fp_init                                 0x080059d9   Thumb Code    10  fpinit.o(x$fpl$fpinit)
    __fplib_config_fpu_vfp                   0x080059e1   Thumb Code     0  fpinit.o(x$fpl$fpinit)
    __fplib_config_pureend_doubles           0x080059e1   Thumb Code     0  fpinit.o(x$fpl$fpinit)
    AHBPrescTable                            0x08005a06   Data          16  system_stm32f4xx.o(.constdata)
    APBPrescTable                            0x08005a16   Data           8  system_stm32f4xx.o(.constdata)
    CRC8_TAB                                 0x08005a2e   Data         256  crc_check.o(.constdata)
    wCRC_Table                               0x08005b2e   Data         512  crc_check.o(.constdata)
    __stdin_name                             0x08005d2e   Data           4  sys_io.o(.constdata)
    __stdout_name                            0x08005d32   Data           4  sys_io.o(.constdata)
    __stderr_name                            0x08005d36   Data           4  sys_io.o(.constdata)
    Region$$Table$$Base                      0x08005d3c   Number         0  anon$$obj.o(Region$$Table)
    Region$$Table$$Limit                     0x08005d5c   Number         0  anon$$obj.o(Region$$Table)
    uwTickFreq                               0x20000000   Data           1  stm32f4xx_hal.o(.data)
    uwTickPrio                               0x20000004   Data           4  stm32f4xx_hal.o(.data)
    uwTick                                   0x20000008   Data           4  stm32f4xx_hal.o(.data)
    SystemCoreClock                          0x2000000c   Data           4  system_stm32f4xx.o(.data)
    motor550_l                               0x20000010   Data           8  tim_hll.o(.data)
    motor550_r                               0x20000018   Data           8  tim_hll.o(.data)
    motor550_s                               0x20000020   Data           8  tim_hll.o(.data)
    JudgeTask_Handler                        0x20000030   Data           4  judge_task.o(.data)
    stretch_flag                             0x20000039   Data           1  remoter_task.o(.data)
    chip_flag                                0x2000003a   Data           1  remoter_task.o(.data)
    robot_mode                               0x20000040   Data           5  remoter_task.o(.data)
    RemoterTask_Handler                      0x20000050   Data           4  remoter_task.o(.data)
    StartTask_Handler                        0x20000054   Data           4  start_task.o(.data)
    pxCurrentTCB                             0x20000058   Data           4  tasks.o(.data)
    uxTopUsedPriority                        0x20000088   Data           4  tasks.o(.data)
    CRC_INIT                                 0x200000c4   Data           2  crc_check.o(.data)
    __aeabi_stdin                            0x200000c8   Data           4  stdio_streams.o(.data)
    __aeabi_stdout                           0x200000cc   Data           4  stdio_streams.o(.data)
    __aeabi_stderr                           0x200000d0   Data           4  stdio_streams.o(.data)
    htim1                                    0x200000d4   Data          64  stm32f4xx_hal_timebase_tim.o(.bss)
    remote_controller                        0x200002b8   Data          30  remoter_task.o(.bss)
    __stdin                                  0x2000be2c   Data          84  stdio_streams.o(.bss)
    __stdout                                 0x2000be80   Data          84  stdio_streams.o(.bss)
    __stderr                                 0x2000bed4   Data          84  stdio_streams.o(.bss)
    __libspace_start                         0x2000bf28   Data          96  libspace.o(.bss)
    __temporary_stack_top$libspace           0x2000bf88   Data           0  libspace.o(.bss)



==============================================================================

Memory Map of the image

  Image Entry point : 0x080001ad

  Load Region LR_IROM1 (Base: 0x08000000, Size: 0x00005e30, Max: 0x00200000, ABSOLUTE)

    Execution Region ER_IROM1 (Base: 0x08000000, Size: 0x00005d5c, Max: 0x00200000, ABSOLUTE)

    Base Addr    Size         Type   Attr      Idx    E Section Name        Object

    0x08000000   0x000001ac   Data   RO            3    RESET               startup_stm32f427xx.o
    0x080001ac   0x00000008   Code   RO         5846  * !!!main             c_w.l(__main.o)
    0x080001b4   0x00000034   Code   RO         6205    !!!scatter          c_w.l(__scatter.o)
    0x080001e8   0x0000001a   Code   RO         6207    !!handler_copy      c_w.l(__scatter_copy.o)
    0x08000202   0x00000002   PAD
    0x08000204   0x0000001c   Code   RO         6209    !!handler_zi        c_w.l(__scatter_zi.o)
    0x08000220   0x00000000   Code   RO         5837    .ARM.Collect$$_printf_percent$$00000000  c_w.l(_printf_percent.o)
    0x08000220   0x00000006   Code   RO         5836    .ARM.Collect$$_printf_percent$$00000009  c_w.l(_printf_d.o)
    0x08000226   0x00000006   Code   RO         5835    .ARM.Collect$$_printf_percent$$00000014  c_w.l(_printf_s.o)
    0x0800022c   0x00000004   Code   RO         5875    .ARM.Collect$$_printf_percent$$00000017  c_w.l(_printf_percent_end.o)
    0x08000230   0x00000002   Code   RO         6015    .ARM.Collect$$libinit$$00000000  c_w.l(libinit.o)
    0x08000232   0x00000004   Code   RO         6016    .ARM.Collect$$libinit$$00000001  c_w.l(libinit2.o)
    0x08000236   0x00000000   Code   RO         6019    .ARM.Collect$$libinit$$00000004  c_w.l(libinit2.o)
    0x08000236   0x00000008   Code   RO         6020    .ARM.Collect$$libinit$$00000005  c_w.l(libinit2.o)
    0x0800023e   0x00000000   Code   RO         6022    .ARM.Collect$$libinit$$0000000A  c_w.l(libinit2.o)
    0x0800023e   0x00000000   Code   RO         6024    .ARM.Collect$$libinit$$0000000C  c_w.l(libinit2.o)
    0x0800023e   0x00000000   Code   RO         6026    .ARM.Collect$$libinit$$0000000E  c_w.l(libinit2.o)
    0x0800023e   0x00000000   Code   RO         6029    .ARM.Collect$$libinit$$00000011  c_w.l(libinit2.o)
    0x0800023e   0x00000000   Code   RO         6031    .ARM.Collect$$libinit$$00000013  c_w.l(libinit2.o)
    0x0800023e   0x00000000   Code   RO         6033    .ARM.Collect$$libinit$$00000015  c_w.l(libinit2.o)
    0x0800023e   0x00000000   Code   RO         6035    .ARM.Collect$$libinit$$00000017  c_w.l(libinit2.o)
    0x0800023e   0x00000000   Code   RO         6037    .ARM.Collect$$libinit$$00000019  c_w.l(libinit2.o)
    0x0800023e   0x00000000   Code   RO         6039    .ARM.Collect$$libinit$$0000001B  c_w.l(libinit2.o)
    0x0800023e   0x00000000   Code   RO         6041    .ARM.Collect$$libinit$$0000001D  c_w.l(libinit2.o)
    0x0800023e   0x00000000   Code   RO         6043    .ARM.Collect$$libinit$$0000001F  c_w.l(libinit2.o)
    0x0800023e   0x00000000   Code   RO         6045    .ARM.Collect$$libinit$$00000021  c_w.l(libinit2.o)
    0x0800023e   0x00000000   Code   RO         6047    .ARM.Collect$$libinit$$00000023  c_w.l(libinit2.o)
    0x0800023e   0x00000004   Code   RO         6048    .ARM.Collect$$libinit$$00000024  c_w.l(libinit2.o)
    0x08000242   0x00000000   Code   RO         6049    .ARM.Collect$$libinit$$00000025  c_w.l(libinit2.o)
    0x08000242   0x00000000   Code   RO         6053    .ARM.Collect$$libinit$$0000002C  c_w.l(libinit2.o)
    0x08000242   0x00000000   Code   RO         6055    .ARM.Collect$$libinit$$0000002E  c_w.l(libinit2.o)
    0x08000242   0x00000000   Code   RO         6057    .ARM.Collect$$libinit$$00000030  c_w.l(libinit2.o)
    0x08000242   0x00000000   Code   RO         6059    .ARM.Collect$$libinit$$00000032  c_w.l(libinit2.o)
    0x08000242   0x00000002   Code   RO         6060    .ARM.Collect$$libinit$$00000033  c_w.l(libinit2.o)
    0x08000244   0x00000002   Code   RO         6186    .ARM.Collect$$libshutdown$$00000000  c_w.l(libshutdown.o)
    0x08000246   0x00000004   Code   RO         6062    .ARM.Collect$$libshutdown$$00000002  c_w.l(libshutdown2.o)
    0x0800024a   0x00000000   Code   RO         6063    .ARM.Collect$$libshutdown$$00000003  c_w.l(libshutdown2.o)
    0x0800024a   0x00000000   Code   RO         6066    .ARM.Collect$$libshutdown$$00000006  c_w.l(libshutdown2.o)
    0x0800024a   0x00000000   Code   RO         6069    .ARM.Collect$$libshutdown$$00000009  c_w.l(libshutdown2.o)
    0x0800024a   0x00000000   Code   RO         6071    .ARM.Collect$$libshutdown$$0000000B  c_w.l(libshutdown2.o)
    0x0800024a   0x00000000   Code   RO         6074    .ARM.Collect$$libshutdown$$0000000E  c_w.l(libshutdown2.o)
    0x0800024a   0x00000002   Code   RO         6075    .ARM.Collect$$libshutdown$$0000000F  c_w.l(libshutdown2.o)
    0x0800024c   0x00000000   Code   RO         5864    .ARM.Collect$$rtentry$$00000000  c_w.l(__rtentry.o)
    0x0800024c   0x00000000   Code   RO         5896    .ARM.Collect$$rtentry$$00000002  c_w.l(__rtentry2.o)
    0x0800024c   0x00000006   Code   RO         5908    .ARM.Collect$$rtentry$$00000004  c_w.l(__rtentry4.o)
    0x08000252   0x00000000   Code   RO         5898    .ARM.Collect$$rtentry$$00000009  c_w.l(__rtentry2.o)
    0x08000252   0x00000004   Code   RO         5899    .ARM.Collect$$rtentry$$0000000A  c_w.l(__rtentry2.o)
    0x08000256   0x00000000   Code   RO         5901    .ARM.Collect$$rtentry$$0000000C  c_w.l(__rtentry2.o)
    0x08000256   0x00000008   Code   RO         5902    .ARM.Collect$$rtentry$$0000000D  c_w.l(__rtentry2.o)
    0x0800025e   0x00000002   Code   RO         6082    .ARM.Collect$$rtexit$$00000000  c_w.l(rtexit.o)
    0x08000260   0x00000000   Code   RO         6132    .ARM.Collect$$rtexit$$00000002  c_w.l(rtexit2.o)
    0x08000260   0x00000004   Code   RO         6133    .ARM.Collect$$rtexit$$00000003  c_w.l(rtexit2.o)
    0x08000264   0x00000006   Code   RO         6134    .ARM.Collect$$rtexit$$00000004  c_w.l(rtexit2.o)
    0x0800026a   0x00000002   PAD
    0x0800026c   0x000000be   Code   RO         5059    .emb_text           port.o
    0x0800032a   0x00000002   PAD
    0x0800032c   0x00000000   Code   RO         6138    .emb_text           c_w.l(maybetermalloc1.o)
    0x0800032c   0x00000040   Code   RO            4    .text               startup_stm32f427xx.o
    0x0800036c   0x000000ee   Code   RO         5803    .text               c_w.l(lludivv7m.o)
    0x0800045a   0x00000002   PAD
    0x0800045c   0x00000018   Code   RO         5807    .text               c_w.l(noretval__2printf.o)
    0x08000474   0x00000068   Code   RO         5809    .text               c_w.l(__printf.o)
    0x080004dc   0x00000052   Code   RO         5811    .text               c_w.l(_printf_str.o)
    0x0800052e   0x00000002   PAD
    0x08000530   0x00000078   Code   RO         5813    .text               c_w.l(_printf_dec.o)
    0x080005a8   0x0000008a   Code   RO         5838    .text               c_w.l(rt_memcpy_v6.o)
    0x08000632   0x0000004e   Code   RO         5842    .text               c_w.l(rt_memclr_w.o)
    0x08000680   0x00000006   Code   RO         5844    .text               c_w.l(heapauxi.o)
    0x08000686   0x000000b2   Code   RO         5869    .text               c_w.l(_printf_intcommon.o)
    0x08000738   0x0000002c   Code   RO         5871    .text               c_w.l(_printf_char.o)
    0x08000764   0x00000024   Code   RO         5873    .text               c_w.l(_printf_char_file.o)
    0x08000788   0x00000064   Code   RO         5882    .text               c_w.l(rt_memcpy_w.o)
    0x080007ec   0x00000030   Code   RO         5912    .text               c_w.l(_printf_char_common.o)
    0x0800081c   0x00000008   Code   RO         5914    .text               c_w.l(ferror.o)
    0x08000824   0x00000138   Code   RO         5916    .text               c_w.l(initio.o)
    0x0800095c   0x00000066   Code   RO         5922    .text               c_w.l(sys_io.o)
    0x080009c2   0x0000004a   Code   RO         5929    .text               c_w.l(sys_stackheap_outer.o)
    0x08000a0c   0x0000004e   Code   RO         5933    .text               c_w.l(h1_free.o)
    0x08000a5a   0x00000046   Code   RO         5989    .text               c_w.l(setvbuf.o)
    0x08000aa0   0x000000ec   Code   RO         5992    .text               c_w.l(fopen.o)
    0x08000b8c   0x0000004c   Code   RO         5994    .text               c_w.l(fclose.o)
    0x08000bd8   0x0000000c   Code   RO         6000    .text               c_w.l(exit.o)
    0x08000be4   0x0000000e   Code   RO         6006    .text               c_w.l(defsig_rtred_outer.o)
    0x08000bf2   0x00000002   PAD
    0x08000bf4   0x00000008   Code   RO         6076    .text               c_w.l(libspace.o)
    0x08000bfc   0x00000002   Code   RO         6079    .text               c_w.l(use_no_semi.o)
    0x08000bfe   0x00000000   Code   RO         6081    .text               c_w.l(indicate_semi.o)
    0x08000bfe   0x00000002   PAD
    0x08000c00   0x00000008   Code   RO         6089    .text               c_w.l(rt_heap_descriptor_intlibspace.o)
    0x08000c08   0x00000004   Code   RO         6091    .text               c_w.l(hguard.o)
    0x08000c0c   0x0000008a   Code   RO         6093    .text               c_w.l(init_alloc.o)
    0x08000c96   0x0000005e   Code   RO         6099    .text               c_w.l(h1_alloc.o)
    0x08000cf4   0x000000f8   Code   RO         6113    .text               c_w.l(fseek.o)
    0x08000dec   0x000000f0   Code   RO         6115    .text               c_w.l(stdio.o)
    0x08000edc   0x0000000a   Code   RO         6117    .text               c_w.l(defsig_exit.o)
    0x08000ee6   0x00000002   PAD
    0x08000ee8   0x00000034   Code   RO         6121    .text               c_w.l(defsig_rtred_inner.o)
    0x08000f1c   0x0000003e   Code   RO         6123    .text               c_w.l(strlen.o)
    0x08000f5a   0x00000002   PAD
    0x08000f5c   0x0000000c   Code   RO         6129    .text               c_w.l(sys_exit.o)
    0x08000f68   0x0000000e   Code   RO         6140    .text               c_w.l(h1_init.o)
    0x08000f76   0x00000034   Code   RO         6142    .text               c_w.l(h1_extend.o)
    0x08000faa   0x00000042   Code   RO         6148    .text               c_w.l(ftell.o)
    0x08000fec   0x00000032   Code   RO         6152    .text               c_w.l(defsig_general.o)
    0x0800101e   0x0000000e   Code   RO         6154    .text               c_w.l(defsig_rtmem_outer.o)
    0x0800102c   0x0000000e   Code   RO         6167    .text               c_w.l(sys_wrch.o)
    0x0800103a   0x00000002   PAD
    0x0800103c   0x00000008   Code   RO         6174    .text               c_w.l(rt_errno_addr_intlibspace.o)
    0x08001044   0x00000050   Code   RO         6180    .text               c_w.l(defsig_rtmem_inner.o)
    0x08001094   0x00000030   Code   RO         3996    i.All_Init          init_task.o
    0x080010c4   0x00000070   Code   RO         5299    i.Analysis_Data     judge_system.o
    0x08001134   0x00000030   Code   RO         5300    i.Analysis_Frame_Header  judge_system.o
    0x08001164   0x00000068   Code   RO         5301    i.Analysis_Game_Robot_Status  judge_system.o
    0x080011cc   0x00000060   Code   RO         5302    i.Analysis_Judge_System  judge_system.o
    0x0800122c   0x00000002   Code   RO          627    i.BusFault_Handler  stm32f4xx_it.o
    0x0800122e   0x00000002   PAD
    0x08001230   0x00000014   Code   RO         5415    i.Buzzer_Init       buzzer.o
    0x08001244   0x00000054   Code   RO         5221    i.CAN1_RX0_IRQHandler  can1_motor.o
    0x08001298   0x00000090   Code   RO         3503    i.CAN1_Rx_Msg       can1_hll.o
    0x08001328   0x00000018   Code   RO         5710    i.Calculate_Motor_Data  motor.o
    0x08001340   0x00000050   Code   RO         3505    i.Can1_Filter       can1_hll.o
    0x08001390   0x00000124   Code   RO         3506    i.Can1_Init         can1_hll.o
    0x080014b4   0x00000050   Code   RO         3577    i.Can2_Filter       can2_hll.o
    0x08001504   0x00000120   Code   RO         3578    i.Can2_Init         can2_hll.o
    0x08001624   0x0000000a   Code   RO         5303    i.Check_Package_Crc16  judge_system.o
    0x0800162e   0x00000002   Code   RO          628    i.DMA2_Stream1_IRQHandler  stm32f4xx_it.o
    0x08001630   0x0000001c   Code   RO         3713    i.DMA2_Stream2_IRQHandler  usart_hll.o
    0x0800164c   0x00000002   Code   RO          629    i.DebugMon_Handler  stm32f4xx_it.o
    0x0800164e   0x00000002   PAD
    0x08001650   0x00000010   Code   RO         3932    i.Detect_Reload     detect_task.o
    0x08001660   0x00000022   Code   RO         5304    i.Find_All_A5       judge_system.o
    0x08001682   0x00000002   PAD
    0x08001684   0x0000002c   Code   RO         5468    i.Get_CRC16_Check_Sum  crc_check.o
    0x080016b0   0x0000001c   Code   RO         5469    i.Get_CRC8_Check_Sum  crc_check.o
    0x080016cc   0x00000008   Code   RO         3714    i.Get_Judge_Buf     usart_hll.o
    0x080016d4   0x00000020   Code   RO         3716    i.Get_Rc_Available_Bufferx  usart_hll.o
    0x080016f4   0x00000018   Code   RO         3717    i.Get_Rc_Bufferx    usart_hll.o
    0x0800170c   0x00000010   Code   RO         3131    i.HAL_IncTick       stm32f4xx_hal.o
    0x0800171c   0x00000034   Code   RO         3132    i.HAL_Init          stm32f4xx_hal.o
    0x08001750   0x00000074   Code   RO          739    i.HAL_InitTick      stm32f4xx_hal_timebase_tim.o
    0x080017c4   0x00000030   Code   RO          715    i.HAL_MspInit       stm32f4xx_hal_msp.o
    0x080017f4   0x00000016   Code   RO         2980    i.HAL_NVIC_EnableIRQ  stm32f4xx_hal_cortex.o
    0x0800180a   0x00000002   PAD
    0x0800180c   0x00000040   Code   RO         2986    i.HAL_NVIC_SetPriority  stm32f4xx_hal_cortex.o
    0x0800184c   0x00000024   Code   RO         2987    i.HAL_NVIC_SetPriorityGrouping  stm32f4xx_hal_cortex.o
    0x08001870   0x00000040   Code   RO         2171    i.HAL_RCC_GetClockConfig  stm32f4xx_hal_rcc.o
    0x080018b0   0x00000020   Code   RO         2175    i.HAL_RCC_GetPCLK2Freq  stm32f4xx_hal_rcc.o
    0x080018d0   0x00000002   Code   RO         1553    i.HAL_TIMEx_BreakCallback  stm32f4xx_hal_tim_ex.o
    0x080018d2   0x00000002   Code   RO         1554    i.HAL_TIMEx_CommutCallback  stm32f4xx_hal_tim_ex.o
    0x080018d4   0x00000036   Code   RO          878    i.HAL_TIM_Base_Init  stm32f4xx_hal_tim.o
    0x0800190a   0x00000002   Code   RO          880    i.HAL_TIM_Base_MspInit  stm32f4xx_hal_tim.o
    0x0800190c   0x00000022   Code   RO          883    i.HAL_TIM_Base_Start_IT  stm32f4xx_hal_tim.o
    0x0800192e   0x00000002   Code   RO          907    i.HAL_TIM_IC_CaptureCallback  stm32f4xx_hal_tim.o
    0x08001930   0x00000166   Code   RO          921    i.HAL_TIM_IRQHandler  stm32f4xx_hal_tim.o
    0x08001a96   0x00000002   Code   RO          924    i.HAL_TIM_OC_DelayElapsedCallback  stm32f4xx_hal_tim.o
    0x08001a98   0x00000002   Code   RO          951    i.HAL_TIM_PWM_PulseFinishedCallback  stm32f4xx_hal_tim.o
    0x08001a9a   0x00000002   PAD
    0x08001a9c   0x00000014   Code   RO           14    i.HAL_TIM_PeriodElapsedCallback  main.o
    0x08001ab0   0x00000002   Code   RO          964    i.HAL_TIM_TriggerCallback  stm32f4xx_hal_tim.o
    0x08001ab2   0x00000002   Code   RO          630    i.HardFault_Handler  stm32f4xx_it.o
    0x08001ab4   0x00000016   Code   RO         5611    i.Hex4_To_Float1    math2.o
    0x08001aca   0x00000010   Code   RO         5613    i.Int16_Limit       math2.o
    0x08001ada   0x00000002   PAD
    0x08001adc   0x00000054   Code   RO         4020    i.Judge_Task        judge_task.o
    0x08001b30   0x00000018   Code   RO          298    i.LL_AHB1_GRP1_EnableClock  gpio.o
    0x08001b48   0x00000018   Code   RO          385    i.LL_AHB1_GRP1_EnableClock  tim.o
    0x08001b60   0x00000018   Code   RO          513    i.LL_AHB1_GRP1_EnableClock  usart.o
    0x08001b78   0x00000018   Code   RO          386    i.LL_APB1_GRP1_EnableClock  tim.o
    0x08001b90   0x00000018   Code   RO          514    i.LL_APB2_GRP1_EnableClock  usart.o
    0x08001ba8   0x00000014   Code   RO          515    i.LL_DMA_DisableFifoMode  usart.o
    0x08001bbc   0x00000014   Code   RO         3718    i.LL_DMA_DisableFifoMode  usart_hll.o
    0x08001bd0   0x00000014   Code   RO         3719    i.LL_DMA_DisableStream  usart_hll.o
    0x08001be4   0x00000014   Code   RO         3720    i.LL_DMA_EnableStream  usart_hll.o
    0x08001bf8   0x00000014   Code   RO          516    i.LL_DMA_SetChannelSelection  usart.o
    0x08001c0c   0x00000018   Code   RO         3721    i.LL_DMA_SetDataLength  usart_hll.o
    0x08001c24   0x00000014   Code   RO          517    i.LL_DMA_SetDataTransferDirection  usart.o
    0x08001c38   0x00000014   Code   RO          518    i.LL_DMA_SetMemoryIncMode  usart.o
    0x08001c4c   0x00000014   Code   RO          519    i.LL_DMA_SetMemorySize  usart.o
    0x08001c60   0x00000014   Code   RO          520    i.LL_DMA_SetMode    usart.o
    0x08001c74   0x00000014   Code   RO          521    i.LL_DMA_SetPeriphIncMode  usart.o
    0x08001c88   0x00000014   Code   RO          522    i.LL_DMA_SetPeriphSize  usart.o
    0x08001c9c   0x00000014   Code   RO          523    i.LL_DMA_SetStreamPriorityLevel  usart.o
    0x08001cb0   0x00000136   Code   RO          781    i.LL_GPIO_Init      stm32f4xx_ll_gpio.o
    0x08001de6   0x00000026   Code   RO         3640    i.LL_GPIO_SetAFPin_0_7  tim_hll.o
    0x08001e0c   0x00000028   Code   RO         3641    i.LL_GPIO_SetAFPin_8_15  tim_hll.o
    0x08001e34   0x00000020   Code   RO         1931    i.LL_RCC_GetSystemClocksFreq  stm32f4xx_ll_rcc.o
    0x08001e54   0x0000000c   Code   RO         2049    i.LL_SetSystemCoreClock  stm32f4xx_ll_utils.o
    0x08001e60   0x0000003a   Code   RO         1808    i.LL_TIM_BDTR_Init  stm32f4xx_ll_tim.o
    0x08001e9a   0x00000002   PAD
    0x08001e9c   0x0000005c   Code   RO          387    i.LL_TIM_IC_SetActiveInput  tim.o
    0x08001ef8   0x0000005c   Code   RO          388    i.LL_TIM_IC_SetFilter  tim.o
    0x08001f54   0x00000050   Code   RO          389    i.LL_TIM_IC_SetPolarity  tim.o
    0x08001fa4   0x0000005c   Code   RO          390    i.LL_TIM_IC_SetPrescaler  tim.o
    0x08002000   0x000000c8   Code   RO         1817    i.LL_TIM_Init       stm32f4xx_ll_tim.o
    0x080020c8   0x00000054   Code   RO          391    i.LL_TIM_OC_DisableFast  tim.o
    0x0800211c   0x00000054   Code   RO          392    i.LL_TIM_OC_EnablePreload  tim.o
    0x08002170   0x000001c8   Code   RO         1818    i.LL_TIM_OC_Init    stm32f4xx_ll_tim.o
    0x08002338   0x000000b8   Code   RO         3385    i.LL_USART_Init     stm32f4xx_ll_usart.o
    0x080023f0   0x000000b0   Code   RO         3386    i.LL_USART_SetBaudRate  stm32f4xx_ll_usart.o
    0x080024a0   0x0000001e   Code   RO         2050    i.LL_mDelay         stm32f4xx_ll_utils.o
    0x080024be   0x00000002   PAD
    0x080024c0   0x0000004c   Code   RO         5374    i.Led_Flow_Off      led.o
    0x0800250c   0x00000020   Code   RO         5376    i.Led_Init          led.o
    0x0800252c   0x0000005c   Code   RO          342    i.MX_DMA_Init       dma.o
    0x08002588   0x000000d8   Code   RO          299    i.MX_GPIO_Init      gpio.o
    0x08002660   0x0000009c   Code   RO          393    i.MX_TIM12_Init     tim.o
    0x080026fc   0x000000ec   Code   RO          394    i.MX_TIM2_Init      tim.o
    0x080027e8   0x000000cc   Code   RO          395    i.MX_TIM3_Init      tim.o
    0x080028b4   0x000000f4   Code   RO          396    i.MX_TIM4_Init      tim.o
    0x080029a8   0x000000f4   Code   RO          397    i.MX_TIM5_Init      tim.o
    0x08002a9c   0x00000068   Code   RO          398    i.MX_TIM7_Init      tim.o
    0x08002b04   0x00000148   Code   RO          399    i.MX_TIM8_Init      tim.o
    0x08002c4c   0x00000108   Code   RO          524    i.MX_USART1_UART_Init  usart.o
    0x08002d54   0x000000b4   Code   RO          525    i.MX_USART3_UART_Init  usart.o
    0x08002e08   0x00000108   Code   RO          526    i.MX_USART6_UART_Init  usart.o
    0x08002f10   0x00000002   Code   RO          631    i.MemManage_Handler  stm32f4xx_it.o
    0x08002f12   0x00000006   Code   RO         5573    i.Module_Status_Reload  listen.o
    0x08002f18   0x00000002   Code   RO          632    i.NMI_Handler       stm32f4xx_it.o
    0x08002f1a   0x00000016   Code   RO          343    i.NVIC_EnableIRQ    dma.o
    0x08002f30   0x00000016   Code   RO          400    i.NVIC_EnableIRQ    tim.o
    0x08002f46   0x00000016   Code   RO          527    i.NVIC_EnableIRQ    usart.o
    0x08002f5c   0x00000032   Code   RO          344    i.NVIC_EncodePriority  dma.o
    0x08002f8e   0x00000032   Code   RO          401    i.NVIC_EncodePriority  tim.o
    0x08002fc0   0x00000032   Code   RO          528    i.NVIC_EncodePriority  usart.o
    0x08002ff2   0x00000002   PAD
    0x08002ff4   0x00000010   Code   RO          402    i.NVIC_GetPriorityGrouping  tim.o
    0x08003004   0x00000020   Code   RO          345    i.NVIC_SetPriority  dma.o
    0x08003024   0x00000020   Code   RO          403    i.NVIC_SetPriority  tim.o
    0x08003044   0x00000020   Code   RO          529    i.NVIC_SetPriority  usart.o
    0x08003064   0x00000020   Code   RO         2993    i.NVIC_SetPriority  stm32f4xx_hal_cortex.o
    0x08003084   0x0000001c   Code   RO         4021    i.Notify_Judge_Task  judge_task.o
    0x080030a0   0x000000da   Code   RO         5139    i.Parse_Remoter_Data  remoter.o
    0x0800317a   0x00000002   PAD
    0x0800317c   0x00000018   Code   RO         5194    i.Power_Ctrl_Init   power_output.o
    0x08003194   0x0000019c   Code   RO         3903    i.Print_Logo_2_Com  centre.o
    0x08003330   0x00000010   Code   RO         5442    i.Pump_Init         pump.o
    0x08003340   0x0000001c   Code   RO         1934    i.RCC_GetHCLKClockFreq  stm32f4xx_ll_rcc.o
    0x0800335c   0x0000001c   Code   RO         1935    i.RCC_GetPCLK1ClockFreq  stm32f4xx_ll_rcc.o
    0x08003378   0x0000001c   Code   RO         1936    i.RCC_GetPCLK2ClockFreq  stm32f4xx_ll_rcc.o
    0x08003394   0x0000002c   Code   RO         1937    i.RCC_GetSystemClockFreq  stm32f4xx_ll_rcc.o
    0x080033c0   0x00000050   Code   RO         1942    i.RCC_PLL_GetFreqDomain_SYS  stm32f4xx_ll_rcc.o
    0x08003410   0x00000036   Code   RO         5140    i.Rc_Data_Copy      remoter.o
    0x08003446   0x00000020   Code   RO         5141    i.Rc_Data_Reset     remoter.o
    0x08003466   0x00000002   PAD
    0x08003468   0x0000002c   Code   RO         4065    i.Rc_Data_Update    remoter_task.o
    0x08003494   0x00000058   Code   RO         5142    i.Remoter_Data_Check  remoter.o
    0x080034ec   0x000000e0   Code   RO         4066    i.Remoter_Task      remoter_task.o
    0x080035cc   0x000000c4   Code   RO         4067    i.Robot_Rc_Mode_Change_Control  remoter_task.o
    0x08003690   0x000000b8   Code   RO         4132    i.Start_Task        start_task.o
    0x08003748   0x0000002c   Code   RO         5060    i.SysTick_Handler   port.o
    0x08003774   0x000000dc   Code   RO           15    i.SystemClock_Config  main.o
    0x08003850   0x0000001c   Code   RO         3447    i.SystemInit        system_stm32f4xx.o
    0x0800386c   0x0000000c   Code   RO          633    i.TIM1_UP_TIM10_IRQHandler  stm32f4xx_it.o
    0x08003878   0x00000010   Code   RO         3846    i.TIM2_IRQHandler   encoder.o
    0x08003888   0x00000014   Code   RO         3847    i.TIM4_IRQHandler   encoder.o
    0x0800389c   0x00000014   Code   RO         3848    i.TIM5_IRQHandler   encoder.o
    0x080038b0   0x00000058   Code   RO         3642    i.TIM7_IRQHandler   tim_hll.o
    0x08003908   0x000000c8   Code   RO          966    i.TIM_Base_SetConfig  stm32f4xx_hal_tim.o
    0x080039d0   0x00000004   Code   RO         5620    i.U8_Array_To_U16   math2.o
    0x080039d4   0x00000004   Code   RO          634    i.USART1_IRQHandler  stm32f4xx_it.o
    0x080039d8   0x00000002   Code   RO          635    i.USART3_IRQHandler  stm32f4xx_it.o
    0x080039da   0x00000004   Code   RO          636    i.USART6_IRQHandler  stm32f4xx_it.o
    0x080039de   0x00000002   PAD
    0x080039e0   0x0000008c   Code   RO         3722    i.USART6_RxIdleCallback  usart_hll.o
    0x08003a6c   0x0000001c   Code   RO         3723    i.USART_RxIdleCallback  usart_hll.o
    0x08003a88   0x00000002   Code   RO          637    i.UsageFault_Handler  stm32f4xx_it.o
    0x08003a8a   0x00000002   PAD
    0x08003a8c   0x0000003c   Code   RO         3724    i.Usart1_DMA_Reset  usart_hll.o
    0x08003ac8   0x0000003c   Code   RO         5470    i.Verify_CRC16_Check_Sum  crc_check.o
    0x08003b04   0x00000026   Code   RO         5471    i.Verify_CRC8_Check_Sum  crc_check.o
    0x08003b2a   0x000000f4   Code   RO         5143    i.Wasd_Key_To_Virtual_Rocker  remoter.o
    0x08003c1e   0x00000002   PAD
    0x08003c20   0x00000058   Code   RO         3904    i.base_init         centre.o
    0x08003c78   0x00000018   Code   RO         3725    i.fputc             usart_hll.o
    0x08003c90   0x0000006c   Code   RO           16    i.main              main.o
    0x08003cfc   0x00000088   Code   RO         4680    i.prvAddCurrentTaskToDelayedList  tasks.o
    0x08003d84   0x000000f0   Code   RO         4681    i.prvAddNewTaskToReadyList  tasks.o
    0x08003e74   0x0000006c   Code   RO         4333    i.prvCopyDataToQueue  queue.o
    0x08003ee0   0x00000014   Code   RO         4682    i.prvDeleteTCB      tasks.o
    0x08003ef4   0x0000004c   Code   RO         5004    i.prvHeapInit       heap_4.o
    0x08003f40   0x00000060   Code   RO         4683    i.prvIdleTask       tasks.o
    0x08003fa0   0x000000c8   Code   RO         4684    i.prvInitialiseNewTask  tasks.o
    0x08004068   0x0000004c   Code   RO         5005    i.prvInsertBlockIntoFreeList  heap_4.o
    0x080040b4   0x0000001c   Code   RO         4334    i.prvIsQueueEmpty   queue.o
    0x080040d0   0x00000098   Code   RO         4335    i.prvNotifyQueueSetContainer  queue.o
    0x08004168   0x0000001c   Code   RO         4685    i.prvResetNextTaskUnblockTime  tasks.o
    0x08004184   0x00000064   Code   RO         5061    i.prvTaskExitError  port.o
    0x080041e8   0x00000076   Code   RO         4336    i.prvUnlockQueue    queue.o
    0x0800425e   0x00000002   PAD
    0x08004260   0x00000124   Code   RO         5006    i.pvPortMalloc      heap_4.o
    0x08004384   0x00000018   Code   RO         4687    i.pvTaskIncrementMutexHeldCount  tasks.o
    0x0800439c   0x0000002c   Code   RO         5062    i.pxPortInitialiseStack  port.o
    0x080043c8   0x0000000e   Code   RO         3849    i.read_tim2_encoder  encoder.o
    0x080043d6   0x00000002   PAD
    0x080043d8   0x00000014   Code   RO         3850    i.read_tim4_encoder  encoder.o
    0x080043ec   0x00000014   Code   RO         3851    i.read_tim5_encoder  encoder.o
    0x08004400   0x00000018   Code   RO         3643    i.tim12_base_init   tim_hll.o
    0x08004418   0x0000003c   Code   RO         3644    i.tim3_base_init    tim_hll.o
    0x08004454   0x00000018   Code   RO         3645    i.tim7_base_init    tim_hll.o
    0x0800446c   0x00000040   Code   RO         3646    i.tim8_base_init    tim_hll.o
    0x080044ac   0x00000074   Code   RO         3647    i.timx_base_init    tim_hll.o
    0x08004520   0x00000088   Code   RO         3726    i.usart1_base_init  usart_hll.o
    0x080045a8   0x00000064   Code   RO         3727    i.usart6_base_init  usart_hll.o
    0x0800460c   0x00000026   Code   RO         4292    i.uxListRemove      list.o
    0x08004632   0x00000016   Code   RO         4293    i.vListInitialise   list.o
    0x08004648   0x00000006   Code   RO         4294    i.vListInitialiseItem  list.o
    0x0800464e   0x00000030   Code   RO         4295    i.vListInsert       list.o
    0x0800467e   0x00000018   Code   RO         4296    i.vListInsertEnd    list.o
    0x08004696   0x00000002   PAD
    0x08004698   0x00000078   Code   RO         5064    i.vPortEnterCritical  port.o
    0x08004710   0x00000064   Code   RO         5065    i.vPortExitCritical  port.o
    0x08004774   0x000000a0   Code   RO         5007    i.vPortFree         heap_4.o
    0x08004814   0x00000024   Code   RO         5066    i.vPortSetupTimerInterrupt  port.o
    0x08004838   0x0000008c   Code   RO         5067    i.vPortValidateInterruptPriority  port.o
    0x080048c4   0x0000006c   Code   RO         4694    i.vTaskDelay        tasks.o
    0x08004930   0x000000d4   Code   RO         4695    i.vTaskDelete       tasks.o
    0x08004a04   0x00000010   Code   RO         4698    i.vTaskInternalSetTimeOutState  tasks.o
    0x08004a14   0x0000000c   Code   RO         4699    i.vTaskMissedYield  tasks.o
    0x08004a20   0x00000054   Code   RO         4700    i.vTaskPlaceOnEventList  tasks.o
    0x08004a74   0x000000e4   Code   RO         4702    i.vTaskPriorityDisinheritAfterTimeout  tasks.o
    0x08004b58   0x00000088   Code   RO         4707    i.vTaskStartScheduler  tasks.o
    0x08004be0   0x00000010   Code   RO         4709    i.vTaskSuspendAll   tasks.o
    0x08004bf0   0x0000007c   Code   RO         4710    i.vTaskSwitchContext  tasks.o
    0x08004c6c   0x00000124   Code   RO         5068    i.xPortStartScheduler  port.o
    0x08004d90   0x0000007c   Code   RO         4346    i.xQueueGenericCreate  queue.o
    0x08004e0c   0x000000d0   Code   RO         4347    i.xQueueGenericReset  queue.o
    0x08004edc   0x000000d0   Code   RO         4350    i.xQueueGiveFromISR  queue.o
    0x08004fac   0x0000018c   Code   RO         4361    i.xQueueSemaphoreTake  queue.o
    0x08005138   0x00000098   Code   RO         4712    i.xTaskCheckForTimeOut  tasks.o
    0x080051d0   0x00000056   Code   RO         4713    i.xTaskCreate       tasks.o
    0x08005226   0x00000002   PAD
    0x08005228   0x00000194   Code   RO         4715    i.xTaskGenericNotifyFromISR  tasks.o
    0x080053bc   0x000000d8   Code   RO         4717    i.xTaskGenericNotifyWait  tasks.o
    0x08005494   0x0000001c   Code   RO         4719    i.xTaskGetSchedulerState  tasks.o
    0x080054b0   0x00000158   Code   RO         4722    i.xTaskIncrementTick  tasks.o
    0x08005608   0x000000d4   Code   RO         4723    i.xTaskPriorityDisinherit  tasks.o
    0x080056dc   0x000000b0   Code   RO         4724    i.xTaskPriorityInherit  tasks.o
    0x0800578c   0x000000fc   Code   RO         4725    i.xTaskRemoveFromEventList  tasks.o
    0x08005888   0x00000150   Code   RO         4726    i.xTaskResumeAll    tasks.o
    0x080059d8   0x0000000a   Code   RO         6127    x$fpl$fpinit        fz_wm.l(fpinit.o)
    0x080059e2   0x0000001c   Data   RO          404    .constdata          tim.o
    0x080059fe   0x00000008   Data   RO          530    .constdata          usart.o
    0x08005a06   0x00000010   Data   RO         3448    .constdata          system_stm32f4xx.o
    0x08005a16   0x00000008   Data   RO         3449    .constdata          system_stm32f4xx.o
    0x08005a1e   0x00000008   Data   RO         3729    .constdata          usart_hll.o
    0x08005a26   0x00000008   Data   RO         4069    .constdata          remoter_task.o
    0x08005a2e   0x00000300   Data   RO         5473    .constdata          crc_check.o
    0x08005d2e   0x00000004   Data   RO         5923    .constdata          c_w.l(sys_io.o)
    0x08005d32   0x00000004   Data   RO         5924    .constdata          c_w.l(sys_io.o)
    0x08005d36   0x00000004   Data   RO         5925    .constdata          c_w.l(sys_io.o)
    0x08005d3a   0x00000002   PAD
    0x08005d3c   0x00000020   Data   RO         6203    Region$$Table       anon$$obj.o


    Execution Region RW_IRAM2 (Base: 0x10000000, Size: 0x00000000, Max: 0x00010000, ABSOLUTE)

    **** No section assigned to this execution region ****


    Execution Region RW_IRAM1 (Base: 0x20000000, Size: 0x0000c588, Max: 0x00030000, ABSOLUTE)

    Base Addr    Size         Type   Attr      Idx    E Section Name        Object

    0x20000000   0x0000000c   Data   RW         3139    .data               stm32f4xx_hal.o
    0x2000000c   0x00000004   Data   RW         3450    .data               system_stm32f4xx.o
    0x20000010   0x00000018   Data   RW         3648    .data               tim_hll.o
    0x20000028   0x00000001   Data   RW         3731    .data               usart_hll.o
    0x20000029   0x00000003   PAD
    0x2000002c   0x0000000c   Data   RW         4023    .data               judge_task.o
    0x20000038   0x00000018   Data   RW         4070    .data               remoter_task.o
    0x20000050   0x00000004   Data   RW         4071    .data               remoter_task.o
    0x20000054   0x00000004   Data   RW         4133    .data               start_task.o
    0x20000058   0x00000040   Data   RW         4729    .data               tasks.o
    0x20000098   0x00000020   Data   RW         5013    .data               heap_4.o
    0x200000b8   0x0000000c   Data   RW         5069    .data               port.o
    0x200000c4   0x00000002   Data   RW         5474    .data               crc_check.o
    0x200000c6   0x00000002   PAD
    0x200000c8   0x00000004   Data   RW         5879    .data               c_w.l(stdio_streams.o)
    0x200000cc   0x00000004   Data   RW         5880    .data               c_w.l(stdio_streams.o)
    0x200000d0   0x00000004   Data   RW         5881    .data               c_w.l(stdio_streams.o)
    0x200000d4   0x00000040   Zero   RW          742    .bss                stm32f4xx_hal_timebase_tim.o
    0x20000114   0x000000a4   Zero   RW         3728    .bss                usart_hll.o
    0x200001b8   0x00000080   Zero   RW         3937    .bss                detect_task.o
    0x20000238   0x00000080   Zero   RW         4022    .bss                judge_task.o
    0x200002b8   0x0000003c   Zero   RW         4068    .bss                remoter_task.o
    0x200002f4   0x000002e4   Zero   RW         4728    .bss                tasks.o
    0x200005d8   0x0000b800   Zero   RW         5012    .bss                heap_4.o
    0x2000bdd8   0x00000020   Zero   RW         5224    .bss                can1_motor.o
    0x2000bdf8   0x00000032   Zero   RW         5307    .bss                judge_system.o
    0x2000be2a   0x00000002   PAD
    0x2000be2c   0x00000054   Zero   RW         5876    .bss                c_w.l(stdio_streams.o)
    0x2000be80   0x00000054   Zero   RW         5877    .bss                c_w.l(stdio_streams.o)
    0x2000bed4   0x00000054   Zero   RW         5878    .bss                c_w.l(stdio_streams.o)
    0x2000bf28   0x00000060   Zero   RW         6077    .bss                c_w.l(libspace.o)
    0x2000bf88   0x00000200   Zero   RW            2    HEAP                startup_stm32f427xx.o
    0x2000c188   0x00000400   Zero   RW            1    STACK               startup_stm32f427xx.o


==============================================================================

Image component sizes


      Code (inc. data)   RO Data    RW Data    ZI Data      Debug   Object Name

        20          6          0          0          0      25862   buzzer.o
       516         38          0          0          0       2388   can1_hll.o
        84          4          0          0         32       1538   can1_motor.o
       368         26          0          0          0       1322   can2_hll.o
       500        380          0          0          0       1064   centre.o
       170         16        768          2          0       3459   crc_check.o
         0          0          0          0          0       8152   croutine.o
        16          6          0          0        128       2061   detect_task.o
       196         10          0          0          0      28693   dma.o
       110         20          0          0          0      28670   encoder.o
         0          0          0          0          0      14620   event_groups.o
       240         22          0          0          0      48663   gpio.o
       604        134          0         32      47104       3979   heap_4.o
        48         28          0          0          0        515   init_task.o
       404         12          0          0         50       9410   judge_system.o
       112         18          0         12        128      14093   judge_task.o
       108         22          0          0          0       1486   led.o
       138          0          0          0          0       3174   list.o
         6          0          0          0          0        855   listen.o
       348         50          0          0          0     801240   main.o
        42          0          0          0          0       2189   math2.o
        24          0          0          0          0        843   motor.o
      1066        384          0         12          0      10893   port.o
        24          4          0          0          0       4822   power_output.o
        16          6          0          0          0        584   pump.o
      1342        190          0          0          0      10845   queue.o
       636          0          0          0          0       3942   remoter.o
       464         54          8         28         60      19604   remoter_task.o
       184        104          0          4          0        825   start_task.o
        64         26        428          0       1536        868   startup_stm32f427xx.o
        68          8          0         12          0       7812   stm32f4xx_hal.o
       154         14          0          0          0      29270   stm32f4xx_hal_cortex.o
        48          6          0          0          0        902   stm32f4xx_hal_msp.o
        96         22          0          0          0       1946   stm32f4xx_hal_rcc.o
       656         44          0          0          0       7328   stm32f4xx_hal_tim.o
         4          0          0          0          0       1669   stm32f4xx_hal_tim_ex.o
       116         16          0          0         64       1467   stm32f4xx_hal_timebase_tim.o
        36          6          0          0          0       5418   stm32f4xx_it.o
       310          0          0          0          0       6971   stm32f4xx_ll_gpio.o
       240         52          0          0          0      42355   stm32f4xx_ll_rcc.o
       714         54          0          0          0      33174   stm32f4xx_ll_tim.o
       360         32          0          0          0      15984   stm32f4xx_ll_usart.o
        42          6          0          0          0       8968   stm32f4xx_ll_utils.o
        28          6         24          4          0       1227   system_stm32f4xx.o
      3886        730          0         64        740      34456   tasks.o
      2208        106         28          0          0      44090   tim.o
       454         38          0         24          0      34907   tim_hll.o
      1040        102          8          0          0      37826   usart.o
       664        126          8          1        164      65222   usart_hll.o

    ----------------------------------------------------------------------
     19012       2928       1304        200      50008    1437651   Object Totals
         0          0         32          0          0          0   (incl. Generated)
        38          0          0          5          2          0   (incl. Padding)

    ----------------------------------------------------------------------

      Code (inc. data)   RO Data    RW Data    ZI Data      Debug   Library Member Name

         8          0          0          0          0         68   __main.o
       104          0          0          0          0         84   __printf.o
         0          0          0          0          0          0   __rtentry.o
        12          0          0          0          0          0   __rtentry2.o
         6          0          0          0          0          0   __rtentry4.o
        52          8          0          0          0          0   __scatter.o
        26          0          0          0          0          0   __scatter_copy.o
        28          0          0          0          0          0   __scatter_zi.o
        44          0          0          0          0        108   _printf_char.o
        48          6          0          0          0         96   _printf_char_common.o
        36          4          0          0          0         80   _printf_char_file.o
         6          0          0          0          0          0   _printf_d.o
       120         16          0          0          0         92   _printf_dec.o
       178          0          0          0          0         88   _printf_intcommon.o
         0          0          0          0          0          0   _printf_percent.o
         4          0          0          0          0          0   _printf_percent_end.o
         6          0          0          0          0          0   _printf_s.o
        82          0          0          0          0         80   _printf_str.o
        10          0          0          0          0         68   defsig_exit.o
        50          0          0          0          0         88   defsig_general.o
        80         58          0          0          0         76   defsig_rtmem_inner.o
        14          0          0          0          0         80   defsig_rtmem_outer.o
        52         38          0          0          0         76   defsig_rtred_inner.o
        14          0          0          0          0         80   defsig_rtred_outer.o
        12          0          0          0          0         72   exit.o
        76          0          0          0          0         88   fclose.o
         8          0          0          0          0         68   ferror.o
       236          4          0          0          0        128   fopen.o
       248          6          0          0          0         84   fseek.o
        66          0          0          0          0         76   ftell.o
        94          0          0          0          0         80   h1_alloc.o
        52          0          0          0          0         68   h1_extend.o
        78          0          0          0          0         80   h1_free.o
        14          0          0          0          0         84   h1_init.o
         6          0          0          0          0        152   heapauxi.o
         4          0          0          0          0        136   hguard.o
         0          0          0          0          0          0   indicate_semi.o
       138          0          0          0          0        168   init_alloc.o
       312         46          0          0          0        112   initio.o
         2          0          0          0          0          0   libinit.o
        18          0          0          0          0          0   libinit2.o
         2          0          0          0          0          0   libshutdown.o
         6          0          0          0          0          0   libshutdown2.o
         8          4          0          0         96         68   libspace.o
       238          0          0          0          0        100   lludivv7m.o
         0          0          0          0          0          0   maybetermalloc1.o
        24          4          0          0          0         84   noretval__2printf.o
         8          4          0          0          0         68   rt_errno_addr_intlibspace.o
         8          4          0          0          0         68   rt_heap_descriptor_intlibspace.o
        78          0          0          0          0         80   rt_memclr_w.o
       138          0          0          0          0         68   rt_memcpy_v6.o
       100          0          0          0          0         80   rt_memcpy_w.o
         2          0          0          0          0          0   rtexit.o
        10          0          0          0          0          0   rtexit2.o
        70          0          0          0          0         80   setvbuf.o
       240          6          0          0          0        156   stdio.o
         0          0          0         12        252          0   stdio_streams.o
        62          0          0          0          0         76   strlen.o
        12          4          0          0          0         68   sys_exit.o
       102          0         12          0          0        240   sys_io.o
        74          0          0          0          0         80   sys_stackheap_outer.o
        14          0          0          0          0         76   sys_wrch.o
         2          0          0          0          0         68   use_no_semi.o
        10          0          0          0          0        116   fpinit.o

    ----------------------------------------------------------------------
      3570        212         14         12        348       4136   Library Totals
        18          0          2          0          0          0   (incl. Padding)

    ----------------------------------------------------------------------

      Code (inc. data)   RO Data    RW Data    ZI Data      Debug   Library Name

      3542        212         12         12        348       4020   c_w.l
        10          0          0          0          0        116   fz_wm.l

    ----------------------------------------------------------------------
      3570        212         14         12        348       4136   Library Totals

    ----------------------------------------------------------------------

==============================================================================


      Code (inc. data)   RO Data    RW Data    ZI Data      Debug   

     22582       3140       1318        212      50356    1419255   Grand Totals
     22582       3140       1318        212      50356    1419255   ELF Image Totals
     22582       3140       1318        212          0          0   ROM Totals

==============================================================================

    Total RO  Size (Code + RO Data)                23900 (  23.34kB)
    Total RW  Size (RW Data + ZI Data)             50568 (  49.38kB)
    Total ROM Size (Code + RO Data + RW Data)      24112 (  23.55kB)

==============================================================================

